Component: ARM Compiler 5.05 update 1 (build 106) Tool: armlink [4d0efa]

==============================================================================

Section Cross References

    startup_stm32f103xe.o(RESET) refers to startup_stm32f103xe.o(STACK) for __initial_sp
    startup_stm32f103xe.o(RESET) refers to startup_stm32f103xe.o(.text) for Reset_Handler
    startup_stm32f103xe.o(RESET) refers to stm32f1xx_it.o(i.NMI_Handler) for NMI_Handler
    startup_stm32f103xe.o(RESET) refers to stm32f1xx_it.o(i.HardFault_Handler) for HardFault_Handler
    startup_stm32f103xe.o(RESET) refers to stm32f1xx_it.o(i.MemManage_Handler) for MemManage_Handler
    startup_stm32f103xe.o(RESET) refers to stm32f1xx_it.o(i.BusFault_Handler) for BusFault_Handler
    startup_stm32f103xe.o(RESET) refers to stm32f1xx_it.o(i.UsageFault_Handler) for UsageFault_Handler
    startup_stm32f103xe.o(RESET) refers to port_1.o(.emb_text) for SVC_Handler
    startup_stm32f103xe.o(RESET) refers to stm32f1xx_it.o(i.DebugMon_Handler) for DebugMon_Handler
    startup_stm32f103xe.o(RESET) refers to port_1.o(i.SysTick_Handler) for SysTick_Handler
    startup_stm32f103xe.o(RESET) refers to stm32f1xx_it.o(i.DMA1_Channel1_IRQHandler) for DMA1_Channel1_IRQHandler
    startup_stm32f103xe.o(RESET) refers to stm32f1xx_it.o(i.ADC1_2_IRQHandler) for ADC1_2_IRQHandler
    startup_stm32f103xe.o(RESET) refers to stm32f1xx_it.o(i.TIM1_UP_IRQHandler) for TIM1_UP_IRQHandler
    startup_stm32f103xe.o(RESET) refers to stm32f1xx_it.o(i.TIM4_IRQHandler) for TIM4_IRQHandler
    startup_stm32f103xe.o(RESET) refers to stm32f1xx_it.o(i.USART2_IRQHandler) for USART2_IRQHandler
    startup_stm32f103xe.o(RESET) refers to stm32f1xx_it.o(i.USART3_IRQHandler) for USART3_IRQHandler
    startup_stm32f103xe.o(RESET) refers to stm32f1xx_it.o(i.TIM5_IRQHandler) for TIM5_IRQHandler
    startup_stm32f103xe.o(.text) refers to system_stm32f1xx.o(i.SystemInit) for SystemInit
    startup_stm32f103xe.o(.text) refers to entry.o(.ARM.Collect$$$$00000000) for __main
    main.o(i.HAL_TIM_PeriodElapsedCallback) refers to stm32f1xx_hal.o(i.HAL_IncTick) for HAL_IncTick
    main.o(i.SystemClock_Config) refers to memseta.o(.text) for __aeabi_memclr4
    main.o(i.SystemClock_Config) refers to stm32f1xx_hal_rcc.o(i.HAL_RCC_OscConfig) for HAL_RCC_OscConfig
    main.o(i.SystemClock_Config) refers to stm32f1xx_hal_rcc.o(i.HAL_RCC_ClockConfig) for HAL_RCC_ClockConfig
    main.o(i.SystemClock_Config) refers to stm32f1xx_hal_rcc_ex.o(i.HAL_RCCEx_PeriphCLKConfig) for HAL_RCCEx_PeriphCLKConfig
    main.o(i.main) refers to stm32f1xx_hal.o(i.HAL_Init) for HAL_Init
    main.o(i.main) refers to main.o(i.SystemClock_Config) for SystemClock_Config
    main.o(i.main) refers to gpio.o(i.MX_GPIO_Init) for MX_GPIO_Init
    main.o(i.main) refers to dma.o(i.MX_DMA_Init) for MX_DMA_Init
    main.o(i.main) refers to adc.o(i.MX_ADC1_Init) for MX_ADC1_Init
    main.o(i.main) refers to rtc.o(i.MX_RTC_Init) for MX_RTC_Init
    main.o(i.main) refers to usart.o(i.MX_USART2_UART_Init) for MX_USART2_UART_Init
    main.o(i.main) refers to tim.o(i.MX_TIM5_Init) for MX_TIM5_Init
    main.o(i.main) refers to spi.o(i.MX_SPI2_Init) for MX_SPI2_Init
    main.o(i.main) refers to tim.o(i.MX_TIM3_Init) for MX_TIM3_Init
    main.o(i.main) refers to stm32f1xx_hal_cortex.o(i.HAL_NVIC_SetPriority) for HAL_NVIC_SetPriority
    main.o(i.main) refers to stm32f1xx_hal_cortex.o(i.HAL_NVIC_EnableIRQ) for HAL_NVIC_EnableIRQ
    main.o(i.main) refers to eerpom.o(i.ee_CheckOk) for ee_CheckOk
    main.o(i.main) refers to stm32f1xx_hal.o(i.HAL_Delay) for HAL_Delay
    main.o(i.main) refers to paratask.o(i.ParLoad) for ParLoad
    main.o(i.main) refers to stm32f1xx_hal_uart.o(i.HAL_UART_Receive_IT) for HAL_UART_Receive_IT
    main.o(i.main) refers to cmsis_os2.o(i.osKernelInitialize) for osKernelInitialize
    main.o(i.main) refers to freertos.o(i.MX_FREERTOS_Init) for MX_FREERTOS_Init
    main.o(i.main) refers to cmsis_os2.o(i.osKernelStart) for osKernelStart
    main.o(i.main) refers to printfa.o(i.__0printf) for __2printf
    main.o(i.main) refers to usart.o(.bss) for huart2
    main.o(i.main) refers to port.o(.bss) for ParReceive
    gpio.o(i.MX_GPIO_Init) refers to stm32f1xx_hal_gpio.o(i.HAL_GPIO_WritePin) for HAL_GPIO_WritePin
    gpio.o(i.MX_GPIO_Init) refers to stm32f1xx_hal_gpio.o(i.HAL_GPIO_Init) for HAL_GPIO_Init
    freertos.o(i.ADC_Callback) refers to tasks.o(i.uxTaskGetStackHighWaterMark) for uxTaskGetStackHighWaterMark
    freertos.o(i.ADC_Callback) refers to freertos.o(.data) for .data
    freertos.o(i.APPTask) refers to cmsis_os2.o(i.osDelay) for osDelay
    freertos.o(i.CheckInTask) refers to cmsis_os2.o(i.osDelay) for osDelay
    freertos.o(i.MX_FREERTOS_Init) refers to cmsis_os2.o(i.osTimerNew) for osTimerNew
    freertos.o(i.MX_FREERTOS_Init) refers to cmsis_os2.o(i.osTimerStart) for osTimerStart
    freertos.o(i.MX_FREERTOS_Init) refers to printfa.o(i.__0printf) for __2printf
[...]
    __decompress1                            0x08000ae9   Thumb Code    86  __dczerorl2.o(.text)
    ADC1_2_IRQHandler                        0x08000b41   Thumb Code     6  stm32f1xx_it.o(i.ADC1_2_IRQHandler)
    ADCSample                                0x08000b4d   Thumb Code    64  appmange.o(i.ADCSample)
    ADC_Callback                             0x08000b91   Thumb Code    44  freertos.o(i.ADC_Callback)
    ADC_ConversionStop_Disable               0x08000bc1   Thumb Code    84  stm32f1xx_hal_adc.o(i.ADC_ConversionStop_Disable)
    ADC_DMAConvCplt                          0x08000c15   Thumb Code    78  stm32f1xx_hal_adc.o(i.ADC_DMAConvCplt)
    ADC_DMAError                             0x08000c63   Thumb Code    26  stm32f1xx_hal_adc.o(i.ADC_DMAError)
    ADC_DMAHalfConvCplt                      0x08000c7d   Thumb Code    10  stm32f1xx_hal_adc.o(i.ADC_DMAHalfConvCplt)
    ADC_Enable                               0x08000c89   Thumb Code   112  stm32f1xx_hal_adc.o(i.ADC_Enable)
    APPTask                                  0x08000db9   Thumb Code    92  appmange.o(i.APPTask)
    BusFault_Handler                         0x08000e25   Thumb Code     2  stm32f1xx_it.o(i.BusFault_Handler)
    CheckInTask                              0x08000e29   Thumb Code    36  flow.o(i.CheckInTask)
    Control                                  0x08000e51   Thumb Code   278  appmange.o(i.Control)
    DMA1_Channel1_IRQHandler                 0x080011dd   Thumb Code     6  stm32f1xx_it.o(i.DMA1_Channel1_IRQHandler)
    DebugMon_Handler                         0x080012b1   Thumb Code     2  stm32f1xx_it.o(i.DebugMon_Handler)
    Error_Handler                            0x080012b3   Thumb Code     4  main.o(i.Error_Handler)
    HAL_ADCEx_InjectedConvCpltCallback       0x080012b7   Thumb Code     2  stm32f1xx_hal_adc_ex.o(i.HAL_ADCEx_InjectedConvCpltCallback)
    HAL_ADC_ConfigChannel                    0x080012b9   Thumb Code   240  stm32f1xx_hal_adc.o(i.HAL_ADC_ConfigChannel)
    HAL_ADC_ConvCpltCallback                 0x080013b5   Thumb Code     2  stm32f1xx_hal_adc.o(i.HAL_ADC_ConvCpltCallback)
    HAL_ADC_ConvHalfCpltCallback             0x080013b7   Thumb Code     2  stm32f1xx_hal_adc.o(i.HAL_ADC_ConvHalfCpltCallback)
    HAL_ADC_ErrorCallback                    0x080013b9   Thumb Code     2  stm32f1xx_hal_adc.o(i.HAL_ADC_ErrorCallback)
    HAL_ADC_IRQHandler                       0x080013bb   Thumb Code   220  stm32f1xx_hal_adc.o(i.HAL_ADC_IRQHandler)
    HAL_ADC_Init                             0x08001499   Thumb Code   274  stm32f1xx_hal_adc.o(i.HAL_ADC_Init)
    HAL_ADC_LevelOutOfWindowCallback         0x080015bd   Thumb Code     2  stm32f1xx_hal_adc.o(i.HAL_ADC_LevelOutOfWindowCallback)
    HAL_ADC_MspInit                          0x080015c1   Thumb Code   122  adc.o(i.HAL_ADC_MspInit)
    HAL_ADC_Start_DMA                        0x08001651   Thumb Code   246  stm32f1xx_hal_adc.o(i.HAL_ADC_Start_DMA)
    HAL_DMA_Abort                            0x0800175d   Thumb Code    70  stm32f1xx_hal_dma.o(i.HAL_DMA_Abort)
    HAL_DMA_Abort_IT                         0x080017a5   Thumb Code   296  stm32f1xx_hal_dma.o(i.HAL_DMA_Abort_IT)
    HAL_DMA_IRQHandler                       0x080018d5   Thumb Code   552  stm32f1xx_hal_dma.o(i.HAL_DMA_IRQHandler)
    HAL_DMA_Init                             0x08001b1d   Thumb Code   112  stm32f1xx_hal_dma.o(i.HAL_DMA_Init)
    HAL_DMA_Start_IT                         0x08001b99   Thumb Code   112  stm32f1xx_hal_dma.o(i.HAL_DMA_Start_IT)
    HAL_Delay                                0x08001c09   Thumb Code    32  stm32f1xx_hal.o(i.HAL_Delay)
    HAL_GPIO_Init                            0x08001c2d   Thumb Code   454  stm32f1xx_hal_gpio.o(i.HAL_GPIO_Init)
    HAL_GPIO_ReadPin                         0x08001e1d   Thumb Code    10  stm32f1xx_hal_gpio.o(i.HAL_GPIO_ReadPin)
    HAL_GPIO_WritePin                        0x08001e27   Thumb Code    10  stm32f1xx_hal_gpio.o(i.HAL_GPIO_WritePin)
    HAL_GetTick                              0x08001e31   Thumb Code     6  stm32f1xx_hal.o(i.HAL_GetTick)
    HAL_IncTick                              0x08001e3d   Thumb Code    12  stm32f1xx_hal.o(i.HAL_IncTick)
    HAL_Init                                 0x08001e4d   Thumb Code    32  stm32f1xx_hal.o(i.HAL_Init)
    HAL_InitTick                             0x08001e71   Thumb Code    98  stm32f1xx_hal_timebase_tim.o(i.HAL_InitTick)
    HAL_MspInit                              0x08001ee5   Thumb Code    62  stm32f1xx_hal_msp.o(i.HAL_MspInit)
    HAL_NVIC_EnableIRQ                       0x08001f2d   Thumb Code    26  stm32f1xx_hal_cortex.o(i.HAL_NVIC_EnableIRQ)
    HAL_NVIC_SetPriority                     0x08001f49   Thumb Code    60  stm32f1xx_hal_cortex.o(i.HAL_NVIC_SetPriority)
    HAL_NVIC_SetPriorityGrouping             0x08001f89   Thumb Code    26  stm32f1xx_hal_cortex.o(i.HAL_NVIC_SetPriorityGrouping)
    HAL_PWR_EnableBkUpAccess                 0x08001fad   Thumb Code     8  stm32f1xx_hal_pwr.o(i.HAL_PWR_EnableBkUpAccess)
    HAL_RCCEx_GetPeriphCLKFreq               0x08001fb9   Thumb Code   166  stm32f1xx_hal_rcc_ex.o(i.HAL_RCCEx_GetPeriphCLKFreq)
    HAL_RCCEx_PeriphCLKConfig                0x08002071   Thumb Code   220  stm32f1xx_hal_rcc_ex.o(i.HAL_RCCEx_PeriphCLKConfig)
    HAL_RCC_ClockConfig                      0x08002159   Thumb Code   292  stm32f1xx_hal_rcc.o(i.HAL_RCC_ClockConfig)
    HAL_RCC_GetClockConfig                   0x08002291   Thumb Code    54  stm32f1xx_hal_rcc.o(i.HAL_RCC_GetClockConfig)
    HAL_RCC_GetPCLK1Freq                     0x080022d1   Thumb Code    20  stm32f1xx_hal_rcc.o(i.HAL_RCC_GetPCLK1Freq)
    HAL_RCC_GetPCLK2Freq                     0x080022f1   Thumb Code    20  stm32f1xx_hal_rcc.o(i.HAL_RCC_GetPCLK2Freq)
    HAL_RCC_GetSysClockFreq                  0x08002311   Thumb Code    58  stm32f1xx_hal_rcc.o(i.HAL_RCC_GetSysClockFreq)
    HAL_RCC_OscConfig                        0x0800235d   Thumb Code   770  stm32f1xx_hal_rcc.o(i.HAL_RCC_OscConfig)
    HAL_RTC_GetDate                          0x08002675   Thumb Code    78  stm32f1xx_hal_rtc.o(i.HAL_RTC_GetDate)
    HAL_RTC_GetTime                          0x080026c3   Thumb Code   216  stm32f1xx_hal_rtc.o(i.HAL_RTC_GetTime)
    HAL_RTC_Init                             0x0800279d   Thumb Code   144  stm32f1xx_hal_rtc.o(i.HAL_RTC_Init)
    HAL_RTC_MspInit                          0x08002831   Thumb Code    40  rtc.o(i.HAL_RTC_MspInit)
    HAL_RTC_SetDate                          0x08002865   Thumb Code   192  stm32f1xx_hal_rtc.o(i.HAL_RTC_SetDate)
    HAL_RTC_SetTime                          0x08002929   Thumb Code   170  stm32f1xx_hal_rtc.o(i.HAL_RTC_SetTime)
    HAL_RTC_WaitForSynchro                   0x080029d9   Thumb Code    58  stm32f1xx_hal_rtc.o(i.HAL_RTC_WaitForSynchro)
    HAL_SPI_Init                             0x08002a13   Thumb Code   178  stm32f1xx_hal_spi.o(i.HAL_SPI_Init)
    HAL_SPI_MspInit                          0x08002ac5   Thumb Code   102  spi.o(i.HAL_SPI_MspInit)
    HAL_SPI_Receive                          0x08002b39   Thumb Code   332  stm32f1xx_hal_spi.o(i.HAL_SPI_Receive)
    HAL_SPI_Transmit                         0x08002c85   Thumb Code   362  stm32f1xx_hal_spi.o(i.HAL_SPI_Transmit)
    HAL_SPI_TransmitReceive                  0x08002def   Thumb Code   488  stm32f1xx_hal_spi.o(i.HAL_SPI_TransmitReceive)
    HAL_TIMEx_BreakCallback                  0x08002fd7   Thumb Code     2  stm32f1xx_hal_tim_ex.o(i.HAL_TIMEx_BreakCallback)
    HAL_TIMEx_CommutCallback                 0x08002fd9   Thumb Code     2  stm32f1xx_hal_tim_ex.o(i.HAL_TIMEx_CommutCallback)
    HAL_TIMEx_MasterConfigSynchronization    0x08002fdd   Thumb Code   104  stm32f1xx_hal_tim_ex.o(i.HAL_TIMEx_MasterConfigSynchronization)
    HAL_TIM_Base_Init                        0x08003059   Thumb Code    90  stm32f1xx_hal_tim.o(i.HAL_TIM_Base_Init)
    HAL_TIM_Base_MspInit                     0x080030b5   Thumb Code   136  tim.o(i.HAL_TIM_Base_MspInit)
    HAL_TIM_Base_Start_IT                    0x08003151   Thumb Code    88  stm32f1xx_hal_tim.o(i.HAL_TIM_Base_Start_IT)
    HAL_TIM_ConfigClockSource                0x080031bd   Thumb Code   220  stm32f1xx_hal_tim.o(i.HAL_TIM_ConfigClockSource)
    HAL_TIM_IC_CaptureCallback               0x08003299   Thumb Code     2  stm32f1xx_hal_tim.o(i.HAL_TIM_IC_CaptureCallback)
    HAL_TIM_IRQHandler                       0x0800329b   Thumb Code   358  stm32f1xx_hal_tim.o(i.HAL_TIM_IRQHandler)
    HAL_TIM_MspPostInit                      0x08003401   Thumb Code    62  tim.o(i.HAL_TIM_MspPostInit)
    HAL_TIM_OC_DelayElapsedCallback          0x0800344d   Thumb Code     2  stm32f1xx_hal_tim.o(i.HAL_TIM_OC_DelayElapsedCallback)
    HAL_TIM_PWM_ConfigChannel                0x0800344f   Thumb Code   204  stm32f1xx_hal_tim.o(i.HAL_TIM_PWM_ConfigChannel)
    HAL_TIM_PWM_Init                         0x0800351b   Thumb Code    90  stm32f1xx_hal_tim.o(i.HAL_TIM_PWM_Init)
    HAL_TIM_PWM_MspInit                      0x08003575   Thumb Code     2  stm32f1xx_hal_tim.o(i.HAL_TIM_PWM_MspInit)
    HAL_TIM_PWM_PulseFinishedCallback        0x08003577   Thumb Code     2  stm32f1xx_hal_tim.o(i.HAL_TIM_PWM_PulseFinishedCallback)
    HAL_TIM_PeriodElapsedCallback            0x08003579   Thumb Code    14  main.o(i.HAL_TIM_PeriodElapsedCallback)
    HAL_TIM_SlaveConfigSynchro               0x0800358d   Thumb Code    82  stm32f1xx_hal_tim.o(i.HAL_TIM_SlaveConfigSynchro)
    HAL_TIM_TriggerCallback                  0x080035df   Thumb Code     2  stm32f1xx_hal_tim.o(i.HAL_TIM_TriggerCallback)
    HAL_UARTEx_RxEventCallback               0x080035e1   Thumb Code     2  stm32f1xx_hal_uart.o(i.HAL_UARTEx_RxEventCallback)
    HAL_UART_ErrorCallback                   0x080035e5   Thumb Code    14  stm32f1xx_it.o(i.HAL_UART_ErrorCallback)
    HAL_UART_GetState                        0x080035f9   Thumb Code    10  stm32f1xx_hal_uart.o(i.HAL_UART_GetState)
    HAL_UART_IRQHandler                      0x08003605   Thumb Code   616  stm32f1xx_hal_uart.o(i.HAL_UART_IRQHandler)
    HAL_UART_Init                            0x08003871   Thumb Code   100  stm32f1xx_hal_uart.o(i.HAL_UART_Init)
    HAL_UART_MspInit                         0x080038d5   Thumb Code   198  usart.o(i.HAL_UART_MspInit)
    HAL_UART_Receive_IT                      0x080039b1   Thumb Code    28  stm32f1xx_hal_uart.o(i.HAL_UART_Receive_IT)
    HAL_UART_RxCpltCallback                  0x080039cd   Thumb Code    34  usart.o(i.HAL_UART_RxCpltCallback)
    HAL_UART_Transmit                        0x080039f9   Thumb Code   154  stm32f1xx_hal_uart.o(i.HAL_UART_Transmit)
    HAL_UART_TxCpltCallback                  0x08003a93   Thumb Code     2  stm32f1xx_hal_uart.o(i.HAL_UART_TxCpltCallback)
    HardFault_Handler                        0x08003a95   Thumb Code     2  stm32f1xx_it.o(i.HardFault_Handler)
    Hum_Hea_State                            0x08003a99   Thumb Code    18  contrl.o(i.Hum_Hea_State)
    HumiParaUpdata                           0x08003ac9   Thumb Code    80  appmange.o(i.HumiParaUpdata)
    I2C_EE_BufferWrite                       0x08003b19   Thumb Code   136  eerpom.o(i.I2C_EE_BufferWrite)
    MX_ADC1_Init                             0x08003ba1   Thumb Code   132  adc.o(i.MX_ADC1_Init)
    MX_DMA_Init                              0x08003c2d   Thumb Code    22  dma.o(i.MX_DMA_Init)
    MX_FREERTOS_Init                         0x08003c49   Thumb Code   148  freertos.o(i.MX_FREERTOS_Init)
    MX_GPIO_Init                             0x08003d21   Thumb Code   290  gpio.o(i.MX_GPIO_Init)
    MX_RTC_Init                              0x08003e5d   Thumb Code    96  rtc.o(i.MX_RTC_Init)
    MX_SPI2_Init                             0x08003ec5   Thumb Code    64  spi.o(i.MX_SPI2_Init)
    MX_TIM3_Init                             0x08003f0d   Thumb Code   154  tim.o(i.MX_TIM3_Init)
    MX_TIM5_Init                             0x08003fb1   Thumb Code   100  tim.o(i.MX_TIM5_Init)
    MX_USART2_UART_Init                      0x0800401d   Thumb Code    48  usart.o(i.MX_USART2_UART_Init)
    MemManage_Handler                        0x08004055   Thumb Code     2  stm32f1xx_it.o(i.MemManage_Handler)
    NMI_Handler                              0x08004057   Thumb Code     2  stm32f1xx_it.o(i.NMI_Handler)
    ParCheck                                 0x080042ed   Thumb Code    40  paratask.o(i.ParCheck)
    ParLoad                                  0x08004319   Thumb Code   172  paratask.o(i.ParLoad)
    ParSaveCheck                             0x080044ad   Thumb Code    92  paratask.o(i.ParSaveCheck)
    ParaTask                                 0x08004515   Thumb Code    28  paratask.o(i.ParaTask)
    ProgramemodeTask                         0x08004535   Thumb Code   110  contrl.o(i.ProgramemodeTask)
    RegHoldRead                              0x080047d1   Thumb Code   278  port.o(i.RegHoldRead)
    RegHoldWrite                             0x080048fd   Thumb Code    66  port.o(i.RegHoldWrite)
    RtcTask                                  0x0800494d   Thumb Code    32  freertos.o(i.RtcTask)
    SPI2_ReadWriteByte                       0x08004979   Thumb Code    28  spi.o(i.SPI2_ReadWriteByte)
    StartDefaultTask                         0x08004acd   Thumb Code     8  freertos.o(i.StartDefaultTask)
    SysParInit                               0x08004ad5   Thumb Code    50  paratask.o(i.SysParInit)
    SysTick_Handler                          0x08004b11   Thumb Code    38  port_1.o(i.SysTick_Handler)
    SystemClock_Config                       0x08004b3d   Thumb Code   134  main.o(i.SystemClock_Config)
    SystemInit                               0x08004bc3   Thumb Code     2  system_stm32f1xx.o(i.SystemInit)
    TIM1_UP_IRQHandler                       0x08004bc5   Thumb Code     6  stm32f1xx_it.o(i.TIM1_UP_IRQHandler)
    TIM4_IRQHandler                          0x08004bd1   Thumb Code    40  stm32f1xx_it.o(i.TIM4_IRQHandler)
    TIM5_IRQHandler                          0x08004bfd   Thumb Code   130  stm32f1xx_it.o(i.TIM5_IRQHandler)
    TIM_Base_SetConfig                       0x08004c95   Thumb Code   120  stm32f1xx_hal_tim.o(i.TIM_Base_SetConfig)
    TIM_ETR_SetConfig                        0x08004d21   Thumb Code    20  stm32f1xx_hal_tim.o(i.TIM_ETR_SetConfig)
    TIM_OC2_SetConfig                        0x08004da5   Thumb Code    98  stm32f1xx_hal_tim.o(i.TIM_OC2_SetConfig)
    TempParaUpdata                           0x08004f9b   Thumb Code    92  appmange.o(i.TempParaUpdata)
    Temp_Hea_State                           0x08004ff9   Thumb Code    18  contrl.o(i.Temp_Hea_State)
    UART_Start_Receive_IT                    0x08005219   Thumb Code    54  stm32f1xx_hal_uart.o(i.UART_Start_Receive_IT)
    USART2_IRQHandler                        0x080052c5   Thumb Code     6  stm32f1xx_it.o(i.USART2_IRQHandler)
    USART3_IRQHandler                        0x080052d1   Thumb Code    52  stm32f1xx_it.o(i.USART3_IRQHandler)
    UsageFault_Handler                       0x08005309   Thumb Code     2  stm32f1xx_it.o(i.UsageFault_Handler)
    W25Qxx_Erase_Sector                      0x0800530d   Thumb Code    92  w25qxx.o(i.W25Qxx_Erase_Sector)
    W25Qxx_Read                              0x08005371   Thumb Code   100  w25qxx.o(i.W25Qxx_Read)
    W25Qxx_Wait_Busy                         0x080053dd   Thumb Code    60  w25qxx.o(i.W25Qxx_Wait_Busy)
    W25Qxx_Write_Enable                      0x0800541d   Thumb Code    54  w25qxx.o(i.W25Qxx_Write_Enable)
    W25Qxx_Write_Page                        0x08005459   Thumb Code   102  w25qxx.o(i.W25Qxx_Write_Page)
    __0printf                                0x080054c9   Thumb Code    22  printfa.o(i.__0printf)
    __1printf                                0x080054c9   Thumb Code     0  printfa.o(i.__0printf)
    __2printf                                0x080054c9   Thumb Code     0  printfa.o(i.__0printf)
    __c89printf                              0x080054c9   Thumb Code     0  printfa.o(i.__0printf)
    printf                                   0x080054c9   Thumb Code     0  printfa.o(i.__0printf)
    __scatterload_copy                       0x08005509   Thumb Code    14  handlers.o(i.__scatterload_copy)
    __scatterload_null                       0x08005517   Thumb Code     2  handlers.o(i.__scatterload_null)
    __scatterload_zeroinit                   0x08005519   Thumb Code    14  handlers.o(i.__scatterload_zeroinit)
    eMBEnable                                0x08005dbd   Thumb Code    28  mb.o(i.eMBEnable)
    eMBFuncReadCoils                         0x08005ddd   Thumb Code   114  mbfunccoils.o(i.eMBFuncReadCoils)
    eMBFuncReadDiscreteInputs                0x08005e4f   Thumb Code   114  mbfuncdisc.o(i.eMBFuncReadDiscreteInputs)
    eMBFuncReadHoldingRegister               0x08005ec1   Thumb Code    94  mbfuncholding.o(i.eMBFuncReadHoldingRegister)
    eMBFuncReadInputRegister                 0x08005f1f   Thumb Code    98  mbfuncinput.o(i.eMBFuncReadInputRegister)
    eMBFuncReadWriteMultipleHoldingRegister  0x08005f81   Thumb Code   156  mbfuncholding.o(i.eMBFuncReadWriteMultipleHoldingRegister)
    eMBFuncReportSlaveID                     0x0800601d   Thumb Code    26  mbfuncother.o(i.eMBFuncReportSlaveID)
    eMBFuncWriteCoil                         0x08006041   Thumb Code    86  mbfunccoils.o(i.eMBFuncWriteCoil)
    eMBFuncWriteHoldingRegister              0x08006099   Thumb Code    54  mbfuncholding.o(i.eMBFuncWriteHoldingRegister)
    eMBFuncWriteMultipleCoils                0x080060d5   Thumb Code   100  mbfunccoils.o(i.eMBFuncWriteMultipleCoils)
    eMBFuncWriteMultipleHoldingRegister      0x08006139   Thumb Code    78  mbfuncholding.o(i.eMBFuncWriteMultipleHoldingRegister)
    eMBInit                                  0x08006189   Thumb Code    96  mb.o(i.eMBInit)
    eMBPoll                                  0x08006209   Thumb Code   174  mb.o(i.eMBPoll)
    eMBRTUInit                               0x080062bd   Thumb Code    68  mbrtu.o(i.eMBRTUInit)
    eMBRTUReceive                            0x08006305   Thumb Code    82  mbrtu.o(i.eMBRTUReceive)
    eMBRTUSend                               0x08006361   Thumb Code    94  mbrtu.o(i.eMBRTUSend)
    eMBRTUStart                              0x080063c9   Thumb Code    32  mbrtu.o(i.eMBRTUStart)
    eMBRTUStop                               0x080063ed   Thumb Code    28  mbrtu.o(i.eMBRTUStop)
    eMBRegCoilsCB                            0x08006409   Thumb Code     4  port.o(i.eMBRegCoilsCB)
    eMBRegDiscreteCB                         0x0800640d   Thumb Code     4  port.o(i.eMBRegDiscreteCB)
    eMBRegHoldingCB                          0x08006411   Thumb Code   106  port.o(i.eMBRegHoldingCB)
    eMBRegInputCB                            0x08006481   Thumb Code    60  port.o(i.eMBRegInputCB)
    ee_CheckOk                               0x080064c1   Thumb Code    22  eerpom.o(i.ee_CheckOk)
    ee_ReadBytes                             0x080064d7   Thumb Code   118  eerpom.o(i.ee_ReadBytes)
    ee_WriteBytes                            0x0800654d   Thumb Code   126  eerpom.o(i.ee_WriteBytes)
    fputc                                    0x080065cd   Thumb Code    20  usart.o(i.fputc)
    i2c_Ack                                  0x080065e5   Thumb Code    34  iic.o(i.i2c_Ack)
    i2c_CfgGpio                              0x0800660d   Thumb Code    88  iic.o(i.i2c_CfgGpio)
    i2c_CheckDevice                          0x0800666d   Thumb Code    32  iic.o(i.i2c_CheckDevice)
    i2c_Delay                                0x0800668d   Thumb Code    12  iic.o(i.i2c_Delay)
    i2c_NAck                                 0x08006699   Thumb Code    34  iic.o(i.i2c_NAck)
    i2c_ReadByte                             0x080066c1   Thumb Code    54  iic.o(i.i2c_ReadByte)
    i2c_SendByte                             0x080066fd   Thumb Code    60  iic.o(i.i2c_SendByte)
    i2c_Start                                0x0800673d   Thumb Code    40  iic.o(i.i2c_Start)
    i2c_Stop                                 0x08006769   Thumb Code    28  iic.o(i.i2c_Stop)
    i2c_WaitAck                              0x08006789   Thumb Code    54  iic.o(i.i2c_WaitAck)
    main                                     0x080067c5   Thumb Code   192  main.o(i.main)
    mbTask                                   0x0800689d   Thumb Code    56  freertos.o(i.mbTask)
    my_mem_free                              0x08006901   Thumb Code    78  malloc.o(i.my_mem_free)
    my_mem_init                              0x08006959   Thumb Code    50  malloc.o(i.my_mem_init)
    my_mem_malloc                            0x08006995   Thumb Code   130  malloc.o(i.my_mem_malloc)
    my_mem_perused                           0x08006a21   Thumb Code    48  malloc.o(i.my_mem_perused)
    myfree                                   0x08006a59   Thumb Code    50  malloc.o(i.myfree)
    mymalloc                                 0x08006a91   Thumb Code    28  malloc.o(i.mymalloc)
    mymemset                                 0x08006ab1   Thumb Code    12  malloc.o(i.mymemset)
    osDelay                                  0x08006abd   Thumb Code    46  cmsis_os2.o(i.osDelay)
    osKernelInitialize                       0x08006af1   Thumb Code    50  cmsis_os2.o(i.osKernelInitialize)
    osKernelStart                            0x08006b29   Thumb Code    58  cmsis_os2.o(i.osKernelStart)
    osMessageQueueNew                        0x08006b69   Thumb Code   110  cmsis_os2.o(i.osMessageQueueNew)
    osMutexAcquire                           0x08006bdd   Thumb Code   104  cmsis_os2.o(i.osMutexAcquire)
    osMutexRelease                           0x08006c49   Thumb Code    88  cmsis_os2.o(i.osMutexRelease)
    osThreadNew                              0x08006ca5   Thumb Code   158  cmsis_os2.o(i.osThreadNew)
    osTimerNew                               0x08006d49   Thumb Code   124  cmsis_os2.o(i.osTimerNew)
    osTimerStart                             0x08006dcd   Thumb Code    70  cmsis_os2.o(i.osTimerStart)
    prveMBError2Exception                    0x080075af   Thumb Code    24  mbutils.o(i.prveMBError2Exception)
    prvvTIMERExpiredISR                      0x080075c9   Thumb Code     6  porttimer.o(i.prvvTIMERExpiredISR)
    prvvUARTRxISR                            0x080075d5   Thumb Code     6  portserial.o(i.prvvUARTRxISR)
    prvvUARTTxReadyISR                       0x080075e1   Thumb Code     6  portserial.o(i.prvvUARTTxReadyISR)
    pvPortMalloc                             0x080075ed   Thumb Code   210  heap_4.o(i.pvPortMalloc)
    pvTaskIncrementMutexHeldCount            0x080076c5   Thumb Code    18  tasks.o(i.pvTaskIncrementMutexHeldCount)
    pvTimerGetTimerID                        0x080076dd   Thumb Code    36  timers.o(i.pvTimerGetTimerID)
    pxPortInitialiseStack                    0x08007701   Thumb Code    32  port_1.o(i.pxPortInitialiseStack)
    usMBCRC16                                0x08007725   Thumb Code    38  mbcrc.o(i.usMBCRC16)
    uxListRemove                             0x08007751   Thumb Code    38  list.o(i.uxListRemove)
    uxTaskGetStackHighWaterMark              0x08007779   Thumb Code    12  tasks.o(i.uxTaskGetStackHighWaterMark)
    vApplicationGetIdleTaskMemory            0x08007789   Thumb Code    16  cmsis_os2.o(i.vApplicationGetIdleTaskMemory)
    vApplicationGetTimerTaskMemory           0x0800779d   Thumb Code    16  cmsis_os2.o(i.vApplicationGetTimerTaskMemory)
    vListInitialise                          0x080077b1   Thumb Code    22  list.o(i.vListInitialise)
    vListInitialiseItem                      0x080077c7   Thumb Code     6  list.o(i.vListInitialiseItem)
    vListInsert                              0x080077cd   Thumb Code    48  list.o(i.vListInsert)
    vListInsertEnd                           0x080077fd   Thumb Code    24  list.o(i.vListInsertEnd)
    vMBPortSerialEnable                      0x08007815   Thumb Code    44  portserial.o(i.vMBPortSerialEnable)
    vMBPortTimersDisable                     0x08007845   Thumb Code    56  porttimer.o(i.vMBPortTimersDisable)
    vMBPortTimersEnable                      0x08007881   Thumb Code    38  porttimer.o(i.vMBPortTimersEnable)
    vPortEnterCritical                       0x080078ad   Thumb Code    54  port_1.o(i.vPortEnterCritical)
    vPortExitCritical                        0x080078ed   Thumb Code    34  port_1.o(i.vPortExitCritical)
    vPortFree                                0x08007915   Thumb Code    88  heap_4.o(i.vPortFree)
    vPortSetupTimerInterrupt                 0x08007971   Thumb Code    32  port_1.o(i.vPortSetupTimerInterrupt)
    vPortValidateInterruptPriority           0x08007995   Thumb Code    74  port_1.o(i.vPortValidateInterruptPriority)
    vQueueAddToRegistry                      0x080079e9   Thumb Code    32  queue.o(i.vQueueAddToRegistry)
    vQueueWaitForMessageRestricted           0x08007a0d   Thumb Code    68  queue.o(i.vQueueWaitForMessageRestricted)
    vTaskDelay                               0x08007a51   Thumb Code    66  tasks.o(i.vTaskDelay)
    vTaskInternalSetTimeOutState             0x08007a9d   Thumb Code    12  tasks.o(i.vTaskInternalSetTimeOutState)
    vTaskMissedYield                         0x08007aad   Thumb Code     8  tasks.o(i.vTaskMissedYield)
    vTaskPlaceOnEventList                    0x08007ab9   Thumb Code    44  tasks.o(i.vTaskPlaceOnEventList)
    vTaskPlaceOnEventListRestricted          0x08007ae9   Thumb Code    52  tasks.o(i.vTaskPlaceOnEventListRestricted)
    vTaskPriorityDisinheritAfterTimeout      0x08007b21   Thumb Code   136  tasks.o(i.vTaskPriorityDisinheritAfterTimeout)
    vTaskStartScheduler                      0x08007bb1   Thumb Code   116  tasks.o(i.vTaskStartScheduler)
    vTaskSuspendAll                          0x08007c35   Thumb Code    10  tasks.o(i.vTaskSuspendAll)
    vTaskSwitchContext                       0x08007c45   Thumb Code    90  tasks.o(i.vTaskSwitchContext)
    xMBPortEventGet                          0x08007ca9   Thumb Code    24  portevent.o(i.xMBPortEventGet)
    xMBPortEventInit                         0x08007cc5   Thumb Code    10  portevent.o(i.xMBPortEventInit)
    xMBPortEventPost                         0x08007cd5   Thumb Code    12  portevent.o(i.xMBPortEventPost)
    xMBPortSerialGetByte                     0x08007ce5   Thumb Code    22  portserial.o(i.xMBPortSerialGetByte)
    xMBPortSerialInit                        0x08007d05   Thumb Code    94  portserial.o(i.xMBPortSerialInit)
    xMBPortSerialPutByte                     0x08007d6d   Thumb Code    24  portserial.o(i.xMBPortSerialPutByte)
    xMBPortTimersInit                        0x08007d89   Thumb Code   152  porttimer.o(i.xMBPortTimersInit)
    xMBRTUReceiveFSM                         0x08007e2d   Thumb Code    96  mbrtu.o(i.xMBRTUReceiveFSM)
    xMBRTUTimerT35Expired                    0x08007e95   Thumb Code    58  mbrtu.o(i.xMBRTUTimerT35Expired)
    xMBRTUTransmitFSM                        0x08007ed5   Thumb Code    86  mbrtu.o(i.xMBRTUTransmitFSM)
    xPortStartScheduler                      0x08007f31   Thumb Code   156  port_1.o(i.xPortStartScheduler)
    xQueueGenericCreate                      0x08007fd9   Thumb Code    72  queue.o(i.xQueueGenericCreate)
    xQueueGenericCreateStatic                0x08008021   Thumb Code   102  queue.o(i.xQueueGenericCreateStatic)
    xQueueGenericReset                       0x08008089   Thumb Code   132  queue.o(i.xQueueGenericReset)
    xQueueGenericSend                        0x08008111   Thumb Code   350  queue.o(i.xQueueGenericSend)
    xQueueGenericSendFromISR                 0x08008275   Thumb Code   188  queue.o(i.xQueueGenericSendFromISR)
    xQueueGiveMutexRecursive                 0x08008331   Thumb Code    62  queue.o(i.xQueueGiveMutexRecursive)
    xQueueReceive                            0x08008371   Thumb Code   308  queue.o(i.xQueueReceive)
    xQueueSemaphoreTake                      0x080084a9   Thumb Code   372  queue.o(i.xQueueSemaphoreTake)
    xQueueTakeMutexRecursive                 0x08008621   Thumb Code    64  queue.o(i.xQueueTakeMutexRecursive)
    xTaskCheckForTimeOut                     0x08008661   Thumb Code   112  tasks.o(i.xTaskCheckForTimeOut)
    xTaskCreate                              0x080086d5   Thumb Code    90  tasks.o(i.xTaskCreate)
    xTaskCreateStatic                        0x0800872f   Thumb Code    90  tasks.o(i.xTaskCreateStatic)
    xTaskGetCurrentTaskHandle                0x08008789   Thumb Code     6  tasks.o(i.xTaskGetCurrentTaskHandle)
    xTaskGetSchedulerState                   0x08008795   Thumb Code    22  tasks.o(i.xTaskGetSchedulerState)
    xTaskGetTickCount                        0x080087b1   Thumb Code     6  tasks.o(i.xTaskGetTickCount)
    xTaskIncrementTick                       0x080087bd   Thumb Code   190  tasks.o(i.xTaskIncrementTick)
    xTaskPriorityDisinherit                  0x08008885   Thumb Code   116  tasks.o(i.xTaskPriorityDisinherit)
    xTaskPriorityInherit                     0x08008901   Thumb Code   114  tasks.o(i.xTaskPriorityInherit)
    xTaskRemoveFromEventList                 0x0800897d   Thumb Code    98  tasks.o(i.xTaskRemoveFromEventList)
    xTaskResumeAll                           0x080089ed   Thumb Code   180  tasks.o(i.xTaskResumeAll)
    xTimerCreate                             0x08008aad   Thumb Code    52  timers.o(i.xTimerCreate)
    xTimerCreateStatic                       0x08008ae1   Thumb Code    46  timers.o(i.xTimerCreateStatic)
    xTimerCreateTimerTask                    0x08008b11   Thumb Code    78  timers.o(i.xTimerCreateTimerTask)
    xTimerGenericCommand                     0x08008b71   Thumb Code    94  timers.o(i.xTimerGenericCommand)
    defaultTask_attributes                   0x08008bd4   Data          36  freertos.o(.constdata)
    tid_Rtc_attributes                       0x08008bf8   Data          36  freertos.o(.constdata)
    tid_modbus_attributes                    0x08008c1c   Data          36  freertos.o(.constdata)
    tid_APP_attributes                       0x08008c40   Data          36  freertos.o(.constdata)
    tid_PromodeTask_attributes               0x08008c64   Data          36  freertos.o(.constdata)
    tid_ParaSave_attributes                  0x08008c88   Data          36  freertos.o(.constdata)
    tid_CheckIn_attributes                   0x08008cac   Data          36  freertos.o(.constdata)
    ReadonlyQueue0_attributes                0x08008cd0   Data          24  freertos.o(.constdata)
    ADC_Timer_attributes                     0x08008ce8   Data          16  freertos.o(.constdata)
    AHBPrescTable                            0x08008d1c   Data          16  system_stm32f1xx.o(.constdata)
    APBPrescTable                            0x08008d2c   Data           8  system_stm32f1xx.o(.constdata)
    memtblsize                               0x08008f78   Data           8  malloc.o(.constdata)
    memblksize                               0x08008f80   Data           8  malloc.o(.constdata)
    memsize                                  0x08008f88   Data           8  malloc.o(.constdata)
    ParTabAttr                               0x08008f90   Data        4060  paratask.o(.constdata)
    Region$$Table$$Base                      0x08009fdc   Number         0  anon$$obj.o(Region$$Table)
    Region$$Table$$Limit                     0x08009ffc   Number         0  anon$$obj.o(Region$$Table)
    modbuswaterlevel                         0x20000000   Data           4  freertos.o(.data)
    appwaterlevel                            0x20000004   Data           4  freertos.o(.data)
    rtcwaterlevel                            0x20000008   Data           4  freertos.o(.data)
    prograwatrlevel                          0x2000000c   Data           4  freertos.o(.data)
    osTimerTest                              0x20000010   Data           4  freertos.o(.data)
    defaultTaskHandle                        0x20000014   Data           4  freertos.o(.data)
    tid_RtcHandle                            0x20000018   Data           4  freertos.o(.data)
    tid_modbusHandle                         0x2000001c   Data           4  freertos.o(.data)
    tid_APPHandle                            0x20000020   Data           4  freertos.o(.data)
    tid_PromodeTaskHandle                    0x20000024   Data           4  freertos.o(.data)
    tid_ParaSaveHandle                       0x20000028   Data           4  freertos.o(.data)
    tid_CheckInHandle                        0x2000002c   Data           4  freertos.o(.data)
    ReadonlyQueue0Handle                     0x20000030   Data           4  freertos.o(.data)
    ADC_TimerHandle                          0x20000034   Data           4  freertos.o(.data)
    sTime                                    0x20000038   Data           3  rtc.o(.data)
    DateToUpdate                             0x2000003b   Data           4  rtc.o(.data)
    uwTickFreq                               0x20000044   Data           1  stm32f1xx_hal.o(.data)
    uwTickPrio                               0x20000048   Data           4  stm32f1xx_hal.o(.data)
    uwTick                                   0x2000004c   Data           4  stm32f1xx_hal.o(.data)
    SystemCoreClock                          0x20000050   Data           4  system_stm32f1xx.o(.data)
    pucFrame_buf                             0x20000054   Data           4  mbfuncholding.o(.data)
    pxMBFrameCBByteReceived                  0x20000088   Data           4  mb.o(.data)
    pxMBFrameCBTransmitterEmpty              0x2000008c   Data           4  mb.o(.data)
    pxMBPortCBTimerExpired                   0x20000090   Data           4  mb.o(.data)
    usAddr_value                             0x20000118   Data           2  port.o(.data)
    Data                                     0x2000011a   Data           2  port.o(.data)
    positon                                  0x2000011c   Data           2  port.o(.data)
    buff                                     0x20000120   Data           4  port.o(.data)
    Time_ADCSwitch                           0x20000134   Data           4  appmange.o(.data)
    temp_p_display                           0x20000138   Data           4  appmange.o(.data)
    temp_i_display                           0x2000013c   Data           4  appmange.o(.data)
    EvFunTab                                 0x20000158   Data          16  appmange.o(.data)
    mid_malloc                               0x20000168   Data           4  malloc.o(.data)
    mallco_dev                               0x2000016c   Data          28  malloc.o(.data)
    Posdis                                   0x2000018a   Data           2  paratask.o(.data)
    pxCurrentTCB                             0x2000018c   Data           4  tasks.o(.data)
    __stdout                                 0x20000204   Data           4  stdout.o(.data)
    hadc1                                    0x20000208   Data          48  adc.o(.bss)
    hdma_adc1                                0x20000238   Data          68  adc.o(.bss)
    hrtc                                     0x2000027c   Data          20  rtc.o(.bss)
    hspi2                                    0x20000290   Data          88  spi.o(.bss)
    htim3                                    0x200002e8   Data          72  tim.o(.bss)
    htim4                                    0x20000330   Data          72  tim.o(.bss)
    htim5                                    0x20000378   Data          72  tim.o(.bss)
    huart2                                   0x200003c0   Data          72  usart.o(.bss)
    huart3                                   0x20000408   Data          72  usart.o(.bss)
    htim1                                    0x20000450   Data          72  stm32f1xx_hal_timebase_tim.o(.bss)
    ucRTUBuf                                 0x200004b8   Data         256  mbrtu.o(.bss)
    ParTab                                   0x200005b8   Data         284  port.o(.bss)
    ParReceive                               0x200006d4   Data         284  port.o(.bss)
    ParUnSaved                               0x200007f0   Data        2576  port.o(.bss)
    ParSaved                                 0x20001200   Data         284  port.o(.bss)
    Receivebuff                              0x2000131c   Data         512  contrl.o(.bss)
    SensorType                               0x200015cc   Data         116  appmange.o(.bss)
    mem1base                                 0x20001640   Data        8192  malloc.o(.bss)
    mem1mapbase                              0x20003640   Data        2048  malloc.o(.bss)
    xQueueRegistry                           0x20003e40   Data          64  queue.o(.bss)
    __initial_sp                             0x20005c18   Data           0  startup_stm32f103xe.o(STACK)
    mem2base                                 0x68000000   Data        8192  malloc.o(.ARM.__AT_0x68000000)
    mem2mapbase                              0x68002000   Data        2048  malloc.o(.ARM.__AT_0x68002000)



==============================================================================

Memory Map of the image

  Image Entry point : 0x08000131

  Load Region LR_IROM1 (Base: 0x08000000, Size: 0x0000a204, Max: 0x00040000, ABSOLUTE, COMPRESSED[0x0000a074])

    Execution Region ER_IROM1 (Exec base: 0x08000000, Load base: 0x08000000, Size: 0x00009ffc, Max: 0x00040000, ABSOLUTE)

    Exec Addr    Load Addr    Size         Type   Attr      Idx    E Section Name        Object

    0x08000000   0x08000000   0x00000130   Data   RO            3    RESET               startup_stm32f103xe.o
    0x08000130   0x08000130   0x00000000   Code   RO         7099  * .ARM.Collect$$$$00000000  mc_w.l(entry.o)
    0x08000130   0x08000130   0x00000004   Code   RO         7413    .ARM.Collect$$$$00000001  mc_w.l(entry2.o)
    0x08000134   0x08000134   0x00000004   Code   RO         7416    .ARM.Collect$$$$00000004  mc_w.l(entry5.o)
    0x08000138   0x08000138   0x00000000   Code   RO         7418    .ARM.Collect$$$$00000008  mc_w.l(entry7b.o)
    0x08000138   0x08000138   0x00000000   Code   RO         7420    .ARM.Collect$$$$0000000A  mc_w.l(entry8b.o)
    0x08000138   0x08000138   0x00000008   Code   RO         7421    .ARM.Collect$$$$0000000B  mc_w.l(entry9a.o)
    0x08000140   0x08000140   0x00000000   Code   RO         7423    .ARM.Collect$$$$0000000D  mc_w.l(entry10a.o)
    0x08000140   0x08000140   0x00000000   Code   RO         7425    .ARM.Collect$$$$0000000F  mc_w.l(entry11a.o)
    0x08000140   0x08000140   0x00000004   Code   RO         7414    .ARM.Collect$$$$00002712  mc_w.l(entry2.o)
    0x08000144   0x08000144   0x00000096   Code   RO         7022    .emb_text           port_1.o
    0x080001da   0x080001da   0x00000002   PAD
    0x080001dc   0x080001dc   0x00000024   Code   RO            4    .text               startup_stm32f103xe.o
    0x08000200   0x08000200   0x00000020   Code   RO         7102    .text               mc_w.l(llushr.o)
    0x08000220   0x08000220   0x00000024   Code   RO         7106    .text               mc_w.l(memcpya.o)
    0x08000244   0x08000244   0x00000024   Code   RO         7110    .text               mc_w.l(memseta.o)
    0x08000268   0x08000268   0x000000b0   Code   RO         7375    .text               mf_w.l(fadd.o)
    0x08000318   0x08000318   0x00000064   Code   RO         7377    .text               mf_w.l(fmul.o)
    0x0800037c   0x0800037c   0x0000007c   Code   RO         7379    .text               mf_w.l(fdiv.o)
    0x080003f8   0x080003f8   0x0000014e   Code   RO         7381    .text               mf_w.l(dadd.o)
    0x08000546   0x08000546   0x000000e4   Code   RO         7383    .text               mf_w.l(dmul.o)
    0x0800062a   0x0800062a   0x000000de   Code   RO         7385    .text               mf_w.l(ddiv.o)
    0x08000708   0x08000708   0x0000002e   Code   RO         7387    .text               mf_w.l(dscalb.o)
    0x08000736   0x08000736   0x00000012   Code   RO         7389    .text               mf_w.l(fflti.o)
    0x08000748   0x08000748   0x0000000a   Code   RO         7391    .text               mf_w.l(ffltui.o)
    0x08000752   0x08000752   0x00000022   Code   RO         7393    .text               mf_w.l(dflti.o)
    0x08000774   0x08000774   0x00000032   Code   RO         7397    .text               mf_w.l(ffixi.o)
    0x080007a6   0x080007a6   0x0000003e   Code   RO         7399    .text               mf_w.l(dfixi.o)
    0x080007e4   0x080007e4   0x00000026   Code   RO         7401    .text               mf_w.l(f2d.o)
    0x0800080a   0x0800080a   0x00000002   PAD
    0x0800080c   0x0800080c   0x00000030   Code   RO         7405    .text               mf_w.l(cdrcmple.o)
    0x0800083c   0x0800083c   0x00000038   Code   RO         7407    .text               mf_w.l(d2f.o)
    0x08000874   0x08000874   0x00000014   Code   RO         7409    .text               mf_w.l(cfcmple.o)
    0x08000888   0x08000888   0x00000014   Code   RO         7411    .text               mf_w.l(cfrcmple.o)
    0x0800089c   0x0800089c   0x0000002c   Code   RO         7428    .text               mc_w.l(uidiv.o)
    0x080008c8   0x080008c8   0x00000062   Code   RO         7430    .text               mc_w.l(uldiv.o)
    0x0800092a   0x0800092a   0x0000001e   Code   RO         7432    .text               mc_w.l(llshl.o)
    0x08000948   0x08000948   0x00000024   Code   RO         7434    .text               mc_w.l(llsshr.o)
    0x0800096c   0x0800096c   0x00000000   Code   RO         7436    .text               mc_w.l(iusefp.o)
    0x0800096c   0x0800096c   0x0000006e   Code   RO         7437    .text               mf_w.l(fepilogue.o)
    0x080009da   0x080009da   0x000000ba   Code   RO         7439    .text               mf_w.l(depilogue.o)
    0x08000a94   0x08000a94   0x00000030   Code   RO         7441    .text               mf_w.l(dfixul.o)
    0x08000ac4   0x08000ac4   0x00000024   Code   RO         7443    .text               mc_w.l(init.o)
    0x08000ae8   0x08000ae8   0x00000056   Code   RO         7453    .text               mc_w.l(__dczerorl2.o)
    0x08000b3e   0x08000b3e   0x00000002   PAD
    0x08000b40   0x08000b40   0x0000000c   Code   RO          700    i.ADC1_2_IRQHandler  stm32f1xx_it.o
    0x08000b4c   0x08000b4c   0x00000044   Code   RO         5083    i.ADCSample         appmange.o
    0x08000b90   0x08000b90   0x00000030   Code   RO          305    i.ADC_Callback      freertos.o
    0x08000bc0   0x08000bc0   0x00000054   Code   RO          999    i.ADC_ConversionStop_Disable  stm32f1xx_hal_adc.o
    0x08000c14   0x08000c14   0x0000004e   Code   RO         1000    i.ADC_DMAConvCplt   stm32f1xx_hal_adc.o
    0x08000c62   0x08000c62   0x0000001a   Code   RO         1001    i.ADC_DMAError      stm32f1xx_hal_adc.o
    0x08000c7c   0x08000c7c   0x0000000a   Code   RO         1002    i.ADC_DMAHalfConvCplt  stm32f1xx_hal_adc.o
    0x08000c86   0x08000c86   0x00000002   PAD
    0x08000c88   0x08000c88   0x00000078   Code   RO         1003    i.ADC_Enable        stm32f1xx_hal_adc.o
    0x08000d00   0x08000d00   0x000000b8   Code   RO         5084    i.ADC_Filter        appmange.o
    0x08000db8   0x08000db8   0x0000006c   Code   RO         5085    i.APPTask           appmange.o
    0x08000e24   0x08000e24   0x00000002   Code   RO          701    i.BusFault_Handler  stm32f1xx_it.o
    0x08000e26   0x08000e26   0x00000002   PAD
    0x08000e28   0x08000e28   0x00000028   Code   RO         5304    i.CheckInTask       flow.o
    0x08000e50   0x08000e50   0x00000128   Code   RO         5086    i.Control           appmange.o
    0x08000f78   0x08000f78   0x00000024   Code   RO         5087    i.CtrlFun           appmange.o
    0x08000f9c   0x08000f9c   0x00000240   Code   RO         5088    i.CurrentSampleValue  appmange.o
    0x080011dc   0x080011dc   0x0000000c   Code   RO          702    i.DMA1_Channel1_IRQHandler  stm32f1xx_it.o
    0x080011e8   0x080011e8   0x0000002a   Code   RO         1655    i.DMA_SetConfig     stm32f1xx_hal_dma.o
    0x08001212   0x08001212   0x00000002   PAD
    0x08001214   0x08001214   0x0000009c   Code   RO         5089    i.DataFlt           appmange.o
    0x080012b0   0x080012b0   0x00000002   Code   RO          703    i.DebugMon_Handler  stm32f1xx_it.o
    0x080012b2   0x080012b2   0x00000004   Code   RO           13    i.Error_Handler     main.o
    0x080012b6   0x080012b6   0x00000002   Code   RO         1181    i.HAL_ADCEx_InjectedConvCpltCallback  stm32f1xx_hal_adc_ex.o
    0x080012b8   0x080012b8   0x000000fc   Code   RO         1005    i.HAL_ADC_ConfigChannel  stm32f1xx_hal_adc.o
    0x080013b4   0x080013b4   0x00000002   Code   RO         1006    i.HAL_ADC_ConvCpltCallback  stm32f1xx_hal_adc.o
    0x080013b6   0x080013b6   0x00000002   Code   RO         1007    i.HAL_ADC_ConvHalfCpltCallback  stm32f1xx_hal_adc.o
    0x080013b8   0x080013b8   0x00000002   Code   RO         1009    i.HAL_ADC_ErrorCallback  stm32f1xx_hal_adc.o
    0x080013ba   0x080013ba   0x000000dc   Code   RO         1013    i.HAL_ADC_IRQHandler  stm32f1xx_hal_adc.o
    0x08001496   0x08001496   0x00000002   PAD
    0x08001498   0x08001498   0x00000124   Code   RO         1014    i.HAL_ADC_Init      stm32f1xx_hal_adc.o
    0x080015bc   0x080015bc   0x00000002   Code   RO         1015    i.HAL_ADC_LevelOutOfWindowCallback  stm32f1xx_hal_adc.o
    0x080015be   0x080015be   0x00000002   PAD
    0x080015c0   0x080015c0   0x00000090   Code   RO          402    i.HAL_ADC_MspInit   adc.o
    0x08001650   0x08001650   0x0000010c   Code   RO         1021    i.HAL_ADC_Start_DMA  stm32f1xx_hal_adc.o
    0x0800175c   0x0800175c   0x00000046   Code   RO         1656    i.HAL_DMA_Abort     stm32f1xx_hal_dma.o
    0x080017a2   0x080017a2   0x00000002   PAD
    0x080017a4   0x080017a4   0x00000130   Code   RO         1657    i.HAL_DMA_Abort_IT  stm32f1xx_hal_dma.o
    0x080018d4   0x080018d4   0x00000248   Code   RO         1661    i.HAL_DMA_IRQHandler  stm32f1xx_hal_dma.o
    0x08001b1c   0x08001b1c   0x0000007c   Code   RO         1662    i.HAL_DMA_Init      stm32f1xx_hal_dma.o
    0x08001b98   0x08001b98   0x00000070   Code   RO         1666    i.HAL_DMA_Start_IT  stm32f1xx_hal_dma.o
    0x08001c08   0x08001c08   0x00000024   Code   RO         1282    i.HAL_Delay         stm32f1xx_hal.o
    0x08001c2c   0x08001c2c   0x000001f0   Code   RO         1592    i.HAL_GPIO_Init     stm32f1xx_hal_gpio.o
    0x08001e1c   0x08001e1c   0x0000000a   Code   RO         1594    i.HAL_GPIO_ReadPin  stm32f1xx_hal_gpio.o
    0x08001e26   0x08001e26   0x0000000a   Code   RO         1596    i.HAL_GPIO_WritePin  stm32f1xx_hal_gpio.o
    0x08001e30   0x08001e30   0x0000000c   Code   RO         1286    i.HAL_GetTick       stm32f1xx_hal.o
    0x08001e3c   0x08001e3c   0x00000010   Code   RO         1292    i.HAL_IncTick       stm32f1xx_hal.o
    0x08001e4c   0x08001e4c   0x00000024   Code   RO         1293    i.HAL_Init          stm32f1xx_hal.o
    0x08001e70   0x08001e70   0x00000074   Code   RO          831    i.HAL_InitTick      stm32f1xx_hal_timebase_tim.o
    0x08001ee4   0x08001ee4   0x00000048   Code   RO          807    i.HAL_MspInit       stm32f1xx_hal_msp.o
    0x08001f2c   0x08001f2c   0x0000001a   Code   RO         1752    i.HAL_NVIC_EnableIRQ  stm32f1xx_hal_cortex.o
    0x08001f46   0x08001f46   0x00000002   PAD
    0x08001f48   0x08001f48   0x00000040   Code   RO         1758    i.HAL_NVIC_SetPriority  stm32f1xx_hal_cortex.o
    0x08001f88   0x08001f88   0x00000024   Code   RO         1759    i.HAL_NVIC_SetPriorityGrouping  stm32f1xx_hal_cortex.o
    0x08001fac   0x08001fac   0x0000000c   Code   RO         1874    i.HAL_PWR_EnableBkUpAccess  stm32f1xx_hal_pwr.o
    0x08001fb8   0x08001fb8   0x000000b8   Code   RO         1553    i.HAL_RCCEx_GetPeriphCLKFreq  stm32f1xx_hal_rcc_ex.o
    0x08002070   0x08002070   0x000000e8   Code   RO         1554    i.HAL_RCCEx_PeriphCLKConfig  stm32f1xx_hal_rcc_ex.o
    0x08002158   0x08002158   0x00000138   Code   RO         1450    i.HAL_RCC_ClockConfig  stm32f1xx_hal_rcc.o
    0x08002290   0x08002290   0x00000040   Code   RO         1454    i.HAL_RCC_GetClockConfig  stm32f1xx_hal_rcc.o
    0x080022d0   0x080022d0   0x00000020   Code   RO         1457    i.HAL_RCC_GetPCLK1Freq  stm32f1xx_hal_rcc.o
    0x080022f0   0x080022f0   0x00000020   Code   RO         1458    i.HAL_RCC_GetPCLK2Freq  stm32f1xx_hal_rcc.o
    0x08002310   0x08002310   0x0000004c   Code   RO         1459    i.HAL_RCC_GetSysClockFreq  stm32f1xx_hal_rcc.o
    0x0800235c   0x0800235c   0x00000318   Code   RO         1462    i.HAL_RCC_OscConfig  stm32f1xx_hal_rcc.o
    0x08002674   0x08002674   0x0000004e   Code   RO         2257    i.HAL_RTC_GetDate   stm32f1xx_hal_rtc.o
    0x080026c2   0x080026c2   0x000000d8   Code   RO         2259    i.HAL_RTC_GetTime   stm32f1xx_hal_rtc.o
    0x0800279a   0x0800279a   0x00000002   PAD
    0x0800279c   0x0800279c   0x00000094   Code   RO         2260    i.HAL_RTC_Init      stm32f1xx_hal_rtc.o
    0x08002830   0x08002830   0x00000034   Code   RO          468    i.HAL_RTC_MspInit   rtc.o
    0x08002864   0x08002864   0x000000c4   Code   RO         2266    i.HAL_RTC_SetDate   stm32f1xx_hal_rtc.o
    0x08002928   0x08002928   0x000000b0   Code   RO         2267    i.HAL_RTC_SetTime   stm32f1xx_hal_rtc.o
    0x080029d8   0x080029d8   0x0000003a   Code   RO         2268    i.HAL_RTC_WaitForSynchro  stm32f1xx_hal_rtc.o
    0x08002a12   0x08002a12   0x000000b2   Code   RO         2535    i.HAL_SPI_Init      stm32f1xx_hal_spi.o
    0x08002ac4   0x08002ac4   0x00000074   Code   RO          521    i.HAL_SPI_MspInit   spi.o
    0x08002b38   0x08002b38   0x0000014c   Code   RO         2538    i.HAL_SPI_Receive   stm32f1xx_hal_spi.o
    0x08002c84   0x08002c84   0x0000016a   Code   RO         2543    i.HAL_SPI_Transmit  stm32f1xx_hal_spi.o
    0x08002dee   0x08002dee   0x000001e8   Code   RO         2544    i.HAL_SPI_TransmitReceive  stm32f1xx_hal_spi.o
    0x08002fd6   0x08002fd6   0x00000002   Code   RO         3552    i.HAL_TIMEx_BreakCallback  stm32f1xx_hal_tim_ex.o
    0x08002fd8   0x08002fd8   0x00000002   Code   RO         3553    i.HAL_TIMEx_CommutCallback  stm32f1xx_hal_tim_ex.o
    0x08002fda   0x08002fda   0x00000002   PAD
    0x08002fdc   0x08002fdc   0x0000007c   Code   RO         3571    i.HAL_TIMEx_MasterConfigSynchronization  stm32f1xx_hal_tim_ex.o
    0x08003058   0x08003058   0x0000005a   Code   RO         2848    i.HAL_TIM_Base_Init  stm32f1xx_hal_tim.o
    0x080030b2   0x080030b2   0x00000002   PAD
    0x080030b4   0x080030b4   0x0000009c   Code   RO          569    i.HAL_TIM_Base_MspInit  tim.o
    0x08003150   0x08003150   0x0000006c   Code   RO         2853    i.HAL_TIM_Base_Start_IT  stm32f1xx_hal_tim.o
    0x080031bc   0x080031bc   0x000000dc   Code   RO         2857    i.HAL_TIM_ConfigClockSource  stm32f1xx_hal_tim.o
    0x08003298   0x08003298   0x00000002   Code   RO         2882    i.HAL_TIM_IC_CaptureCallback  stm32f1xx_hal_tim.o
    0x0800329a   0x0800329a   0x00000166   Code   RO         2896    i.HAL_TIM_IRQHandler  stm32f1xx_hal_tim.o
    0x08003400   0x08003400   0x0000004c   Code   RO          570    i.HAL_TIM_MspPostInit  tim.o
    0x0800344c   0x0800344c   0x00000002   Code   RO         2899    i.HAL_TIM_OC_DelayElapsedCallback  stm32f1xx_hal_tim.o
    0x0800344e   0x0800344e   0x000000cc   Code   RO         2920    i.HAL_TIM_PWM_ConfigChannel  stm32f1xx_hal_tim.o
    0x0800351a   0x0800351a   0x0000005a   Code   RO         2923    i.HAL_TIM_PWM_Init  stm32f1xx_hal_tim.o
    0x08003574   0x08003574   0x00000002   Code   RO         2925    i.HAL_TIM_PWM_MspInit  stm32f1xx_hal_tim.o
    0x08003576   0x08003576   0x00000002   Code   RO         2926    i.HAL_TIM_PWM_PulseFinishedCallback  stm32f1xx_hal_tim.o
    0x08003578   0x08003578   0x00000014   Code   RO           14    i.HAL_TIM_PeriodElapsedCallback  main.o
    0x0800358c   0x0800358c   0x00000052   Code   RO         2937    i.HAL_TIM_SlaveConfigSynchro  stm32f1xx_hal_tim.o
    0x080035de   0x080035de   0x00000002   Code   RO         2939    i.HAL_TIM_TriggerCallback  stm32f1xx_hal_tim.o
    0x080035e0   0x080035e0   0x00000002   Code   RO         3831    i.HAL_UARTEx_RxEventCallback  stm32f1xx_hal_uart.o
    0x080035e2   0x080035e2   0x00000002   PAD
    0x080035e4   0x080035e4   0x00000014   Code   RO          704    i.HAL_UART_ErrorCallback  stm32f1xx_it.o
    0x080035f8   0x080035f8   0x0000000a   Code   RO         3847    i.HAL_UART_GetState  stm32f1xx_hal_uart.o
    0x08003602   0x08003602   0x00000002   PAD
    0x08003604   0x08003604   0x0000026c   Code   RO         3848    i.HAL_UART_IRQHandler  stm32f1xx_hal_uart.o
    0x08003870   0x08003870   0x00000064   Code   RO         3849    i.HAL_UART_Init     stm32f1xx_hal_uart.o
    0x080038d4   0x080038d4   0x000000dc   Code   RO          629    i.HAL_UART_MspInit  usart.o
    0x080039b0   0x080039b0   0x0000001c   Code   RO         3854    i.HAL_UART_Receive_IT  stm32f1xx_hal_uart.o
    0x080039cc   0x080039cc   0x0000002c   Code   RO          630    i.HAL_UART_RxCpltCallback  usart.o
    0x080039f8   0x080039f8   0x0000009a   Code   RO         3857    i.HAL_UART_Transmit  stm32f1xx_hal_uart.o
    0x08003a92   0x08003a92   0x00000002   Code   RO         3860    i.HAL_UART_TxCpltCallback  stm32f1xx_hal_uart.o
    0x08003a94   0x08003a94   0x00000002   Code   RO          705    i.HardFault_Handler  stm32f1xx_it.o
    0x08003a96   0x08003a96   0x00000002   PAD
    0x08003a98   0x08003a98   0x00000018   Code   RO         5026    i.Hum_Hea_State     contrl.o
    0x08003ab0   0x08003ab0   0x00000018   Code   RO         5090    i.Hum_Hea_State     appmange.o
    0x08003ac8   0x08003ac8   0x00000050   Code   RO         5091    i.HumiParaUpdata    appmange.o
    0x08003b18   0x08003b18   0x00000088   Code   RO         4966    i.I2C_EE_BufferWrite  eerpom.o
    0x08003ba0   0x08003ba0   0x0000008c   Code   RO          403    i.MX_ADC1_Init      adc.o
    0x08003c2c   0x08003c2c   0x0000001c   Code   RO          443    i.MX_DMA_Init       dma.o
    0x08003c48   0x08003c48   0x000000d8   Code   RO          308    i.MX_FREERTOS_Init  freertos.o
    0x08003d20   0x08003d20   0x0000013c   Code   RO          281    i.MX_GPIO_Init      gpio.o
    0x08003e5c   0x08003e5c   0x00000068   Code   RO          469    i.MX_RTC_Init       rtc.o
    0x08003ec4   0x08003ec4   0x00000048   Code   RO          522    i.MX_SPI2_Init      spi.o
    0x08003f0c   0x08003f0c   0x000000a4   Code   RO          571    i.MX_TIM3_Init      tim.o
    0x08003fb0   0x08003fb0   0x0000006c   Code   RO          573    i.MX_TIM5_Init      tim.o
    0x0800401c   0x0800401c   0x00000038   Code   RO          631    i.MX_USART2_UART_Init  usart.o
    0x08004054   0x08004054   0x00000002   Code   RO          706    i.MemManage_Handler  stm32f1xx_it.o
    0x08004056   0x08004056   0x00000002   Code   RO          707    i.NMI_Handler       stm32f1xx_it.o
    0x08004058   0x08004058   0x00000294   Code   RO         5092    i.PID_Calculate     appmange.o
    0x080042ec   0x080042ec   0x0000002c   Code   RO         5339    i.ParCheck          paratask.o
    0x08004318   0x08004318   0x000000e8   Code   RO         5340    i.ParLoad           paratask.o
    0x08004400   0x08004400   0x000000ac   Code   RO         5341    i.ParSave           paratask.o
    0x080044ac   0x080044ac   0x00000068   Code   RO         5342    i.ParSaveCheck      paratask.o
    0x08004514   0x08004514   0x00000020   Code   RO         5343    i.ParaTask          paratask.o
    0x08004534   0x08004534   0x00000088   Code   RO         5028    i.ProgramemodeTask  contrl.o
    0x080045bc   0x080045bc   0x00000012   Code   RO         2269    i.RTC_Bcd2ToByte    stm32f1xx_hal_rtc.o
    0x080045ce   0x080045ce   0x00000016   Code   RO         2270    i.RTC_ByteToBcd2    stm32f1xx_hal_rtc.o
    0x080045e4   0x080045e4   0x000000ae   Code   RO         2271    i.RTC_DateUpdate    stm32f1xx_hal_rtc.o
    0x08004692   0x08004692   0x00000034   Code   RO         2272    i.RTC_EnterInitMode  stm32f1xx_hal_rtc.o
    0x080046c6   0x080046c6   0x00000034   Code   RO         2273    i.RTC_ExitInitMode  stm32f1xx_hal_rtc.o
    0x080046fa   0x080046fa   0x0000000e   Code   RO         2274    i.RTC_ReadAlarmCounter  stm32f1xx_hal_rtc.o
    0x08004708   0x08004708   0x00000020   Code   RO         2275    i.RTC_ReadTimeCounter  stm32f1xx_hal_rtc.o
    0x08004728   0x08004728   0x00000056   Code   RO         2276    i.RTC_WeekDayNum    stm32f1xx_hal_rtc.o
    0x0800477e   0x0800477e   0x00000028   Code   RO         2277    i.RTC_WriteAlarmCounter  stm32f1xx_hal_rtc.o
    0x080047a6   0x080047a6   0x00000028   Code   RO         2278    i.RTC_WriteTimeCounter  stm32f1xx_hal_rtc.o
    0x080047ce   0x080047ce   0x00000002   PAD
    0x080047d0   0x080047d0   0x0000012c   Code   RO         4676    i.RegHoldRead       port.o
    0x080048fc   0x080048fc   0x00000050   Code   RO         4677    i.RegHoldWrite      port.o
    0x0800494c   0x0800494c   0x0000002c   Code   RO          311    i.RtcTask           freertos.o
    0x08004978   0x08004978   0x00000020   Code   RO          523    i.SPI2_ReadWriteByte  spi.o
    0x08004998   0x08004998   0x0000005c   Code   RO         2572    i.SPI_EndRxTransaction  stm32f1xx_hal_spi.o
    0x080049f4   0x080049f4   0x00000020   Code   RO         2573    i.SPI_EndRxTxTransaction  stm32f1xx_hal_spi.o
    0x08004a14   0x08004a14   0x000000b8   Code   RO         2578    i.SPI_WaitFlagStateUntilTimeout  stm32f1xx_hal_spi.o
    0x08004acc   0x08004acc   0x00000008   Code   RO          312    i.StartDefaultTask  freertos.o
    0x08004ad4   0x08004ad4   0x0000003c   Code   RO         5344    i.SysParInit        paratask.o
    0x08004b10   0x08004b10   0x0000002c   Code   RO         7023    i.SysTick_Handler   port_1.o
    0x08004b3c   0x08004b3c   0x00000086   Code   RO           15    i.SystemClock_Config  main.o
    0x08004bc2   0x08004bc2   0x00000002   Code   RO         4183    i.SystemInit        system_stm32f1xx.o
    0x08004bc4   0x08004bc4   0x0000000c   Code   RO          708    i.TIM1_UP_IRQHandler  stm32f1xx_it.o
    0x08004bd0   0x08004bd0   0x0000002c   Code   RO          709    i.TIM4_IRQHandler   stm32f1xx_it.o
    0x08004bfc   0x08004bfc   0x00000098   Code   RO          710    i.TIM5_IRQHandler   stm32f1xx_it.o
    0x08004c94   0x08004c94   0x0000008c   Code   RO         2941    i.TIM_Base_SetConfig  stm32f1xx_hal_tim.o
    0x08004d20   0x08004d20   0x00000014   Code   RO         2952    i.TIM_ETR_SetConfig  stm32f1xx_hal_tim.o
    0x08004d34   0x08004d34   0x00000010   Code   RO         2953    i.TIM_ITRx_SetConfig  stm32f1xx_hal_tim.o
    0x08004d44   0x08004d44   0x00000060   Code   RO         2954    i.TIM_OC1_SetConfig  stm32f1xx_hal_tim.o
    0x08004da4   0x08004da4   0x0000006c   Code   RO         2955    i.TIM_OC2_SetConfig  stm32f1xx_hal_tim.o
    0x08004e10   0x08004e10   0x00000068   Code   RO         2956    i.TIM_OC3_SetConfig  stm32f1xx_hal_tim.o
    0x08004e78   0x08004e78   0x00000050   Code   RO         2957    i.TIM_OC4_SetConfig  stm32f1xx_hal_tim.o
    0x08004ec8   0x08004ec8   0x0000008c   Code   RO         2958    i.TIM_SlaveTimer_SetConfig  stm32f1xx_hal_tim.o
    0x08004f54   0x08004f54   0x00000022   Code   RO         2959    i.TIM_TI1_ConfigInputStage  stm32f1xx_hal_tim.o
    0x08004f76   0x08004f76   0x00000024   Code   RO         2961    i.TIM_TI2_ConfigInputStage  stm32f1xx_hal_tim.o
    0x08004f9a   0x08004f9a   0x0000005c   Code   RO         5095    i.TempParaUpdata    appmange.o
    0x08004ff6   0x08004ff6   0x00000002   PAD
    0x08004ff8   0x08004ff8   0x00000018   Code   RO         5029    i.Temp_Hea_State    contrl.o
    0x08005010   0x08005010   0x00000018   Code   RO         5096    i.Temp_Hea_State    appmange.o
    0x08005028   0x08005028   0x00000018   Code   RO         6551    i.TimerCallback     cmsis_os2.o
    0x08005040   0x08005040   0x00000010   Code   RO         3862    i.UART_DMAAbortOnError  stm32f1xx_hal_uart.o
    0x08005050   0x08005050   0x0000004e   Code   RO         3872    i.UART_EndRxTransfer  stm32f1xx_hal_uart.o
    0x0800509e   0x0800509e   0x000000c2   Code   RO         3874    i.UART_Receive_IT   stm32f1xx_hal_uart.o
    0x08005160   0x08005160   0x000000b8   Code   RO         3875    i.UART_SetConfig    stm32f1xx_hal_uart.o
    0x08005218   0x08005218   0x00000036   Code   RO         3877    i.UART_Start_Receive_IT  stm32f1xx_hal_uart.o
    0x0800524e   0x0800524e   0x00000076   Code   RO         3878    i.UART_WaitOnFlagUntilTimeout  stm32f1xx_hal_uart.o
    0x080052c4   0x080052c4   0x0000000c   Code   RO          711    i.USART2_IRQHandler  stm32f1xx_it.o
    0x080052d0   0x080052d0   0x00000038   Code   RO          712    i.USART3_IRQHandler  stm32f1xx_it.o
    0x08005308   0x08005308   0x00000002   Code   RO          713    i.UsageFault_Handler  stm32f1xx_it.o
    0x0800530a   0x0800530a   0x00000002   PAD
    0x0800530c   0x0800530c   0x00000064   Code   RO         5409    i.W25Qxx_Erase_Sector  w25qxx.o
    0x08005370   0x08005370   0x0000006c   Code   RO         5411    i.W25Qxx_Read       w25qxx.o
    0x080053dc   0x080053dc   0x00000040   Code   RO         5413    i.W25Qxx_Wait_Busy  w25qxx.o
    0x0800541c   0x0800541c   0x0000003c   Code   RO         5414    i.W25Qxx_Write_Enable  w25qxx.o
    0x08005458   0x08005458   0x00000070   Code   RO         5415    i.W25Qxx_Write_Page  w25qxx.o
    0x080054c8   0x080054c8   0x00000020   Code   RO         7347    i.__0printf         mc_w.l(printfa.o)
    0x080054e8   0x080054e8   0x00000020   Code   RO         1765    i.__NVIC_SetPriority  stm32f1xx_hal_cortex.o
    0x08005508   0x08005508   0x0000000e   Code   RO         7447    i.__scatterload_copy  mc_w.l(handlers.o)
    0x08005516   0x08005516   0x00000002   Code   RO         7448    i.__scatterload_null  mc_w.l(handlers.o)
    0x08005518   0x08005518   0x0000000e   Code   RO         7449    i.__scatterload_zeroinit  mc_w.l(handlers.o)
    0x08005526   0x08005526   0x00000002   PAD
    0x08005528   0x08005528   0x00000164   Code   RO         7354    i._fp_digits        mc_w.l(printfa.o)
    0x0800568c   0x0800568c   0x000006dc   Code   RO         7355    i._printf_core      mc_w.l(printfa.o)
    0x08005d68   0x08005d68   0x00000024   Code   RO         7356    i._printf_post_padding  mc_w.l(printfa.o)
    0x08005d8c   0x08005d8c   0x0000002e   Code   RO         7357    i._printf_pre_padding  mc_w.l(printfa.o)
    0x08005dba   0x08005dba   0x00000002   PAD
    0x08005dbc   0x08005dbc   0x00000020   Code   RO         4610    i.eMBEnable         mb.o
    0x08005ddc   0x08005ddc   0x00000072   Code   RO         4275    i.eMBFuncReadCoils  mbfunccoils.o
    0x08005e4e   0x08005e4e   0x00000072   Code   RO         4314    i.eMBFuncReadDiscreteInputs  mbfuncdisc.o
    0x08005ec0   0x08005ec0   0x0000005e   Code   RO         4338    i.eMBFuncReadHoldingRegister  mbfuncholding.o
    0x08005f1e   0x08005f1e   0x00000062   Code   RO         4383    i.eMBFuncReadInputRegister  mbfuncinput.o
    0x08005f80   0x08005f80   0x0000009c   Code   RO         4339    i.eMBFuncReadWriteMultipleHoldingRegister  mbfuncholding.o
    0x0800601c   0x0800601c   0x00000024   Code   RO         4443    i.eMBFuncReportSlaveID  mbfuncother.o
    0x08006040   0x08006040   0x00000056   Code   RO         4276    i.eMBFuncWriteCoil  mbfunccoils.o
    0x08006096   0x08006096   0x00000002   PAD
    0x08006098   0x08006098   0x0000003c   Code   RO         4340    i.eMBFuncWriteHoldingRegister  mbfuncholding.o
    0x080060d4   0x080060d4   0x00000064   Code   RO         4277    i.eMBFuncWriteMultipleCoils  mbfunccoils.o
    0x08006138   0x08006138   0x0000004e   Code   RO         4341    i.eMBFuncWriteMultipleHoldingRegister  mbfuncholding.o
    0x08006186   0x08006186   0x00000002   PAD
    0x08006188   0x08006188   0x00000080   Code   RO         4611    i.eMBInit           mb.o
    0x08006208   0x08006208   0x000000b4   Code   RO         4612    i.eMBPoll           mb.o
    0x080062bc   0x080062bc   0x00000048   Code   RO         4508    i.eMBRTUInit        mbrtu.o
    0x08006304   0x08006304   0x0000005c   Code   RO         4509    i.eMBRTUReceive     mbrtu.o
    0x08006360   0x08006360   0x00000068   Code   RO         4510    i.eMBRTUSend        mbrtu.o
    0x080063c8   0x080063c8   0x00000024   Code   RO         4511    i.eMBRTUStart       mbrtu.o
    0x080063ec   0x080063ec   0x0000001c   Code   RO         4512    i.eMBRTUStop        mbrtu.o
    0x08006408   0x08006408   0x00000004   Code   RO         4678    i.eMBRegCoilsCB     port.o
    0x0800640c   0x0800640c   0x00000004   Code   RO         4679    i.eMBRegDiscreteCB  port.o
    0x08006410   0x08006410   0x00000070   Code   RO         4680    i.eMBRegHoldingCB   port.o
    0x08006480   0x08006480   0x00000040   Code   RO         4681    i.eMBRegInputCB     port.o
    0x080064c0   0x080064c0   0x00000016   Code   RO         4967    i.ee_CheckOk        eerpom.o
    0x080064d6   0x080064d6   0x00000076   Code   RO         4968    i.ee_ReadBytes      eerpom.o
    0x0800654c   0x0800654c   0x0000007e   Code   RO         4969    i.ee_WriteBytes     eerpom.o
    0x080065ca   0x080065ca   0x00000002   PAD
    0x080065cc   0x080065cc   0x00000018   Code   RO          635    i.fputc             usart.o
    0x080065e4   0x080065e4   0x00000028   Code   RO         4889    i.i2c_Ack           iic.o
    0x0800660c   0x0800660c   0x00000060   Code   RO         4890    i.i2c_CfgGpio       iic.o
    0x0800666c   0x0800666c   0x00000020   Code   RO         4891    i.i2c_CheckDevice   iic.o
    0x0800668c   0x0800668c   0x0000000c   Code   RO         4892    i.i2c_Delay         iic.o
    0x08006698   0x08006698   0x00000028   Code   RO         4893    i.i2c_NAck          iic.o
    0x080066c0   0x080066c0   0x0000003c   Code   RO         4894    i.i2c_ReadByte      iic.o
    0x080066fc   0x080066fc   0x00000040   Code   RO         4895    i.i2c_SendByte      iic.o
    0x0800673c   0x0800673c   0x0000002c   Code   RO         4896    i.i2c_Start         iic.o
    0x08006768   0x08006768   0x00000020   Code   RO         4897    i.i2c_Stop          iic.o
    0x08006788   0x08006788   0x0000003c   Code   RO         4898    i.i2c_WaitAck       iic.o
    0x080067c4   0x080067c4   0x000000d8   Code   RO           16    i.main              main.o
    0x0800689c   0x0800689c   0x00000064   Code   RO          313    i.mbTask            freertos.o
    0x08006900   0x08006900   0x00000058   Code   RO         5195    i.my_mem_free       malloc.o
    0x08006958   0x08006958   0x0000003c   Code   RO         5196    i.my_mem_init       malloc.o
    0x08006994   0x08006994   0x0000008c   Code   RO         5197    i.my_mem_malloc     malloc.o
    0x08006a20   0x08006a20   0x00000038   Code   RO         5198    i.my_mem_perused    malloc.o
    0x08006a58   0x08006a58   0x00000038   Code   RO         5199    i.myfree            malloc.o
    0x08006a90   0x08006a90   0x00000020   Code   RO         5200    i.mymalloc          malloc.o
    0x08006ab0   0x08006ab0   0x0000000c   Code   RO         5202    i.mymemset          malloc.o
    0x08006abc   0x08006abc   0x00000034   Code   RO         6552    i.osDelay           cmsis_os2.o
    0x08006af0   0x08006af0   0x00000038   Code   RO         6566    i.osKernelInitialize  cmsis_os2.o
    0x08006b28   0x08006b28   0x00000040   Code   RO         6569    i.osKernelStart     cmsis_os2.o
    0x08006b68   0x08006b68   0x00000074   Code   RO         6577    i.osMessageQueueNew  cmsis_os2.o
    0x08006bdc   0x08006bdc   0x0000006c   Code   RO         6580    i.osMutexAcquire    cmsis_os2.o
    0x08006c48   0x08006c48   0x0000005c   Code   RO         6584    i.osMutexRelease    cmsis_os2.o
    0x08006ca4   0x08006ca4   0x000000a4   Code   RO         6603    i.osThreadNew       cmsis_os2.o
    0x08006d48   0x08006d48   0x00000084   Code   RO         6612    i.osTimerNew        cmsis_os2.o
    0x08006dcc   0x08006dcc   0x0000004c   Code   RO         6613    i.osTimerStart      cmsis_os2.o
    0x08006e18   0x08006e18   0x0000005c   Code   RO         6048    i.prvAddCurrentTaskToDelayedList  tasks.o
    0x08006e74   0x08006e74   0x000000d0   Code   RO         6049    i.prvAddNewTaskToReadyList  tasks.o
    0x08006f44   0x08006f44   0x00000058   Code   RO         6398    i.prvCheckForValidListAndQueue  timers.o
    0x08006f9c   0x08006f9c   0x00000026   Code   RO         5654    i.prvCopyDataFromQueue  queue.o
    0x08006fc2   0x08006fc2   0x0000006c   Code   RO         5655    i.prvCopyDataToQueue  queue.o
    0x0800702e   0x0800702e   0x00000034   Code   RO         6050    i.prvDeleteTCB      tasks.o
    0x08007062   0x08007062   0x00000002   PAD
    0x08007064   0x08007064   0x0000004c   Code   RO         6973    i.prvHeapInit       heap_4.o
    0x080070b0   0x080070b0   0x0000005c   Code   RO         6051    i.prvIdleTask       tasks.o
    0x0800710c   0x0800710c   0x00000020   Code   RO         5657    i.prvInitialiseNewQueue  queue.o
    0x0800712c   0x0800712c   0x0000009c   Code   RO         6052    i.prvInitialiseNewTask  tasks.o
    0x080071c8   0x080071c8   0x00000044   Code   RO         6399    i.prvInitialiseNewTimer  timers.o
    0x0800720c   0x0800720c   0x0000004c   Code   RO         6974    i.prvInsertBlockIntoFreeList  heap_4.o
    0x08007258   0x08007258   0x00000038   Code   RO         6400    i.prvInsertTimerInActiveList  timers.o
    0x08007290   0x08007290   0x0000001a   Code   RO         5658    i.prvIsQueueEmpty   queue.o
    0x080072aa   0x080072aa   0x00000002   PAD
    0x080072ac   0x080072ac   0x000000cc   Code   RO         6401    i.prvProcessReceivedCommands  timers.o
    0x08007378   0x08007378   0x000000b4   Code   RO         6402    i.prvProcessTimerOrBlockTask  timers.o
    0x0800742c   0x0800742c   0x00000020   Code   RO         6054    i.prvResetNextTaskUnblockTime  tasks.o
    0x0800744c   0x0800744c   0x00000028   Code   RO         6403    i.prvSampleTimeNow  timers.o
    0x08007474   0x08007474   0x0000006c   Code   RO         6404    i.prvSwitchTimerLists  timers.o
    0x080074e0   0x080074e0   0x00000014   Code   RO         6055    i.prvTaskCheckFreeStackSpace  tasks.o
    0x080074f4   0x080074f4   0x00000028   Code   RO         7024    i.prvTaskExitError  port_1.o
    0x0800751c   0x0800751c   0x00000028   Code   RO         6405    i.prvTimerTask      timers.o
    0x08007544   0x08007544   0x0000006a   Code   RO         5659    i.prvUnlockQueue    queue.o
    0x080075ae   0x080075ae   0x00000018   Code   RO         4407    i.prveMBError2Exception  mbutils.o
    0x080075c6   0x080075c6   0x00000002   PAD
    0x080075c8   0x080075c8   0x0000000c   Code   RO         4847    i.prvvTIMERExpiredISR  porttimer.o
    0x080075d4   0x080075d4   0x0000000c   Code   RO         4783    i.prvvUARTRxISR     portserial.o
    0x080075e0   0x080075e0   0x0000000c   Code   RO         4784    i.prvvUARTTxReadyISR  portserial.o
    0x080075ec   0x080075ec   0x000000d8   Code   RO         6975    i.pvPortMalloc      heap_4.o
    0x080076c4   0x080076c4   0x00000018   Code   RO         6057    i.pvTaskIncrementMutexHeldCount  tasks.o
    0x080076dc   0x080076dc   0x00000024   Code   RO         6406    i.pvTimerGetTimerID  timers.o
    0x08007700   0x08007700   0x00000024   Code   RO         7025    i.pxPortInitialiseStack  port_1.o
    0x08007724   0x08007724   0x0000002c   Code   RO         4476    i.usMBCRC16         mbcrc.o
    0x08007750   0x08007750   0x00000026   Code   RO         5614    i.uxListRemove      list.o
    0x08007776   0x08007776   0x00000002   PAD
    0x08007778   0x08007778   0x00000010   Code   RO         6060    i.uxTaskGetStackHighWaterMark  tasks.o
    0x08007788   0x08007788   0x00000014   Code   RO         6615    i.vApplicationGetIdleTaskMemory  cmsis_os2.o
    0x0800779c   0x0800779c   0x00000014   Code   RO         6616    i.vApplicationGetTimerTaskMemory  cmsis_os2.o
    0x080077b0   0x080077b0   0x00000016   Code   RO         5615    i.vListInitialise   list.o
    0x080077c6   0x080077c6   0x00000006   Code   RO         5616    i.vListInitialiseItem  list.o
    0x080077cc   0x080077cc   0x00000030   Code   RO         5617    i.vListInsert       list.o
    0x080077fc   0x080077fc   0x00000018   Code   RO         5618    i.vListInsertEnd    list.o
    0x08007814   0x08007814   0x00000030   Code   RO         4785    i.vMBPortSerialEnable  portserial.o
    0x08007844   0x08007844   0x0000003c   Code   RO         4877    i.vMBPortTimersDisable  porttimer.o
    0x08007880   0x08007880   0x0000002c   Code   RO         4871    i.vMBPortTimersEnable  porttimer.o
    0x080078ac   0x080078ac   0x00000040   Code   RO         7027    i.vPortEnterCritical  port_1.o
    0x080078ec   0x080078ec   0x00000028   Code   RO         7028    i.vPortExitCritical  port_1.o
    0x08007914   0x08007914   0x0000005c   Code   RO         6976    i.vPortFree         heap_4.o
    0x08007970   0x08007970   0x00000024   Code   RO         7029    i.vPortSetupTimerInterrupt  port_1.o
    0x08007994   0x08007994   0x00000054   Code   RO         7030    i.vPortValidateInterruptPriority  port_1.o
    0x080079e8   0x080079e8   0x00000024   Code   RO         5665    i.vQueueAddToRegistry  queue.o
    0x08007a0c   0x08007a0c   0x00000044   Code   RO         5669    i.vQueueWaitForMessageRestricted  queue.o
    0x08007a50   0x08007a50   0x0000004c   Code   RO         6066    i.vTaskDelay        tasks.o
    0x08007a9c   0x08007a9c   0x00000010   Code   RO         6071    i.vTaskInternalSetTimeOutState  tasks.o
    0x08007aac   0x08007aac   0x0000000c   Code   RO         6072    i.vTaskMissedYield  tasks.o
    0x08007ab8   0x08007ab8   0x00000030   Code   RO         6074    i.vTaskPlaceOnEventList  tasks.o
    0x08007ae8   0x08007ae8   0x00000038   Code   RO         6075    i.vTaskPlaceOnEventListRestricted  tasks.o
    0x08007b20   0x08007b20   0x00000090   Code   RO         6077    i.vTaskPriorityDisinheritAfterTimeout  tasks.o
    0x08007bb0   0x08007bb0   0x00000084   Code   RO         6083    i.vTaskStartScheduler  tasks.o
    0x08007c34   0x08007c34   0x00000010   Code   RO         6085    i.vTaskSuspendAll   tasks.o
    0x08007c44   0x08007c44   0x00000064   Code   RO         6086    i.vTaskSwitchContext  tasks.o
    0x08007ca8   0x08007ca8   0x0000001c   Code   RO         4745    i.xMBPortEventGet   portevent.o
    0x08007cc4   0x08007cc4   0x00000010   Code   RO         4746    i.xMBPortEventInit  portevent.o
    0x08007cd4   0x08007cd4   0x00000010   Code   RO         4747    i.xMBPortEventPost  portevent.o
    0x08007ce4   0x08007ce4   0x00000020   Code   RO         4786    i.xMBPortSerialGetByte  portserial.o
    0x08007d04   0x08007d04   0x00000068   Code   RO         4787    i.xMBPortSerialInit  portserial.o
    0x08007d6c   0x08007d6c   0x0000001c   Code   RO         4788    i.xMBPortSerialPutByte  portserial.o
    0x08007d88   0x08007d88   0x000000a4   Code   RO         4848    i.xMBPortTimersInit  porttimer.o
    0x08007e2c   0x08007e2c   0x00000068   Code   RO         4513    i.xMBRTUReceiveFSM  mbrtu.o
    0x08007e94   0x08007e94   0x00000040   Code   RO         4514    i.xMBRTUTimerT35Expired  mbrtu.o
    0x08007ed4   0x08007ed4   0x0000005c   Code   RO         4515    i.xMBRTUTransmitFSM  mbrtu.o
    0x08007f30   0x08007f30   0x000000a8   Code   RO         7031    i.xPortStartScheduler  port_1.o
    0x08007fd8   0x08007fd8   0x00000048   Code   RO         5674    i.xQueueGenericCreate  queue.o
    0x08008020   0x08008020   0x00000066   Code   RO         5675    i.xQueueGenericCreateStatic  queue.o
    0x08008086   0x08008086   0x00000002   PAD
    0x08008088   0x08008088   0x00000088   Code   RO         5676    i.xQueueGenericReset  queue.o
    0x08008110   0x08008110   0x00000164   Code   RO         5677    i.xQueueGenericSend  queue.o
    0x08008274   0x08008274   0x000000bc   Code   RO         5678    i.xQueueGenericSendFromISR  queue.o
    0x08008330   0x08008330   0x0000003e   Code   RO         5682    i.xQueueGiveMutexRecursive  queue.o
    0x0800836e   0x0800836e   0x00000002   PAD
    0x08008370   0x08008370   0x00000138   Code   RO         5687    i.xQueueReceive     queue.o
    0x080084a8   0x080084a8   0x00000178   Code   RO         5689    i.xQueueSemaphoreTake  queue.o
    0x08008620   0x08008620   0x00000040   Code   RO         5690    i.xQueueTakeMutexRecursive  queue.o
    0x08008660   0x08008660   0x00000074   Code   RO         6087    i.xTaskCheckForTimeOut  tasks.o
    0x080086d4   0x080086d4   0x0000005a   Code   RO         6088    i.xTaskCreate       tasks.o
    0x0800872e   0x0800872e   0x0000005a   Code   RO         6089    i.xTaskCreateStatic  tasks.o
    0x08008788   0x08008788   0x0000000c   Code   RO         6092    i.xTaskGetCurrentTaskHandle  tasks.o
    0x08008794   0x08008794   0x0000001c   Code   RO         6093    i.xTaskGetSchedulerState  tasks.o
    0x080087b0   0x080087b0   0x0000000c   Code   RO         6094    i.xTaskGetTickCount  tasks.o
    0x080087bc   0x080087bc   0x000000c8   Code   RO         6096    i.xTaskIncrementTick  tasks.o
    0x08008884   0x08008884   0x0000007c   Code   RO         6099    i.xTaskPriorityDisinherit  tasks.o
    0x08008900   0x08008900   0x0000007c   Code   RO         6100    i.xTaskPriorityInherit  tasks.o
    0x0800897c   0x0800897c   0x00000070   Code   RO         6101    i.xTaskRemoveFromEventList  tasks.o
    0x080089ec   0x080089ec   0x000000c0   Code   RO         6102    i.xTaskResumeAll    tasks.o
    0x08008aac   0x08008aac   0x00000034   Code   RO         6410    i.xTimerCreate      timers.o
    0x08008ae0   0x08008ae0   0x0000002e   Code   RO         6411    i.xTimerCreateStatic  timers.o
    0x08008b0e   0x08008b0e   0x00000002   PAD
    0x08008b10   0x08008b10   0x00000060   Code   RO         6412    i.xTimerCreateTimerTask  timers.o
    0x08008b70   0x08008b70   0x00000064   Code   RO         6413    i.xTimerGenericCommand  timers.o
    0x08008bd4   0x08008bd4   0x00000124   Data   RO          314    .constdata          freertos.o
    0x08008cf8   0x08008cf8   0x00000012   Data   RO         1463    .constdata          stm32f1xx_hal_rcc.o
    0x08008d0a   0x08008d0a   0x00000012   Data   RO         1555    .constdata          stm32f1xx_hal_rcc_ex.o
    0x08008d1c   0x08008d1c   0x00000010   Data   RO         4184    .constdata          system_stm32f1xx.o
    0x08008d2c   0x08008d2c   0x00000008   Data   RO         4185    .constdata          system_stm32f1xx.o
    0x08008d34   0x08008d34   0x00000200   Data   RO         4477    .constdata          mbcrc.o
    0x08008f34   0x08008f34   0x00000012   Data   RO         5031    .constdata          contrl.o
    0x08008f46   0x08008f46   0x00000002   PAD
    0x08008f48   0x08008f48   0x00000030   Data   RO         5098    .constdata          appmange.o
    0x08008f78   0x08008f78   0x00000018   Data   RO         5208    .constdata          malloc.o
    0x08008f90   0x08008f90   0x00000fdc   Data   RO         5346    .constdata          paratask.o
    0x08009f6c   0x08009f6c   0x0000006f   Data   RO          315    .conststring        freertos.o
    0x08009fdb   0x08009fdb   0x00000001   PAD
    0x08009fdc   0x08009fdc   0x00000020   Data   RO         7445    Region$$Table       anon$$obj.o


    Execution Region RW_IRAM1 (Exec base: 0x20000000, Load base: 0x08009ffc, Size: 0x00005c18, Max: 0x0000c000, ABSOLUTE, COMPRESSED[0x00000078])

    Exec Addr    Load Addr    Size         Type   Attr      Idx    E Section Name        Object

    0x20000000   COMPRESSED   0x00000038   Data   RW          316    .data               freertos.o
    0x20000038   COMPRESSED   0x00000007   Data   RW          472    .data               rtc.o
    0x2000003f   COMPRESSED   0x00000001   PAD
    0x20000040   COMPRESSED   0x00000002   Data   RW          714    .data               stm32f1xx_it.o
    0x20000042   COMPRESSED   0x00000002   PAD
    0x20000044   COMPRESSED   0x0000000c   Data   RW         1300    .data               stm32f1xx_hal.o
    0x20000050   COMPRESSED   0x00000004   Data   RW         4186    .data               system_stm32f1xx.o
    0x20000054   COMPRESSED   0x00000004   Data   RW         4342    .data               mbfuncholding.o
    0x20000058   COMPRESSED   0x00000002   Data   RW         4446    .data               mbfuncother.o
    0x2000005a   COMPRESSED   0x00000002   PAD
    0x2000005c   COMPRESSED   0x0000000c   Data   RW         4517    .data               mbrtu.o
    0x20000068   COMPRESSED   0x000000ac   Data   RW         4614    .data               mb.o
    0x20000114   COMPRESSED   0x00000018   Data   RW         4684    .data               port.o
    0x2000012c   COMPRESSED   0x00000002   Data   RW         4748    .data               portevent.o
    0x2000012e   COMPRESSED   0x00000002   PAD
    0x20000130   COMPRESSED   0x00000038   Data   RW         5099    .data               appmange.o
    0x20000168   COMPRESSED   0x00000020   Data   RW         5209    .data               malloc.o
    0x20000188   COMPRESSED   0x00000004   Data   RW         5347    .data               paratask.o
    0x2000018c   COMPRESSED   0x0000003c   Data   RW         6105    .data               tasks.o
    0x200001c8   COMPRESSED   0x00000014   Data   RW         6421    .data               timers.o
    0x200001dc   COMPRESSED   0x00000004   Data   RW         6618    .data               cmsis_os2.o
    0x200001e0   COMPRESSED   0x00000018   Data   RW         6981    .data               heap_4.o
    0x200001f8   COMPRESSED   0x0000000c   Data   RW         7032    .data               port_1.o
    0x20000204   COMPRESSED   0x00000004   Data   RW         7427    .data               mc_w.l(stdout.o)
    0x20000208        -       0x00000074   Zero   RW          404    .bss                adc.o
    0x2000027c        -       0x00000014   Zero   RW          471    .bss                rtc.o
    0x20000290        -       0x00000058   Zero   RW          524    .bss                spi.o
    0x200002e8        -       0x000000d8   Zero   RW          574    .bss                tim.o
    0x200003c0        -       0x00000090   Zero   RW          636    .bss                usart.o
    0x20000450        -       0x00000048   Zero   RW          834    .bss                stm32f1xx_hal_timebase_tim.o
    0x20000498        -       0x00000020   Zero   RW         4445    .bss                mbfuncother.o
    0x200004b8        -       0x00000100   Zero   RW         4516    .bss                mbrtu.o
    0x200005b8        -       0x00000c48   Zero   RW         4682    .bss                port.o
    0x20001200        -       0x0000011c   Zero   RW         4683    .bss                port.o
    0x2000131c        -       0x00000200   Zero   RW         5030    .bss                contrl.o
    0x2000151c        -       0x00000124   Zero   RW         5097    .bss                appmange.o
    0x20001640        -       0x00002000   Zero   RW         5206    .bss                malloc.o
    0x20003640        -       0x00000800   Zero   RW         5207    .bss                malloc.o
    0x20003e40        -       0x00000040   Zero   RW         5691    .bss                queue.o
    0x20003e80        -       0x000004c4   Zero   RW         6104    .bss                tasks.o
    0x20004344        -       0x00000118   Zero   RW         6420    .bss                timers.o
    0x2000445c        -       0x000003b8   Zero   RW         6617    .bss                cmsis_os2.o
    0x20004814        -       0x00001000   Zero   RW         6980    .bss                heap_4.o
    0x20005814   COMPRESSED   0x00000004   PAD
    0x20005818        -       0x00000400   Zero   RW            1    STACK               startup_stm32f103xe.o



  Load Region LR$$.ARM.__AT_0x68000000 (Base: 0x68000000, Size: 0x00000000, Max: 0x00002000, ABSOLUTE)

    Execution Region ER$$.ARM.__AT_0x68000000 (Exec base: 0x68000000, Load base: 0x68000000, Size: 0x00002000, Max: 0x00002000, ABSOLUTE, UNINIT)

    Exec Addr    Load Addr    Size         Type   Attr      Idx    E Section Name        Object

    0x68000000        -       0x00002000   Zero   RW         5204    .ARM.__AT_0x68000000  malloc.o



  Load Region LR$$.ARM.__AT_0x68002000 (Base: 0x68002000, Size: 0x00000000, Max: 0x00000800, ABSOLUTE)

    Execution Region ER$$.ARM.__AT_0x68002000 (Exec base: 0x68002000, Load base: 0x68002000, Size: 0x00000800, Max: 0x00000800, ABSOLUTE, UNINIT)

    Exec Addr    Load Addr    Size         Type   Attr      Idx    E Section Name        Object

    0x68002000        -       0x00000800   Zero   RW         5205    .ARM.__AT_0x68002000  malloc.o


==============================================================================

Image component sizes


      Code (inc. data)   RO Data    RW Data    ZI Data      Debug   Object Name

       284         30          0          0        116       1663   adc.o
      2304        186         48         56        292       9593   appmange.o
       924         60          0          4        952      21316   cmsis_os2.o
       184         38         18          0        512      13210   contrl.o
         0          0          0          0          0       2620   croutine.o
        28          6          0          0          0        686   dma.o
       402          0          0          0          0       2793   eerpom.o
         0          0          0          0          0      18588   event_groups.o
        40          4          0          0          0        458   flow.o
       416        128        403         56          0       4216   freertos.o
       316         26          0          0          0       1003   gpio.o
       460         24          0         24       4096       4299   heap_4.o
       480         44          0          0          0       4906   iic.o
       138          0          0          0          0       3074   list.o
       374         30          0          0          0     533177   main.o
       444         48         24         32      20480      13545   malloc.o
       340         42          0        172          0       3632   mb.o
         0          0          0          0          0       5181   mbascii.o
        44          6        512          0          0       1016   mbcrc.o
       300          0          0          0          0       3202   mbfunccoils.o
       114          0          0          0          0       1340   mbfuncdisc.o
       388          6          0          4          0       4654   mbfuncholding.o
        98          0          0          0          0       1355   mbfuncinput.o
        36         10          0          2         32       1187   mbfuncother.o
       592         48          0         12        256       9263   mbrtu.o
        24          0          0          0          0        556   mbutils.o
       644        158       4060          4          0       4276   paratask.o
       564         56          0         24       3428      15070   port.o
       662         68          0         12          0      10437   port_1.o
        60         14          0          2          0       1776   portevent.o
       236         40          0          0          0       4542   portserial.o
       280         28          0          0          0       1967   porttimer.o
      2082         22          0          0         64      18886   queue.o
       156         20          0          7         20       1606   rtc.o
       220         26          0          0         88       2042   spi.o
        36          8        304          0       1024        776   startup_stm32f103xe.o
       100         18          0         12          0       5634   stm32f1xx_hal.o
      1358         60          0          0          0       8710   stm32f1xx_hal_adc.o
         2          0          0          0          0       1005   stm32f1xx_hal_adc_ex.o
       158         14          0          0          0      27730   stm32f1xx_hal_cortex.o
      1236         52          0          0          0       4474   stm32f1xx_hal_dma.o
       516         42          0          0          0       3055   stm32f1xx_hal_gpio.o
        72         10          0          0          0        818   stm32f1xx_hal_msp.o
        12          4          0          0          0        487   stm32f1xx_hal_pwr.o
      1308         94         18          0          0       5277   stm32f1xx_hal_rcc.o
       416         30         18          0          0       2265   stm32f1xx_hal_rcc_ex.o
      1402         14          0          0          0      10856   stm32f1xx_hal_rtc.o
      1668          4          0          0          0       6374   stm32f1xx_hal_spi.o
      1936         84          0          0          0      14767   stm32f1xx_hal_tim.o
       128         20          0          0          0       2253   stm32f1xx_hal_tim_ex.o
       116         18          0          0         72     517827   stm32f1xx_hal_timebase_tim.o
      1560         10          0          0          0       9519   stm32f1xx_hal_uart.o
       332         60          0          2          0       6538   stm32f1xx_it.o
         0          0          0          0          0       8908   stream_buffer.o
         2          0         24          4          0       1043   system_stm32f1xx.o
      2392        196          0         60       1220      24803   tasks.o
       504         52          0          0        216       3015   tim.o
      1114         84          0         20        280      28115   timers.o
       344         44          0          0        144       2807   usart.o
       444         36          0          0          0       2917   w25qxx.o

    ----------------------------------------------------------------------
     30844       2122       5464        516      33296    1427108   Object Totals
         0          0         32          0          0          0   (incl. Generated)
        54          0          3          7          4          0   (incl. Padding)

    ----------------------------------------------------------------------

      Code (inc. data)   RO Data    RW Data    ZI Data      Debug   Library Member Name

        86          0          0          0          0          0   __dczerorl2.o
         0          0          0          0          0          0   entry.o
         0          0          0          0          0          0   entry10a.o
         0          0          0          0          0          0   entry11a.o
         8          4          0          0          0          0   entry2.o
         4          0          0          0          0          0   entry5.o
         0          0          0          0          0          0   entry7b.o
         0          0          0          0          0          0   entry8b.o
         8          4          0          0          0          0   entry9a.o
        30          0          0          0          0          0   handlers.o
        36          8          0          0          0         68   init.o
         0          0          0          0          0          0   iusefp.o
        30          0          0          0          0         68   llshl.o
        36          0          0          0          0         68   llsshr.o
        32          0          0          0          0         68   llushr.o
        36          0          0          0          0         68   memcpya.o
        36          0          0          0          0        108   memseta.o
      2226         90          0          0          0        444   printfa.o
         0          0          0          4          0          0   stdout.o
        44          0          0          0          0         80   uidiv.o
        98          0          0          0          0         92   uldiv.o
        48          0          0          0          0         68   cdrcmple.o
        20          0          0          0          0         68   cfcmple.o
        20          0          0          0          0         68   cfrcmple.o
        56          0          0          0          0         88   d2f.o
       334          0          0          0          0        148   dadd.o
       222          0          0          0          0        100   ddiv.o
       186          0          0          0          0        176   depilogue.o
        62          0          0          0          0         80   dfixi.o
        48          0          0          0          0         68   dfixul.o
        34          0          0          0          0         76   dflti.o
       228          0          0          0          0         96   dmul.o
        46          0          0          0          0         80   dscalb.o
        38          0          0          0          0         68   f2d.o
       176          0          0          0          0        140   fadd.o
       124          0          0          0          0         88   fdiv.o
       110          0          0          0          0        168   fepilogue.o
        50          0          0          0          0         68   ffixi.o
        18          0          0          0          0         68   fflti.o
        10          0          0          0          0         68   ffltui.o
       100          0          0          0          0         76   fmul.o

    ----------------------------------------------------------------------
      4648        106          0          4          0       2924   Library Totals
         8          0          0          0          0          0   (incl. Padding)

    ----------------------------------------------------------------------

      Code (inc. data)   RO Data    RW Data    ZI Data      Debug   Library Name

      2710        106          0          4          0       1064   mc_w.l
      1930          0          0          0          0       1860   mf_w.l

    ----------------------------------------------------------------------
      4648        106          0          4          0       2924   Library Totals

    ----------------------------------------------------------------------

==============================================================================


      Code (inc. data)   RO Data    RW Data    ZI Data      Debug   

     35492       2228       5464        520      33296    1412168   Grand Totals
     35492       2228       5464        120      33296    1412168   ELF Image Totals (compressed)
     35492       2228       5464        120          0          0   ROM Totals

==============================================================================

    Total RO  Size (Code + RO Data)                40956 (  40.00kB)
    Total RW  Size (RW Data + ZI Data)             33816 (  33.02kB)
    Total ROM Size (Code + RO Data + RW Data)      41076 (  40.11kB)

==============================================================================

