Component: ARM Compiler 5.05 update 1 (build 106) Tool: armlink [4d35d2]

==============================================================================

Section Cross References

    startup_stm32f103xe.o(RESET) refers to startup_stm32f103xe.o(STACK) for __initial_sp
    startup_stm32f103xe.o(RESET) refers to startup_stm32f103xe.o(.text) for Reset_Handler
    startup_stm32f103xe.o(RESET) refers to stm32f1xx_it.o(i.NMI_Handler) for NMI_Handler
    startup_stm32f103xe.o(RESET) refers to stm32f1xx_it.o(i.HardFault_Handler) for HardFault_Handler
    startup_stm32f103xe.o(RESET) refers to stm32f1xx_it.o(i.MemManage_Handler) for MemManage_Handler
    startup_stm32f103xe.o(RESET) refers to stm32f1xx_it.o(i.BusFault_Handler) for BusFault_Handler
    startup_stm32f103xe.o(RESET) refers to stm32f1xx_it.o(i.UsageFault_Handler) for UsageFault_Handler
    startup_stm32f103xe.o(RESET) refers to port_1.o(.emb_text) for SVC_Handler
    startup_stm32f103xe.o(RESET) refers to stm32f1xx_it.o(i.DebugMon_Handler) for DebugMon_Handler
    startup_stm32f103xe.o(RESET) refers to port_1.o(i.SysTick_Handler) for SysTick_Handler
    startup_stm32f103xe.o(RESET) refers to stm32f1xx_it.o(i.DMA1_Channel1_IRQHandler) for DMA1_Channel1_IRQHandler
    startup_stm32f103xe.o(RESET) refers to stm32f1xx_it.o(i.ADC1_2_IRQHandler) for ADC1_2_IRQHandler
    startup_stm32f103xe.o(RESET) refers to stm32f1xx_it.o(i.TIM1_UP_IRQHandler) for TIM1_UP_IRQHandler
    startup_stm32f103xe.o(RESET) refers to stm32f1xx_it.o(i.TIM4_IRQHandler) for TIM4_IRQHandler
    startup_stm32f103xe.o(RESET) refers to stm32f1xx_it.o(i.USART2_IRQHandler) for USART2_IRQHandler
    startup_stm32f103xe.o(RESET) refers to stm32f1xx_it.o(i.USART3_IRQHandler) for USART3_IRQHandler
    startup_stm32f103xe.o(RESET) refers to stm32f1xx_it.o(i.TIM5_IRQHandler) for TIM5_IRQHandler
    startup_stm32f103xe.o(.text) refers to system_stm32f1xx.o(i.SystemInit) for SystemInit
    startup_stm32f103xe.o(.text) refers to entry.o(.ARM.Collect$$$$00000000) for __main
    main.o(i.HAL_TIM_PeriodElapsedCallback) refers to stm32f1xx_hal.o(i.HAL_IncTick) for HAL_IncTick
    main.o(i.SystemClock_Config) refers to memseta.o(.text) for __aeabi_memclr4
    main.o(i.SystemClock_Config) refers to stm32f1xx_hal_rcc.o(i.HAL_RCC_OscConfig) for HAL_RCC_OscConfig
    main.o(i.SystemClock_Config) refers to stm32f1xx_hal_rcc.o(i.HAL_RCC_ClockConfig) for HAL_RCC_ClockConfig
    main.o(i.SystemClock_Config) refers to stm32f1xx_hal_rcc_ex.o(i.HAL_RCCEx_PeriphCLKConfig) for HAL_RCCEx_PeriphCLKConfig
    main.o(i.main) refers to stm32f1xx_hal.o(i.HAL_Init) for HAL_Init
    main.o(i.main) refers to main.o(i.SystemClock_Config) for SystemClock_Config
    main.o(i.main) refers to gpio.o(i.MX_GPIO_Init) for MX_GPIO_Init
    main.o(i.main) refers to dma.o(i.MX_DMA_Init) for MX_DMA_Init
    main.o(i.main) refers to adc.o(i.MX_ADC1_Init) for MX_ADC1_Init
    main.o(i.main) refers to rtc.o(i.MX_RTC_Init) for MX_RTC_Init
    main.o(i.main) refers to usart.o(i.MX_USART2_UART_Init) for MX_USART2_UART_Init
    main.o(i.main) refers to tim.o(i.MX_TIM5_Init) for MX_TIM5_Init
    main.o(i.main) refers to spi.o(i.MX_SPI2_Init) for MX_SPI2_Init
    main.o(i.main) refers to tim.o(i.MX_TIM3_Init) for MX_TIM3_Init
    main.o(i.main) refers to stm32f1xx_hal_cortex.o(i.HAL_NVIC_SetPriority) for HAL_NVIC_SetPriority
    main.o(i.main) refers to stm32f1xx_hal_cortex.o(i.HAL_NVIC_EnableIRQ) for HAL_NVIC_EnableIRQ
    main.o(i.main) refers to eerpom.o(i.ee_CheckOk) for ee_CheckOk
    main.o(i.main) refers to stm32f1xx_hal.o(i.HAL_Delay) for HAL_Delay
    main.o(i.main) refers to paratask.o(i.ParLoad) for ParLoad
    main.o(i.main) refers to cmsis_os2.o(i.osKernelInitialize) for osKernelInitialize
    main.o(i.main) refers to freertos.o(i.MX_FREERTOS_Init) for MX_FREERTOS_Init
    main.o(i.main) refers to cmsis_os2.o(i.osKernelStart) for osKernelStart
    main.o(i.main) refers to printfa.o(i.__0printf) for __2printf
    main.o(i.main) refers to port.o(.bss) for ParReceive
    gpio.o(i.MX_GPIO_Init) refers to stm32f1xx_hal_gpio.o(i.HAL_GPIO_WritePin) for HAL_GPIO_WritePin
    gpio.o(i.MX_GPIO_Init) refers to stm32f1xx_hal_gpio.o(i.HAL_GPIO_Init) for HAL_GPIO_Init
    freertos.o(i.ADC_Callback) refers to tasks.o(i.uxTaskGetStackHighWaterMark) for uxTaskGetStackHighWaterMark
    freertos.o(i.ADC_Callback) refers to freertos.o(.data) for .data
    freertos.o(i.APPTask) refers to cmsis_os2.o(i.osDelay) for osDelay
    freertos.o(i.CheckInTask) refers to cmsis_os2.o(i.osDelay) for osDelay
    freertos.o(i.MX_FREERTOS_Init) refers to cmsis_os2.o(i.osTimerNew) for osTimerNew
    freertos.o(i.MX_FREERTOS_Init) refers to cmsis_os2.o(i.osTimerStart) for osTimerStart
    freertos.o(i.MX_FREERTOS_Init) refers to printfa.o(i.__0printf) for __2printf
    freertos.o(i.MX_FREERTOS_Init) refers to cmsis_os2.o(i.osMessageQueueNew) for osMessageQueueNew
    freertos.o(i.MX_FREERTOS_Init) refers to cmsis_os2.o(i.osThreadNew) for osThreadNew
[...]
    ADC_DMAConvCplt                          0x08000c85   Thumb Code    78  stm32f1xx_hal_adc.o(i.ADC_DMAConvCplt)
    ADC_DMAError                             0x08000cd3   Thumb Code    26  stm32f1xx_hal_adc.o(i.ADC_DMAError)
    ADC_DMAHalfConvCplt                      0x08000ced   Thumb Code    10  stm32f1xx_hal_adc.o(i.ADC_DMAHalfConvCplt)
    ADC_Enable                               0x08000cf9   Thumb Code   112  stm32f1xx_hal_adc.o(i.ADC_Enable)
    APPTask                                  0x08000e29   Thumb Code   152  appmange.o(i.APPTask)
    AlarmCode                                0x08000ed5   Thumb Code   484  appmange.o(i.AlarmCode)
    BusFault_Handler                         0x080010dd   Thumb Code     2  stm32f1xx_it.o(i.BusFault_Handler)
    CheckInTask                              0x080010e1   Thumb Code    32  flow.o(i.CheckInTask)
    CompressCtrl                             0x08001109   Thumb Code   410  flow.o(i.CompressCtrl)
    Control                                  0x080012b9   Thumb Code   276  appmange.o(i.Control)
    DMA1_Channel1_IRQHandler                 0x0800183d   Thumb Code     6  stm32f1xx_it.o(i.DMA1_Channel1_IRQHandler)
    DebugMon_Handler                         0x08001911   Thumb Code     2  stm32f1xx_it.o(i.DebugMon_Handler)
    Deforsting                               0x08001915   Thumb Code   208  flow.o(i.Deforsting)
    Error_Handler                            0x080019f1   Thumb Code     4  main.o(i.Error_Handler)
    FixedMode                                0x080019f5   Thumb Code    78  contrl.o(i.FixedMode)
    HAL_ADCEx_Calibration_Start              0x08001a4d   Thumb Code   210  stm32f1xx_hal_adc_ex.o(i.HAL_ADCEx_Calibration_Start)
    HAL_ADCEx_InjectedConvCpltCallback       0x08001b25   Thumb Code     2  stm32f1xx_hal_adc_ex.o(i.HAL_ADCEx_InjectedConvCpltCallback)
    HAL_ADC_ConfigChannel                    0x08001b29   Thumb Code   240  stm32f1xx_hal_adc.o(i.HAL_ADC_ConfigChannel)
    HAL_ADC_ConvCpltCallback                 0x08001c25   Thumb Code     2  stm32f1xx_hal_adc.o(i.HAL_ADC_ConvCpltCallback)
    HAL_ADC_ConvHalfCpltCallback             0x08001c27   Thumb Code     2  stm32f1xx_hal_adc.o(i.HAL_ADC_ConvHalfCpltCallback)
    HAL_ADC_ErrorCallback                    0x08001c29   Thumb Code     2  stm32f1xx_hal_adc.o(i.HAL_ADC_ErrorCallback)
    HAL_ADC_IRQHandler                       0x08001c2b   Thumb Code   220  stm32f1xx_hal_adc.o(i.HAL_ADC_IRQHandler)
    HAL_ADC_Init                             0x08001d09   Thumb Code   272  stm32f1xx_hal_adc.o(i.HAL_ADC_Init)
    HAL_ADC_LevelOutOfWindowCallback         0x08001e29   Thumb Code     2  stm32f1xx_hal_adc.o(i.HAL_ADC_LevelOutOfWindowCallback)
    HAL_ADC_MspInit                          0x08001e2d   Thumb Code   122  adc.o(i.HAL_ADC_MspInit)
    HAL_ADC_Start_DMA                        0x08001ebd   Thumb Code   246  stm32f1xx_hal_adc.o(i.HAL_ADC_Start_DMA)
    HAL_DMA_Abort                            0x08001fc9   Thumb Code    70  stm32f1xx_hal_dma.o(i.HAL_DMA_Abort)
    HAL_DMA_Abort_IT                         0x08002011   Thumb Code   296  stm32f1xx_hal_dma.o(i.HAL_DMA_Abort_IT)
    HAL_DMA_IRQHandler                       0x08002141   Thumb Code   552  stm32f1xx_hal_dma.o(i.HAL_DMA_IRQHandler)
    HAL_DMA_Init                             0x08002389   Thumb Code   112  stm32f1xx_hal_dma.o(i.HAL_DMA_Init)
    HAL_DMA_Start_IT                         0x08002405   Thumb Code   112  stm32f1xx_hal_dma.o(i.HAL_DMA_Start_IT)
    HAL_Delay                                0x08002475   Thumb Code    32  stm32f1xx_hal.o(i.HAL_Delay)
    HAL_GPIO_Init                            0x08002499   Thumb Code   454  stm32f1xx_hal_gpio.o(i.HAL_GPIO_Init)
    HAL_GPIO_ReadPin                         0x08002689   Thumb Code    10  stm32f1xx_hal_gpio.o(i.HAL_GPIO_ReadPin)
    HAL_GPIO_WritePin                        0x08002693   Thumb Code    10  stm32f1xx_hal_gpio.o(i.HAL_GPIO_WritePin)
    HAL_GetTick                              0x0800269d   Thumb Code     6  stm32f1xx_hal.o(i.HAL_GetTick)
    HAL_IncTick                              0x080026a9   Thumb Code    12  stm32f1xx_hal.o(i.HAL_IncTick)
    HAL_Init                                 0x080026b9   Thumb Code    32  stm32f1xx_hal.o(i.HAL_Init)
    HAL_InitTick                             0x080026dd   Thumb Code    98  stm32f1xx_hal_timebase_tim.o(i.HAL_InitTick)
    HAL_MspInit                              0x08002751   Thumb Code    62  stm32f1xx_hal_msp.o(i.HAL_MspInit)
    HAL_NVIC_EnableIRQ                       0x08002799   Thumb Code    26  stm32f1xx_hal_cortex.o(i.HAL_NVIC_EnableIRQ)
    HAL_NVIC_SetPriority                     0x080027b5   Thumb Code    60  stm32f1xx_hal_cortex.o(i.HAL_NVIC_SetPriority)
    HAL_NVIC_SetPriorityGrouping             0x080027f5   Thumb Code    26  stm32f1xx_hal_cortex.o(i.HAL_NVIC_SetPriorityGrouping)
    HAL_PWR_EnableBkUpAccess                 0x08002819   Thumb Code     8  stm32f1xx_hal_pwr.o(i.HAL_PWR_EnableBkUpAccess)
    HAL_RCCEx_GetPeriphCLKFreq               0x08002825   Thumb Code   166  stm32f1xx_hal_rcc_ex.o(i.HAL_RCCEx_GetPeriphCLKFreq)
    HAL_RCCEx_PeriphCLKConfig                0x080028dd   Thumb Code   220  stm32f1xx_hal_rcc_ex.o(i.HAL_RCCEx_PeriphCLKConfig)
    HAL_RCC_ClockConfig                      0x080029c5   Thumb Code   292  stm32f1xx_hal_rcc.o(i.HAL_RCC_ClockConfig)
    HAL_RCC_GetClockConfig                   0x08002afd   Thumb Code    54  stm32f1xx_hal_rcc.o(i.HAL_RCC_GetClockConfig)
    HAL_RCC_GetPCLK1Freq                     0x08002b3d   Thumb Code    20  stm32f1xx_hal_rcc.o(i.HAL_RCC_GetPCLK1Freq)
    HAL_RCC_GetPCLK2Freq                     0x08002b5d   Thumb Code    20  stm32f1xx_hal_rcc.o(i.HAL_RCC_GetPCLK2Freq)
    HAL_RCC_GetSysClockFreq                  0x08002b7d   Thumb Code    58  stm32f1xx_hal_rcc.o(i.HAL_RCC_GetSysClockFreq)
    HAL_RCC_OscConfig                        0x08002bc9   Thumb Code   770  stm32f1xx_hal_rcc.o(i.HAL_RCC_OscConfig)
    HAL_RTC_GetDate                          0x08002ee1   Thumb Code    78  stm32f1xx_hal_rtc.o(i.HAL_RTC_GetDate)
    HAL_RTC_GetTime                          0x08002f2f   Thumb Code   216  stm32f1xx_hal_rtc.o(i.HAL_RTC_GetTime)
    HAL_RTC_Init                             0x08003009   Thumb Code   144  stm32f1xx_hal_rtc.o(i.HAL_RTC_Init)
    HAL_RTC_MspInit                          0x0800309d   Thumb Code    40  rtc.o(i.HAL_RTC_MspInit)
    HAL_RTC_SetDate                          0x080030d1   Thumb Code   192  stm32f1xx_hal_rtc.o(i.HAL_RTC_SetDate)
    HAL_RTC_SetTime                          0x08003195   Thumb Code   170  stm32f1xx_hal_rtc.o(i.HAL_RTC_SetTime)
    HAL_RTC_WaitForSynchro                   0x08003245   Thumb Code    58  stm32f1xx_hal_rtc.o(i.HAL_RTC_WaitForSynchro)
    HAL_SPI_Init                             0x0800327f   Thumb Code   178  stm32f1xx_hal_spi.o(i.HAL_SPI_Init)
    HAL_SPI_MspInit                          0x08003331   Thumb Code   102  spi.o(i.HAL_SPI_MspInit)
    HAL_SPI_TransmitReceive                  0x080033a5   Thumb Code   488  stm32f1xx_hal_spi.o(i.HAL_SPI_TransmitReceive)
    HAL_TIMEx_BreakCallback                  0x0800358d   Thumb Code     2  stm32f1xx_hal_tim_ex.o(i.HAL_TIMEx_BreakCallback)
    HAL_TIMEx_CommutCallback                 0x0800358f   Thumb Code     2  stm32f1xx_hal_tim_ex.o(i.HAL_TIMEx_CommutCallback)
    HAL_TIMEx_MasterConfigSynchronization    0x08003591   Thumb Code   104  stm32f1xx_hal_tim_ex.o(i.HAL_TIMEx_MasterConfigSynchronization)
    HAL_TIM_Base_Init                        0x0800360d   Thumb Code    90  stm32f1xx_hal_tim.o(i.HAL_TIM_Base_Init)
    HAL_TIM_Base_MspInit                     0x08003669   Thumb Code   136  tim.o(i.HAL_TIM_Base_MspInit)
    HAL_TIM_Base_Start_IT                    0x08003705   Thumb Code    88  stm32f1xx_hal_tim.o(i.HAL_TIM_Base_Start_IT)
    HAL_TIM_ConfigClockSource                0x08003771   Thumb Code   220  stm32f1xx_hal_tim.o(i.HAL_TIM_ConfigClockSource)
    HAL_TIM_IC_CaptureCallback               0x0800384d   Thumb Code     2  stm32f1xx_hal_tim.o(i.HAL_TIM_IC_CaptureCallback)
    HAL_TIM_IRQHandler                       0x0800384f   Thumb Code   358  stm32f1xx_hal_tim.o(i.HAL_TIM_IRQHandler)
    HAL_TIM_MspPostInit                      0x080039b5   Thumb Code    62  tim.o(i.HAL_TIM_MspPostInit)
    HAL_TIM_OC_DelayElapsedCallback          0x08003a01   Thumb Code     2  stm32f1xx_hal_tim.o(i.HAL_TIM_OC_DelayElapsedCallback)
    HAL_TIM_PWM_ConfigChannel                0x08003a03   Thumb Code   204  stm32f1xx_hal_tim.o(i.HAL_TIM_PWM_ConfigChannel)
    HAL_TIM_PWM_Init                         0x08003acf   Thumb Code    90  stm32f1xx_hal_tim.o(i.HAL_TIM_PWM_Init)
    HAL_TIM_PWM_MspInit                      0x08003b29   Thumb Code     2  stm32f1xx_hal_tim.o(i.HAL_TIM_PWM_MspInit)
    HAL_TIM_PWM_PulseFinishedCallback        0x08003b2b   Thumb Code     2  stm32f1xx_hal_tim.o(i.HAL_TIM_PWM_PulseFinishedCallback)
    HAL_TIM_PeriodElapsedCallback            0x08003b2d   Thumb Code    14  main.o(i.HAL_TIM_PeriodElapsedCallback)
    HAL_TIM_SlaveConfigSynchro               0x08003b41   Thumb Code    82  stm32f1xx_hal_tim.o(i.HAL_TIM_SlaveConfigSynchro)
    HAL_TIM_TriggerCallback                  0x08003b93   Thumb Code     2  stm32f1xx_hal_tim.o(i.HAL_TIM_TriggerCallback)
    HAL_UARTEx_RxEventCallback               0x08003b95   Thumb Code     2  stm32f1xx_hal_uart.o(i.HAL_UARTEx_RxEventCallback)
    HAL_UART_ErrorCallback                   0x08003b99   Thumb Code    14  stm32f1xx_it.o(i.HAL_UART_ErrorCallback)
    HAL_UART_GetState                        0x08003bad   Thumb Code    10  stm32f1xx_hal_uart.o(i.HAL_UART_GetState)
    HAL_UART_IRQHandler                      0x08003bb9   Thumb Code   616  stm32f1xx_hal_uart.o(i.HAL_UART_IRQHandler)
    HAL_UART_Init                            0x08003e25   Thumb Code   100  stm32f1xx_hal_uart.o(i.HAL_UART_Init)
    HAL_UART_MspInit                         0x08003e89   Thumb Code   198  usart.o(i.HAL_UART_MspInit)
    HAL_UART_RxCpltCallback                  0x08003f65   Thumb Code    34  usart.o(i.HAL_UART_RxCpltCallback)
    HAL_UART_Transmit                        0x08003f91   Thumb Code   154  stm32f1xx_hal_uart.o(i.HAL_UART_Transmit)
    HAL_UART_TxCpltCallback                  0x0800402b   Thumb Code     2  stm32f1xx_hal_uart.o(i.HAL_UART_TxCpltCallback)
    HardFault_Handler                        0x0800402d   Thumb Code     2  stm32f1xx_it.o(i.HardFault_Handler)
    Hum_Hea_State                            0x08004031   Thumb Code    18  contrl.o(i.Hum_Hea_State)
    HumiParaUpdata                           0x08004061   Thumb Code    96  appmange.o(i.HumiParaUpdata)
    I2C_EE_BufferWrite                       0x080040c5   Thumb Code   136  eerpom.o(i.I2C_EE_BufferWrite)
    MX_ADC1_Init                             0x0800414d   Thumb Code   138  adc.o(i.MX_ADC1_Init)
    MX_DMA_Init                              0x080041e1   Thumb Code    22  dma.o(i.MX_DMA_Init)
    MX_FREERTOS_Init                         0x080041fd   Thumb Code   148  freertos.o(i.MX_FREERTOS_Init)
    MX_GPIO_Init                             0x080042d5   Thumb Code   290  gpio.o(i.MX_GPIO_Init)
    MX_RTC_Init                              0x0800440d   Thumb Code    96  rtc.o(i.MX_RTC_Init)
    MX_SPI2_Init                             0x08004475   Thumb Code    64  spi.o(i.MX_SPI2_Init)
    MX_TIM3_Init                             0x080044bd   Thumb Code   154  tim.o(i.MX_TIM3_Init)
    MX_TIM5_Init                             0x08004561   Thumb Code   100  tim.o(i.MX_TIM5_Init)
    MX_USART2_UART_Init                      0x080045cd   Thumb Code    48  usart.o(i.MX_USART2_UART_Init)
    MemManage_Handler                        0x08004605   Thumb Code     2  stm32f1xx_it.o(i.MemManage_Handler)
    NMI_Handler                              0x08004607   Thumb Code     2  stm32f1xx_it.o(i.NMI_Handler)
    ParCheck                                 0x0800489d   Thumb Code    40  paratask.o(i.ParCheck)
    ParLoad                                  0x080048c9   Thumb Code   172  paratask.o(i.ParLoad)
    ParSaveCheck                             0x08004a5d   Thumb Code   136  paratask.o(i.ParSaveCheck)
    ParaTask                                 0x08004af9   Thumb Code    28  paratask.o(i.ParaTask)
    ProgramAPP                               0x08004b19   Thumb Code   286  contrl.o(i.ProgramAPP)
    ProgramemodeTask                         0x08004c45   Thumb Code    44  contrl.o(i.ProgramemodeTask)
    RegHoldRead                              0x08004e95   Thumb Code   366  port.o(i.RegHoldRead)
    RegHoldWrite                             0x08005029   Thumb Code    64  port.o(i.RegHoldWrite)
    RtcTask                                  0x08005075   Thumb Code    32  freertos.o(i.RtcTask)
    SPI2_ReadWriteByte                       0x080050a1   Thumb Code    28  spi.o(i.SPI2_ReadWriteByte)
    StableCheck                              0x08005199   Thumb Code   206  appmange.o(i.StableCheck)
    StartDefaultTask                         0x08005271   Thumb Code     8  freertos.o(i.StartDefaultTask)
    SysParInit                               0x08005279   Thumb Code    50  paratask.o(i.SysParInit)
    SysTick_Handler                          0x080052b5   Thumb Code    38  port_1.o(i.SysTick_Handler)
    SystemClock_Config                       0x080052e1   Thumb Code   134  main.o(i.SystemClock_Config)
    SystemInit                               0x08005367   Thumb Code     2  system_stm32f1xx.o(i.SystemInit)
    TIM1_UP_IRQHandler                       0x08005369   Thumb Code     6  stm32f1xx_it.o(i.TIM1_UP_IRQHandler)
    TIM4_IRQHandler                          0x08005375   Thumb Code    40  stm32f1xx_it.o(i.TIM4_IRQHandler)
    TIM5_IRQHandler                          0x080053a1   Thumb Code   188  stm32f1xx_it.o(i.TIM5_IRQHandler)
    TIM_Base_SetConfig                       0x08005471   Thumb Code   120  stm32f1xx_hal_tim.o(i.TIM_Base_SetConfig)
    TIM_ETR_SetConfig                        0x080054fd   Thumb Code    20  stm32f1xx_hal_tim.o(i.TIM_ETR_SetConfig)
    TIM_OC2_SetConfig                        0x08005581   Thumb Code    98  stm32f1xx_hal_tim.o(i.TIM_OC2_SetConfig)
    TempParaUpdata                           0x080058ed   Thumb Code    94  appmange.o(i.TempParaUpdata)
    Temp_Hea_State                           0x08005951   Thumb Code    18  contrl.o(i.Temp_Hea_State)
    USART2_IRQHandler                        0x08005be9   Thumb Code     6  stm32f1xx_it.o(i.USART2_IRQHandler)
    USART3_IRQHandler                        0x08005bf5   Thumb Code    52  stm32f1xx_it.o(i.USART3_IRQHandler)
    UsageFault_Handler                       0x08005c2d   Thumb Code     2  stm32f1xx_it.o(i.UsageFault_Handler)
    __0printf                                0x08005c31   Thumb Code    22  printfa.o(i.__0printf)
    __1printf                                0x08005c31   Thumb Code     0  printfa.o(i.__0printf)
    __2printf                                0x08005c31   Thumb Code     0  printfa.o(i.__0printf)
    __c89printf                              0x08005c31   Thumb Code     0  printfa.o(i.__0printf)
    printf                                   0x08005c31   Thumb Code     0  printfa.o(i.__0printf)
    __scatterload_copy                       0x08005c71   Thumb Code    14  handlers.o(i.__scatterload_copy)
    __scatterload_null                       0x08005c7f   Thumb Code     2  handlers.o(i.__scatterload_null)
    __scatterload_zeroinit                   0x08005c81   Thumb Code    14  handlers.o(i.__scatterload_zeroinit)
    bControl                                 0x08006525   Thumb Code   108  flow.o(i.bControl)
    eMBEnable                                0x080065a1   Thumb Code    28  mb.o(i.eMBEnable)
    eMBFuncReadCoils                         0x080065c1   Thumb Code   114  mbfunccoils.o(i.eMBFuncReadCoils)
    eMBFuncReadDiscreteInputs                0x08006633   Thumb Code   114  mbfuncdisc.o(i.eMBFuncReadDiscreteInputs)
    eMBFuncReadHoldingRegister               0x080066a5   Thumb Code    94  mbfuncholding.o(i.eMBFuncReadHoldingRegister)
    eMBFuncReadInputRegister                 0x08006703   Thumb Code    98  mbfuncinput.o(i.eMBFuncReadInputRegister)
    eMBFuncReadWriteMultipleHoldingRegister  0x08006765   Thumb Code   156  mbfuncholding.o(i.eMBFuncReadWriteMultipleHoldingRegister)
    eMBFuncReportSlaveID                     0x08006801   Thumb Code    26  mbfuncother.o(i.eMBFuncReportSlaveID)
    eMBFuncWriteCoil                         0x08006825   Thumb Code    86  mbfunccoils.o(i.eMBFuncWriteCoil)
    eMBFuncWriteHoldingRegister              0x0800687d   Thumb Code    54  mbfuncholding.o(i.eMBFuncWriteHoldingRegister)
    eMBFuncWriteMultipleCoils                0x080068b9   Thumb Code   100  mbfunccoils.o(i.eMBFuncWriteMultipleCoils)
    eMBFuncWriteMultipleHoldingRegister      0x0800691d   Thumb Code    78  mbfuncholding.o(i.eMBFuncWriteMultipleHoldingRegister)
    eMBInit                                  0x0800696d   Thumb Code    96  mb.o(i.eMBInit)
    eMBPoll                                  0x080069ed   Thumb Code   174  mb.o(i.eMBPoll)
    eMBRTUInit                               0x08006aa1   Thumb Code    68  mbrtu.o(i.eMBRTUInit)
    eMBRTUReceive                            0x08006ae9   Thumb Code    82  mbrtu.o(i.eMBRTUReceive)
    eMBRTUSend                               0x08006b45   Thumb Code    94  mbrtu.o(i.eMBRTUSend)
    eMBRTUStart                              0x08006bad   Thumb Code    32  mbrtu.o(i.eMBRTUStart)
    eMBRTUStop                               0x08006bd1   Thumb Code    28  mbrtu.o(i.eMBRTUStop)
    eMBRegCoilsCB                            0x08006bed   Thumb Code     4  port.o(i.eMBRegCoilsCB)
    eMBRegDiscreteCB                         0x08006bf1   Thumb Code     4  port.o(i.eMBRegDiscreteCB)
    eMBRegHoldingCB                          0x08006bf5   Thumb Code   106  port.o(i.eMBRegHoldingCB)
    eMBRegInputCB                            0x08006c65   Thumb Code    60  port.o(i.eMBRegInputCB)
    ee_CheckOk                               0x08006ca5   Thumb Code    22  eerpom.o(i.ee_CheckOk)
    ee_ReadBytes                             0x08006cbb   Thumb Code   118  eerpom.o(i.ee_ReadBytes)
    ee_WriteBytes                            0x08006d31   Thumb Code   126  eerpom.o(i.ee_WriteBytes)
    fputc                                    0x08006db1   Thumb Code    20  usart.o(i.fputc)
    i2c_Ack                                  0x08006dc9   Thumb Code    34  iic.o(i.i2c_Ack)
    i2c_CfgGpio                              0x08006df1   Thumb Code    88  iic.o(i.i2c_CfgGpio)
    i2c_CheckDevice                          0x08006e51   Thumb Code    32  iic.o(i.i2c_CheckDevice)
    i2c_Delay                                0x08006e71   Thumb Code    12  iic.o(i.i2c_Delay)
    i2c_NAck                                 0x08006e7d   Thumb Code    34  iic.o(i.i2c_NAck)
    i2c_ReadByte                             0x08006ea5   Thumb Code    54  iic.o(i.i2c_ReadByte)
    i2c_SendByte                             0x08006ee1   Thumb Code    60  iic.o(i.i2c_SendByte)
    i2c_Start                                0x08006f21   Thumb Code    40  iic.o(i.i2c_Start)
    i2c_Stop                                 0x08006f4d   Thumb Code    28  iic.o(i.i2c_Stop)
    i2c_WaitAck                              0x08006f6d   Thumb Code    54  iic.o(i.i2c_WaitAck)
    main                                     0x08006fa9   Thumb Code   174  main.o(i.main)
    mbTask                                   0x0800706d   Thumb Code    56  freertos.o(i.mbTask)
    my_mem_free                              0x080070d1   Thumb Code    78  malloc.o(i.my_mem_free)
    my_mem_init                              0x08007129   Thumb Code    50  malloc.o(i.my_mem_init)
    my_mem_malloc                            0x08007165   Thumb Code   130  malloc.o(i.my_mem_malloc)
    my_mem_perused                           0x080071f1   Thumb Code    48  malloc.o(i.my_mem_perused)
    myfree                                   0x08007229   Thumb Code    50  malloc.o(i.myfree)
    mymalloc                                 0x08007261   Thumb Code    28  malloc.o(i.mymalloc)
    mymemset                                 0x08007281   Thumb Code    12  malloc.o(i.mymemset)
    osDelay                                  0x0800728d   Thumb Code    46  cmsis_os2.o(i.osDelay)
    osKernelInitialize                       0x080072c1   Thumb Code    50  cmsis_os2.o(i.osKernelInitialize)
    osKernelStart                            0x080072f9   Thumb Code    58  cmsis_os2.o(i.osKernelStart)
    osMessageQueueNew                        0x08007339   Thumb Code   110  cmsis_os2.o(i.osMessageQueueNew)
    osMutexAcquire                           0x080073ad   Thumb Code   104  cmsis_os2.o(i.osMutexAcquire)
    osMutexRelease                           0x08007419   Thumb Code    88  cmsis_os2.o(i.osMutexRelease)
    osThreadNew                              0x08007475   Thumb Code   158  cmsis_os2.o(i.osThreadNew)
    osTimerNew                               0x08007519   Thumb Code   124  cmsis_os2.o(i.osTimerNew)
    osTimerStart                             0x0800759d   Thumb Code    70  cmsis_os2.o(i.osTimerStart)
    prveMBError2Exception                    0x08007d7f   Thumb Code    24  mbutils.o(i.prveMBError2Exception)
    prvvTIMERExpiredISR                      0x08007d99   Thumb Code     6  porttimer.o(i.prvvTIMERExpiredISR)
    prvvUARTRxISR                            0x08007da5   Thumb Code     6  portserial.o(i.prvvUARTRxISR)
    prvvUARTTxReadyISR                       0x08007db1   Thumb Code     6  portserial.o(i.prvvUARTTxReadyISR)
    pvPortMalloc                             0x08007dbd   Thumb Code   210  heap_4.o(i.pvPortMalloc)
    pvTaskIncrementMutexHeldCount            0x08007e95   Thumb Code    18  tasks.o(i.pvTaskIncrementMutexHeldCount)
    pvTimerGetTimerID                        0x08007ead   Thumb Code    36  timers.o(i.pvTimerGetTimerID)
    pxPortInitialiseStack                    0x08007ed1   Thumb Code    32  port_1.o(i.pxPortInitialiseStack)
    usMBCRC16                                0x08007ef5   Thumb Code    38  mbcrc.o(i.usMBCRC16)
    uxListRemove                             0x08007f21   Thumb Code    38  list.o(i.uxListRemove)
    uxTaskGetStackHighWaterMark              0x08007f49   Thumb Code    12  tasks.o(i.uxTaskGetStackHighWaterMark)
    vApplicationGetIdleTaskMemory            0x08007f59   Thumb Code    16  cmsis_os2.o(i.vApplicationGetIdleTaskMemory)
    vApplicationGetTimerTaskMemory           0x08007f6d   Thumb Code    16  cmsis_os2.o(i.vApplicationGetTimerTaskMemory)
    vListInitialise                          0x08007f81   Thumb Code    22  list.o(i.vListInitialise)
    vListInitialiseItem                      0x08007f97   Thumb Code     6  list.o(i.vListInitialiseItem)
    vListInsert                              0x08007f9d   Thumb Code    48  list.o(i.vListInsert)
    vListInsertEnd                           0x08007fcd   Thumb Code    24  list.o(i.vListInsertEnd)
    vMBPortSerialEnable                      0x08007fe5   Thumb Code    44  portserial.o(i.vMBPortSerialEnable)
    vMBPortTimersDisable                     0x08008015   Thumb Code    56  porttimer.o(i.vMBPortTimersDisable)
    vMBPortTimersEnable                      0x08008051   Thumb Code    38  porttimer.o(i.vMBPortTimersEnable)
    vPortEnterCritical                       0x0800807d   Thumb Code    54  port_1.o(i.vPortEnterCritical)
    vPortExitCritical                        0x080080bd   Thumb Code    34  port_1.o(i.vPortExitCritical)
    vPortFree                                0x080080e5   Thumb Code    88  heap_4.o(i.vPortFree)
    vPortSetupTimerInterrupt                 0x08008141   Thumb Code    32  port_1.o(i.vPortSetupTimerInterrupt)
    vPortValidateInterruptPriority           0x08008165   Thumb Code    74  port_1.o(i.vPortValidateInterruptPriority)
    vQueueAddToRegistry                      0x080081b9   Thumb Code    32  queue.o(i.vQueueAddToRegistry)
    vQueueWaitForMessageRestricted           0x080081dd   Thumb Code    68  queue.o(i.vQueueWaitForMessageRestricted)
    vTaskDelay                               0x08008221   Thumb Code    66  tasks.o(i.vTaskDelay)
    vTaskInternalSetTimeOutState             0x0800826d   Thumb Code    12  tasks.o(i.vTaskInternalSetTimeOutState)
    vTaskMissedYield                         0x0800827d   Thumb Code     8  tasks.o(i.vTaskMissedYield)
    vTaskPlaceOnEventList                    0x08008289   Thumb Code    44  tasks.o(i.vTaskPlaceOnEventList)
    vTaskPlaceOnEventListRestricted          0x080082b9   Thumb Code    52  tasks.o(i.vTaskPlaceOnEventListRestricted)
    vTaskPriorityDisinheritAfterTimeout      0x080082f1   Thumb Code   136  tasks.o(i.vTaskPriorityDisinheritAfterTimeout)
    vTaskStartScheduler                      0x08008381   Thumb Code   116  tasks.o(i.vTaskStartScheduler)
    vTaskSuspendAll                          0x08008405   Thumb Code    10  tasks.o(i.vTaskSuspendAll)
    vTaskSwitchContext                       0x08008415   Thumb Code    90  tasks.o(i.vTaskSwitchContext)
    xMBPortEventGet                          0x08008479   Thumb Code    24  portevent.o(i.xMBPortEventGet)
    xMBPortEventInit                         0x08008495   Thumb Code    10  portevent.o(i.xMBPortEventInit)
    xMBPortEventPost                         0x080084a5   Thumb Code    12  portevent.o(i.xMBPortEventPost)
    xMBPortSerialGetByte                     0x080084b5   Thumb Code    22  portserial.o(i.xMBPortSerialGetByte)
    xMBPortSerialInit                        0x080084d5   Thumb Code    94  portserial.o(i.xMBPortSerialInit)
    xMBPortSerialPutByte                     0x0800853d   Thumb Code    24  portserial.o(i.xMBPortSerialPutByte)
    xMBPortTimersInit                        0x08008559   Thumb Code   152  porttimer.o(i.xMBPortTimersInit)
    xMBRTUReceiveFSM                         0x080085fd   Thumb Code    96  mbrtu.o(i.xMBRTUReceiveFSM)
    xMBRTUTimerT35Expired                    0x08008665   Thumb Code    58  mbrtu.o(i.xMBRTUTimerT35Expired)
    xMBRTUTransmitFSM                        0x080086a5   Thumb Code    86  mbrtu.o(i.xMBRTUTransmitFSM)
    xPortStartScheduler                      0x08008701   Thumb Code   156  port_1.o(i.xPortStartScheduler)
    xQueueGenericCreate                      0x080087a9   Thumb Code    72  queue.o(i.xQueueGenericCreate)
    xQueueGenericCreateStatic                0x080087f1   Thumb Code   102  queue.o(i.xQueueGenericCreateStatic)
    xQueueGenericReset                       0x08008859   Thumb Code   132  queue.o(i.xQueueGenericReset)
    xQueueGenericSend                        0x080088e1   Thumb Code   350  queue.o(i.xQueueGenericSend)
    xQueueGenericSendFromISR                 0x08008a45   Thumb Code   188  queue.o(i.xQueueGenericSendFromISR)
    xQueueGiveMutexRecursive                 0x08008b01   Thumb Code    62  queue.o(i.xQueueGiveMutexRecursive)
    xQueueReceive                            0x08008b41   Thumb Code   308  queue.o(i.xQueueReceive)
    xQueueSemaphoreTake                      0x08008c79   Thumb Code   372  queue.o(i.xQueueSemaphoreTake)
    xQueueTakeMutexRecursive                 0x08008df1   Thumb Code    64  queue.o(i.xQueueTakeMutexRecursive)
    xTaskCheckForTimeOut                     0x08008e31   Thumb Code   112  tasks.o(i.xTaskCheckForTimeOut)
    xTaskCreate                              0x08008ea5   Thumb Code    90  tasks.o(i.xTaskCreate)
    xTaskCreateStatic                        0x08008eff   Thumb Code    90  tasks.o(i.xTaskCreateStatic)
    xTaskGetCurrentTaskHandle                0x08008f59   Thumb Code     6  tasks.o(i.xTaskGetCurrentTaskHandle)
    xTaskGetSchedulerState                   0x08008f65   Thumb Code    22  tasks.o(i.xTaskGetSchedulerState)
    xTaskGetTickCount                        0x08008f81   Thumb Code     6  tasks.o(i.xTaskGetTickCount)
    xTaskIncrementTick                       0x08008f8d   Thumb Code   190  tasks.o(i.xTaskIncrementTick)
    xTaskPriorityDisinherit                  0x08009055   Thumb Code   116  tasks.o(i.xTaskPriorityDisinherit)
    xTaskPriorityInherit                     0x080090d1   Thumb Code   114  tasks.o(i.xTaskPriorityInherit)
    xTaskRemoveFromEventList                 0x0800914d   Thumb Code    98  tasks.o(i.xTaskRemoveFromEventList)
    xTaskResumeAll                           0x080091bd   Thumb Code   180  tasks.o(i.xTaskResumeAll)
    xTimerCreate                             0x0800927d   Thumb Code    52  timers.o(i.xTimerCreate)
    xTimerCreateStatic                       0x080092b1   Thumb Code    46  timers.o(i.xTimerCreateStatic)
    xTimerCreateTimerTask                    0x080092e1   Thumb Code    78  timers.o(i.xTimerCreateTimerTask)
    xTimerGenericCommand                     0x08009341   Thumb Code    94  timers.o(i.xTimerGenericCommand)
    defaultTask_attributes                   0x080093a4   Data          36  freertos.o(.constdata)
    tid_Rtc_attributes                       0x080093c8   Data          36  freertos.o(.constdata)
    tid_modbus_attributes                    0x080093ec   Data          36  freertos.o(.constdata)
    tid_APP_attributes                       0x08009410   Data          36  freertos.o(.constdata)
    tid_PromodeTask_attributes               0x08009434   Data          36  freertos.o(.constdata)
    tid_ParaSave_attributes                  0x08009458   Data          36  freertos.o(.constdata)
    tid_CheckIn_attributes                   0x0800947c   Data          36  freertos.o(.constdata)
    ReadonlyQueue0_attributes                0x080094a0   Data          24  freertos.o(.constdata)
    ADC_Timer_attributes                     0x080094b8   Data          16  freertos.o(.constdata)
    AHBPrescTable                            0x080094ec   Data          16  system_stm32f1xx.o(.constdata)
    APBPrescTable                            0x080094fc   Data           8  system_stm32f1xx.o(.constdata)
    memtblsize                               0x08009734   Data           8  malloc.o(.constdata)
    memblksize                               0x0800973c   Data           8  malloc.o(.constdata)
    memsize                                  0x08009744   Data           8  malloc.o(.constdata)
    ParTabAttr                               0x0800974c   Data        5152  paratask.o(.constdata)
    Region$$Table$$Base                      0x0800abdc   Number         0  anon$$obj.o(Region$$Table)
    Region$$Table$$Limit                     0x0800abfc   Number         0  anon$$obj.o(Region$$Table)
    modbuswaterlevel                         0x20000000   Data           4  freertos.o(.data)
    appwaterlevel                            0x20000004   Data           4  freertos.o(.data)
    rtcwaterlevel                            0x20000008   Data           4  freertos.o(.data)
    prograwatrlevel                          0x2000000c   Data           4  freertos.o(.data)
    osTimerTest                              0x20000010   Data           4  freertos.o(.data)
    defaultTaskHandle                        0x20000014   Data           4  freertos.o(.data)
    tid_RtcHandle                            0x20000018   Data           4  freertos.o(.data)
    tid_modbusHandle                         0x2000001c   Data           4  freertos.o(.data)
    tid_APPHandle                            0x20000020   Data           4  freertos.o(.data)
    tid_PromodeTaskHandle                    0x20000024   Data           4  freertos.o(.data)
    tid_ParaSaveHandle                       0x20000028   Data           4  freertos.o(.data)
    tid_CheckInHandle                        0x2000002c   Data           4  freertos.o(.data)
    ReadonlyQueue0Handle                     0x20000030   Data           4  freertos.o(.data)
    ADC_TimerHandle                          0x20000034   Data           4  freertos.o(.data)
    sTime                                    0x20000038   Data           3  rtc.o(.data)
    DateToUpdate                             0x2000003b   Data           4  rtc.o(.data)
    uwTickFreq                               0x20000044   Data           1  stm32f1xx_hal.o(.data)
    uwTickPrio                               0x20000048   Data           4  stm32f1xx_hal.o(.data)
    uwTick                                   0x2000004c   Data           4  stm32f1xx_hal.o(.data)
    SystemCoreClock                          0x20000050   Data           4  system_stm32f1xx.o(.data)
    pucFrame_buf                             0x20000054   Data           4  mbfuncholding.o(.data)
    pxMBFrameCBByteReceived                  0x20000088   Data           4  mb.o(.data)
    pxMBFrameCBTransmitterEmpty              0x2000008c   Data           4  mb.o(.data)
    pxMBPortCBTimerExpired                   0x20000090   Data           4  mb.o(.data)
    usAddr_value                             0x20000118   Data           2  port.o(.data)
    Data                                     0x2000011a   Data           2  port.o(.data)
    positon                                  0x2000011c   Data           2  port.o(.data)
    buff                                     0x20000120   Data           4  port.o(.data)
    ProStartRun                              0x20000130   Data           2  contrl.o(.data)
    CurrentDuan                              0x20000132   Data           2  contrl.o(.data)
    ProModeStructment                        0x20000134   Data           4  contrl.o(.data)
    WaterLevelState                          0x2000013c   Data           1  appmange.o(.data)
    Time_ADCSwitch                           0x20000144   Data           4  appmange.o(.data)
    temp_p_display                           0x20000148   Data           4  appmange.o(.data)
    temp_i_display                           0x2000014c   Data           4  appmange.o(.data)
    EvFunTab                                 0x20000168   Data          16  appmange.o(.data)
    mid_malloc                               0x20000178   Data           4  malloc.o(.data)
    mallco_dev                               0x2000017c   Data          28  malloc.o(.data)
    Posdis                                   0x2000019c   Data           2  paratask.o(.data)
    pxCurrentTCB                             0x200001a0   Data           4  tasks.o(.data)
    __stdout                                 0x20000218   Data           4  stdout.o(.data)
    hadc1                                    0x2000021c   Data          48  adc.o(.bss)
    hdma_adc1                                0x2000024c   Data          68  adc.o(.bss)
    hrtc                                     0x20000290   Data          20  rtc.o(.bss)
    hspi2                                    0x200002a4   Data          88  spi.o(.bss)
    htim3                                    0x200002fc   Data          72  tim.o(.bss)
    htim4                                    0x20000344   Data          72  tim.o(.bss)
    htim5                                    0x2000038c   Data          72  tim.o(.bss)
    huart2                                   0x200003d4   Data          72  usart.o(.bss)
    huart3                                   0x2000041c   Data          72  usart.o(.bss)
    htim1                                    0x20000464   Data          72  stm32f1xx_hal_timebase_tim.o(.bss)
    ucRTUBuf                                 0x200004cc   Data         256  mbrtu.o(.bss)
    ParTab                                   0x200005cc   Data         358  port.o(.bss)
    ParReceive                               0x20000732   Data         358  port.o(.bss)
    ParUnSaved                               0x20000898   Data          50  port.o(.bss)
    ParSaved                                 0x200008ca   Data         358  port.o(.bss)
    SensorType                               0x20000ae0   Data         160  appmange.o(.bss)
    mem1base                                 0x20000b80   Data        8192  malloc.o(.bss)
    mem1mapbase                              0x20002b80   Data        2048  malloc.o(.bss)
    xQueueRegistry                           0x20003380   Data          64  queue.o(.bss)
    __initial_sp                             0x20005158   Data           0  startup_stm32f103xe.o(STACK)
    mem2base                                 0x68000000   Data        8192  malloc.o(.ARM.__AT_0x68000000)
    mem2mapbase                              0x68002000   Data        2048  malloc.o(.ARM.__AT_0x68002000)



==============================================================================

Memory Map of the image

  Image Entry point : 0x08000131

  Load Region LR_IROM1 (Base: 0x08000000, Size: 0x0000ae18, Max: 0x00040000, ABSOLUTE, COMPRESSED[0x0000ac70])

    Execution Region ER_IROM1 (Exec base: 0x08000000, Load base: 0x08000000, Size: 0x0000abfc, Max: 0x00040000, ABSOLUTE)

    Exec Addr    Load Addr    Size         Type   Attr      Idx    E Section Name        Object

    0x08000000   0x08000000   0x00000130   Data   RO            3    RESET               startup_stm32f103xe.o
    0x08000130   0x08000130   0x00000000   Code   RO         7141  * .ARM.Collect$$$$00000000  mc_w.l(entry.o)
    0x08000130   0x08000130   0x00000004   Code   RO         7457    .ARM.Collect$$$$00000001  mc_w.l(entry2.o)
    0x08000134   0x08000134   0x00000004   Code   RO         7460    .ARM.Collect$$$$00000004  mc_w.l(entry5.o)
    0x08000138   0x08000138   0x00000000   Code   RO         7462    .ARM.Collect$$$$00000008  mc_w.l(entry7b.o)
    0x08000138   0x08000138   0x00000000   Code   RO         7464    .ARM.Collect$$$$0000000A  mc_w.l(entry8b.o)
    0x08000138   0x08000138   0x00000008   Code   RO         7465    .ARM.Collect$$$$0000000B  mc_w.l(entry9a.o)
    0x08000140   0x08000140   0x00000000   Code   RO         7467    .ARM.Collect$$$$0000000D  mc_w.l(entry10a.o)
    0x08000140   0x08000140   0x00000000   Code   RO         7469    .ARM.Collect$$$$0000000F  mc_w.l(entry11a.o)
    0x08000140   0x08000140   0x00000004   Code   RO         7458    .ARM.Collect$$$$00002712  mc_w.l(entry2.o)
    0x08000144   0x08000144   0x00000096   Code   RO         7064    .emb_text           port_1.o
    0x080001da   0x080001da   0x00000002   PAD
    0x080001dc   0x080001dc   0x00000024   Code   RO            4    .text               startup_stm32f103xe.o
    0x08000200   0x08000200   0x00000020   Code   RO         7144    .text               mc_w.l(llushr.o)
    0x08000220   0x08000220   0x00000024   Code   RO         7148    .text               mc_w.l(memcpya.o)
    0x08000244   0x08000244   0x00000024   Code   RO         7152    .text               mc_w.l(memseta.o)
    0x08000268   0x08000268   0x000000b0   Code   RO         7417    .text               mf_w.l(fadd.o)
    0x08000318   0x08000318   0x00000064   Code   RO         7419    .text               mf_w.l(fmul.o)
    0x0800037c   0x0800037c   0x0000007c   Code   RO         7421    .text               mf_w.l(fdiv.o)
    0x080003f8   0x080003f8   0x0000014e   Code   RO         7423    .text               mf_w.l(dadd.o)
    0x08000546   0x08000546   0x000000e4   Code   RO         7425    .text               mf_w.l(dmul.o)
    0x0800062a   0x0800062a   0x000000de   Code   RO         7427    .text               mf_w.l(ddiv.o)
    0x08000708   0x08000708   0x0000002e   Code   RO         7429    .text               mf_w.l(dscalb.o)
    0x08000736   0x08000736   0x00000012   Code   RO         7431    .text               mf_w.l(fflti.o)
    0x08000748   0x08000748   0x0000000a   Code   RO         7433    .text               mf_w.l(ffltui.o)
    0x08000752   0x08000752   0x00000022   Code   RO         7435    .text               mf_w.l(dflti.o)
    0x08000774   0x08000774   0x0000001a   Code   RO         7437    .text               mf_w.l(dfltui.o)
    0x0800078e   0x0800078e   0x00000032   Code   RO         7439    .text               mf_w.l(ffixi.o)
    0x080007c0   0x080007c0   0x00000028   Code   RO         7441    .text               mf_w.l(ffixui.o)
    0x080007e8   0x080007e8   0x0000003e   Code   RO         7443    .text               mf_w.l(dfixi.o)
    0x08000826   0x08000826   0x00000026   Code   RO         7445    .text               mf_w.l(f2d.o)
    0x0800084c   0x0800084c   0x00000030   Code   RO         7447    .text               mf_w.l(cdcmple.o)
    0x0800087c   0x0800087c   0x00000030   Code   RO         7449    .text               mf_w.l(cdrcmple.o)
    0x080008ac   0x080008ac   0x00000038   Code   RO         7451    .text               mf_w.l(d2f.o)
    0x080008e4   0x080008e4   0x00000014   Code   RO         7453    .text               mf_w.l(cfcmple.o)
    0x080008f8   0x080008f8   0x00000014   Code   RO         7455    .text               mf_w.l(cfrcmple.o)
    0x0800090c   0x0800090c   0x0000002c   Code   RO         7472    .text               mc_w.l(uidiv.o)
    0x08000938   0x08000938   0x00000062   Code   RO         7474    .text               mc_w.l(uldiv.o)
    0x0800099a   0x0800099a   0x0000001e   Code   RO         7476    .text               mc_w.l(llshl.o)
    0x080009b8   0x080009b8   0x00000024   Code   RO         7478    .text               mc_w.l(llsshr.o)
    0x080009dc   0x080009dc   0x00000000   Code   RO         7480    .text               mc_w.l(iusefp.o)
    0x080009dc   0x080009dc   0x0000006e   Code   RO         7481    .text               mf_w.l(fepilogue.o)
    0x08000a4a   0x08000a4a   0x000000ba   Code   RO         7483    .text               mf_w.l(depilogue.o)
    0x08000b04   0x08000b04   0x00000030   Code   RO         7485    .text               mf_w.l(dfixul.o)
    0x08000b34   0x08000b34   0x00000024   Code   RO         7487    .text               mc_w.l(init.o)
    0x08000b58   0x08000b58   0x00000056   Code   RO         7497    .text               mc_w.l(__dczerorl2.o)
    0x08000bae   0x08000bae   0x00000002   PAD
    0x08000bb0   0x08000bb0   0x0000000c   Code   RO          700    i.ADC1_2_IRQHandler  stm32f1xx_it.o
    0x08000bbc   0x08000bbc   0x00000044   Code   RO         5089    i.ADCSample         appmange.o
    0x08000c00   0x08000c00   0x00000030   Code   RO          305    i.ADC_Callback      freertos.o
    0x08000c30   0x08000c30   0x00000054   Code   RO          999    i.ADC_ConversionStop_Disable  stm32f1xx_hal_adc.o
    0x08000c84   0x08000c84   0x0000004e   Code   RO         1000    i.ADC_DMAConvCplt   stm32f1xx_hal_adc.o
    0x08000cd2   0x08000cd2   0x0000001a   Code   RO         1001    i.ADC_DMAError      stm32f1xx_hal_adc.o
    0x08000cec   0x08000cec   0x0000000a   Code   RO         1002    i.ADC_DMAHalfConvCplt  stm32f1xx_hal_adc.o
    0x08000cf6   0x08000cf6   0x00000002   PAD
    0x08000cf8   0x08000cf8   0x00000078   Code   RO         1003    i.ADC_Enable        stm32f1xx_hal_adc.o
    0x08000d70   0x08000d70   0x000000b8   Code   RO         5090    i.ADC_Filter        appmange.o
    0x08000e28   0x08000e28   0x000000ac   Code   RO         5091    i.APPTask           appmange.o
    0x08000ed4   0x08000ed4   0x00000208   Code   RO         5092    i.AlarmCode         appmange.o
    0x080010dc   0x080010dc   0x00000002   Code   RO          701    i.BusFault_Handler  stm32f1xx_it.o
    0x080010de   0x080010de   0x00000002   PAD
    0x080010e0   0x080010e0   0x00000028   Code   RO         5327    i.CheckInTask       flow.o
    0x08001108   0x08001108   0x000001b0   Code   RO         5328    i.CompressCtrl      flow.o
    0x080012b8   0x080012b8   0x00000124   Code   RO         5093    i.Control           appmange.o
    0x080013dc   0x080013dc   0x00000024   Code   RO         5094    i.CtrlFun           appmange.o
    0x08001400   0x08001400   0x0000043c   Code   RO         5095    i.CurrentSampleValue  appmange.o
    0x0800183c   0x0800183c   0x0000000c   Code   RO          702    i.DMA1_Channel1_IRQHandler  stm32f1xx_it.o
    0x08001848   0x08001848   0x0000002a   Code   RO         1655    i.DMA_SetConfig     stm32f1xx_hal_dma.o
    0x08001872   0x08001872   0x00000002   PAD
    0x08001874   0x08001874   0x0000009c   Code   RO         5096    i.DataFlt           appmange.o
    0x08001910   0x08001910   0x00000002   Code   RO          703    i.DebugMon_Handler  stm32f1xx_it.o
    0x08001912   0x08001912   0x00000002   PAD
    0x08001914   0x08001914   0x000000dc   Code   RO         5329    i.Deforsting        flow.o
    0x080019f0   0x080019f0   0x00000004   Code   RO           13    i.Error_Handler     main.o
    0x080019f4   0x080019f4   0x00000058   Code   RO         5031    i.FixedMode         contrl.o
    0x08001a4c   0x08001a4c   0x000000d8   Code   RO         1179    i.HAL_ADCEx_Calibration_Start  stm32f1xx_hal_adc_ex.o
    0x08001b24   0x08001b24   0x00000002   Code   RO         1181    i.HAL_ADCEx_InjectedConvCpltCallback  stm32f1xx_hal_adc_ex.o
    0x08001b26   0x08001b26   0x00000002   PAD
    0x08001b28   0x08001b28   0x000000fc   Code   RO         1005    i.HAL_ADC_ConfigChannel  stm32f1xx_hal_adc.o
    0x08001c24   0x08001c24   0x00000002   Code   RO         1006    i.HAL_ADC_ConvCpltCallback  stm32f1xx_hal_adc.o
    0x08001c26   0x08001c26   0x00000002   Code   RO         1007    i.HAL_ADC_ConvHalfCpltCallback  stm32f1xx_hal_adc.o
    0x08001c28   0x08001c28   0x00000002   Code   RO         1009    i.HAL_ADC_ErrorCallback  stm32f1xx_hal_adc.o
    0x08001c2a   0x08001c2a   0x000000dc   Code   RO         1013    i.HAL_ADC_IRQHandler  stm32f1xx_hal_adc.o
    0x08001d06   0x08001d06   0x00000002   PAD
    0x08001d08   0x08001d08   0x00000120   Code   RO         1014    i.HAL_ADC_Init      stm32f1xx_hal_adc.o
    0x08001e28   0x08001e28   0x00000002   Code   RO         1015    i.HAL_ADC_LevelOutOfWindowCallback  stm32f1xx_hal_adc.o
    0x08001e2a   0x08001e2a   0x00000002   PAD
    0x08001e2c   0x08001e2c   0x00000090   Code   RO          402    i.HAL_ADC_MspInit   adc.o
    0x08001ebc   0x08001ebc   0x0000010c   Code   RO         1021    i.HAL_ADC_Start_DMA  stm32f1xx_hal_adc.o
    0x08001fc8   0x08001fc8   0x00000046   Code   RO         1656    i.HAL_DMA_Abort     stm32f1xx_hal_dma.o
    0x0800200e   0x0800200e   0x00000002   PAD
    0x08002010   0x08002010   0x00000130   Code   RO         1657    i.HAL_DMA_Abort_IT  stm32f1xx_hal_dma.o
    0x08002140   0x08002140   0x00000248   Code   RO         1661    i.HAL_DMA_IRQHandler  stm32f1xx_hal_dma.o
    0x08002388   0x08002388   0x0000007c   Code   RO         1662    i.HAL_DMA_Init      stm32f1xx_hal_dma.o
    0x08002404   0x08002404   0x00000070   Code   RO         1666    i.HAL_DMA_Start_IT  stm32f1xx_hal_dma.o
    0x08002474   0x08002474   0x00000024   Code   RO         1282    i.HAL_Delay         stm32f1xx_hal.o
    0x08002498   0x08002498   0x000001f0   Code   RO         1592    i.HAL_GPIO_Init     stm32f1xx_hal_gpio.o
    0x08002688   0x08002688   0x0000000a   Code   RO         1594    i.HAL_GPIO_ReadPin  stm32f1xx_hal_gpio.o
    0x08002692   0x08002692   0x0000000a   Code   RO         1596    i.HAL_GPIO_WritePin  stm32f1xx_hal_gpio.o
    0x0800269c   0x0800269c   0x0000000c   Code   RO         1286    i.HAL_GetTick       stm32f1xx_hal.o
    0x080026a8   0x080026a8   0x00000010   Code   RO         1292    i.HAL_IncTick       stm32f1xx_hal.o
    0x080026b8   0x080026b8   0x00000024   Code   RO         1293    i.HAL_Init          stm32f1xx_hal.o
    0x080026dc   0x080026dc   0x00000074   Code   RO          831    i.HAL_InitTick      stm32f1xx_hal_timebase_tim.o
    0x08002750   0x08002750   0x00000048   Code   RO          807    i.HAL_MspInit       stm32f1xx_hal_msp.o
    0x08002798   0x08002798   0x0000001a   Code   RO         1752    i.HAL_NVIC_EnableIRQ  stm32f1xx_hal_cortex.o
    0x080027b2   0x080027b2   0x00000002   PAD
    0x080027b4   0x080027b4   0x00000040   Code   RO         1758    i.HAL_NVIC_SetPriority  stm32f1xx_hal_cortex.o
    0x080027f4   0x080027f4   0x00000024   Code   RO         1759    i.HAL_NVIC_SetPriorityGrouping  stm32f1xx_hal_cortex.o
    0x08002818   0x08002818   0x0000000c   Code   RO         1874    i.HAL_PWR_EnableBkUpAccess  stm32f1xx_hal_pwr.o
    0x08002824   0x08002824   0x000000b8   Code   RO         1553    i.HAL_RCCEx_GetPeriphCLKFreq  stm32f1xx_hal_rcc_ex.o
    0x080028dc   0x080028dc   0x000000e8   Code   RO         1554    i.HAL_RCCEx_PeriphCLKConfig  stm32f1xx_hal_rcc_ex.o
    0x080029c4   0x080029c4   0x00000138   Code   RO         1450    i.HAL_RCC_ClockConfig  stm32f1xx_hal_rcc.o
    0x08002afc   0x08002afc   0x00000040   Code   RO         1454    i.HAL_RCC_GetClockConfig  stm32f1xx_hal_rcc.o
    0x08002b3c   0x08002b3c   0x00000020   Code   RO         1457    i.HAL_RCC_GetPCLK1Freq  stm32f1xx_hal_rcc.o
    0x08002b5c   0x08002b5c   0x00000020   Code   RO         1458    i.HAL_RCC_GetPCLK2Freq  stm32f1xx_hal_rcc.o
    0x08002b7c   0x08002b7c   0x0000004c   Code   RO         1459    i.HAL_RCC_GetSysClockFreq  stm32f1xx_hal_rcc.o
    0x08002bc8   0x08002bc8   0x00000318   Code   RO         1462    i.HAL_RCC_OscConfig  stm32f1xx_hal_rcc.o
    0x08002ee0   0x08002ee0   0x0000004e   Code   RO         2257    i.HAL_RTC_GetDate   stm32f1xx_hal_rtc.o
    0x08002f2e   0x08002f2e   0x000000d8   Code   RO         2259    i.HAL_RTC_GetTime   stm32f1xx_hal_rtc.o
    0x08003006   0x08003006   0x00000002   PAD
    0x08003008   0x08003008   0x00000094   Code   RO         2260    i.HAL_RTC_Init      stm32f1xx_hal_rtc.o
    0x0800309c   0x0800309c   0x00000034   Code   RO          468    i.HAL_RTC_MspInit   rtc.o
    0x080030d0   0x080030d0   0x000000c4   Code   RO         2266    i.HAL_RTC_SetDate   stm32f1xx_hal_rtc.o
    0x08003194   0x08003194   0x000000b0   Code   RO         2267    i.HAL_RTC_SetTime   stm32f1xx_hal_rtc.o
    0x08003244   0x08003244   0x0000003a   Code   RO         2268    i.HAL_RTC_WaitForSynchro  stm32f1xx_hal_rtc.o
    0x0800327e   0x0800327e   0x000000b2   Code   RO         2535    i.HAL_SPI_Init      stm32f1xx_hal_spi.o
    0x08003330   0x08003330   0x00000074   Code   RO          521    i.HAL_SPI_MspInit   spi.o
    0x080033a4   0x080033a4   0x000001e8   Code   RO         2544    i.HAL_SPI_TransmitReceive  stm32f1xx_hal_spi.o
    0x0800358c   0x0800358c   0x00000002   Code   RO         3552    i.HAL_TIMEx_BreakCallback  stm32f1xx_hal_tim_ex.o
    0x0800358e   0x0800358e   0x00000002   Code   RO         3553    i.HAL_TIMEx_CommutCallback  stm32f1xx_hal_tim_ex.o
    0x08003590   0x08003590   0x0000007c   Code   RO         3571    i.HAL_TIMEx_MasterConfigSynchronization  stm32f1xx_hal_tim_ex.o
    0x0800360c   0x0800360c   0x0000005a   Code   RO         2848    i.HAL_TIM_Base_Init  stm32f1xx_hal_tim.o
    0x08003666   0x08003666   0x00000002   PAD
    0x08003668   0x08003668   0x0000009c   Code   RO          569    i.HAL_TIM_Base_MspInit  tim.o
    0x08003704   0x08003704   0x0000006c   Code   RO         2853    i.HAL_TIM_Base_Start_IT  stm32f1xx_hal_tim.o
    0x08003770   0x08003770   0x000000dc   Code   RO         2857    i.HAL_TIM_ConfigClockSource  stm32f1xx_hal_tim.o
    0x0800384c   0x0800384c   0x00000002   Code   RO         2882    i.HAL_TIM_IC_CaptureCallback  stm32f1xx_hal_tim.o
    0x0800384e   0x0800384e   0x00000166   Code   RO         2896    i.HAL_TIM_IRQHandler  stm32f1xx_hal_tim.o
    0x080039b4   0x080039b4   0x0000004c   Code   RO          570    i.HAL_TIM_MspPostInit  tim.o
    0x08003a00   0x08003a00   0x00000002   Code   RO         2899    i.HAL_TIM_OC_DelayElapsedCallback  stm32f1xx_hal_tim.o
    0x08003a02   0x08003a02   0x000000cc   Code   RO         2920    i.HAL_TIM_PWM_ConfigChannel  stm32f1xx_hal_tim.o
    0x08003ace   0x08003ace   0x0000005a   Code   RO         2923    i.HAL_TIM_PWM_Init  stm32f1xx_hal_tim.o
    0x08003b28   0x08003b28   0x00000002   Code   RO         2925    i.HAL_TIM_PWM_MspInit  stm32f1xx_hal_tim.o
    0x08003b2a   0x08003b2a   0x00000002   Code   RO         2926    i.HAL_TIM_PWM_PulseFinishedCallback  stm32f1xx_hal_tim.o
    0x08003b2c   0x08003b2c   0x00000014   Code   RO           14    i.HAL_TIM_PeriodElapsedCallback  main.o
    0x08003b40   0x08003b40   0x00000052   Code   RO         2937    i.HAL_TIM_SlaveConfigSynchro  stm32f1xx_hal_tim.o
    0x08003b92   0x08003b92   0x00000002   Code   RO         2939    i.HAL_TIM_TriggerCallback  stm32f1xx_hal_tim.o
    0x08003b94   0x08003b94   0x00000002   Code   RO         3831    i.HAL_UARTEx_RxEventCallback  stm32f1xx_hal_uart.o
    0x08003b96   0x08003b96   0x00000002   PAD
    0x08003b98   0x08003b98   0x00000014   Code   RO          704    i.HAL_UART_ErrorCallback  stm32f1xx_it.o
    0x08003bac   0x08003bac   0x0000000a   Code   RO         3847    i.HAL_UART_GetState  stm32f1xx_hal_uart.o
    0x08003bb6   0x08003bb6   0x00000002   PAD
    0x08003bb8   0x08003bb8   0x0000026c   Code   RO         3848    i.HAL_UART_IRQHandler  stm32f1xx_hal_uart.o
    0x08003e24   0x08003e24   0x00000064   Code   RO         3849    i.HAL_UART_Init     stm32f1xx_hal_uart.o
    0x08003e88   0x08003e88   0x000000dc   Code   RO          629    i.HAL_UART_MspInit  usart.o
    0x08003f64   0x08003f64   0x0000002c   Code   RO          630    i.HAL_UART_RxCpltCallback  usart.o
    0x08003f90   0x08003f90   0x0000009a   Code   RO         3857    i.HAL_UART_Transmit  stm32f1xx_hal_uart.o
    0x0800402a   0x0800402a   0x00000002   Code   RO         3860    i.HAL_UART_TxCpltCallback  stm32f1xx_hal_uart.o
    0x0800402c   0x0800402c   0x00000002   Code   RO          705    i.HardFault_Handler  stm32f1xx_it.o
    0x0800402e   0x0800402e   0x00000002   PAD
    0x08004030   0x08004030   0x00000018   Code   RO         5032    i.Hum_Hea_State     contrl.o
    0x08004048   0x08004048   0x00000018   Code   RO         5097    i.Hum_Hea_State     appmange.o
    0x08004060   0x08004060   0x00000064   Code   RO         5098    i.HumiParaUpdata    appmange.o
    0x080040c4   0x080040c4   0x00000088   Code   RO         4971    i.I2C_EE_BufferWrite  eerpom.o
    0x0800414c   0x0800414c   0x00000094   Code   RO          403    i.MX_ADC1_Init      adc.o
    0x080041e0   0x080041e0   0x0000001c   Code   RO          443    i.MX_DMA_Init       dma.o
    0x080041fc   0x080041fc   0x000000d8   Code   RO          308    i.MX_FREERTOS_Init  freertos.o
    0x080042d4   0x080042d4   0x00000138   Code   RO          281    i.MX_GPIO_Init      gpio.o
    0x0800440c   0x0800440c   0x00000068   Code   RO          469    i.MX_RTC_Init       rtc.o
    0x08004474   0x08004474   0x00000048   Code   RO          522    i.MX_SPI2_Init      spi.o
    0x080044bc   0x080044bc   0x000000a4   Code   RO          571    i.MX_TIM3_Init      tim.o
    0x08004560   0x08004560   0x0000006c   Code   RO          573    i.MX_TIM5_Init      tim.o
    0x080045cc   0x080045cc   0x00000038   Code   RO          631    i.MX_USART2_UART_Init  usart.o
    0x08004604   0x08004604   0x00000002   Code   RO          706    i.MemManage_Handler  stm32f1xx_it.o
    0x08004606   0x08004606   0x00000002   Code   RO          707    i.NMI_Handler       stm32f1xx_it.o
    0x08004608   0x08004608   0x00000294   Code   RO         5099    i.PID_Calculate     appmange.o
    0x0800489c   0x0800489c   0x0000002c   Code   RO         5381    i.ParCheck          paratask.o
    0x080048c8   0x080048c8   0x000000e8   Code   RO         5382    i.ParLoad           paratask.o
    0x080049b0   0x080049b0   0x000000ac   Code   RO         5383    i.ParSave           paratask.o
    0x08004a5c   0x08004a5c   0x0000009c   Code   RO         5384    i.ParSaveCheck      paratask.o
    0x08004af8   0x08004af8   0x00000020   Code   RO         5385    i.ParaTask          paratask.o
    0x08004b18   0x08004b18   0x0000012c   Code   RO         5033    i.ProgramAPP        contrl.o
    0x08004c44   0x08004c44   0x0000003c   Code   RO         5034    i.ProgramemodeTask  contrl.o
    0x08004c80   0x08004c80   0x00000012   Code   RO         2269    i.RTC_Bcd2ToByte    stm32f1xx_hal_rtc.o
    0x08004c92   0x08004c92   0x00000016   Code   RO         2270    i.RTC_ByteToBcd2    stm32f1xx_hal_rtc.o
    0x08004ca8   0x08004ca8   0x000000ae   Code   RO         2271    i.RTC_DateUpdate    stm32f1xx_hal_rtc.o
    0x08004d56   0x08004d56   0x00000034   Code   RO         2272    i.RTC_EnterInitMode  stm32f1xx_hal_rtc.o
    0x08004d8a   0x08004d8a   0x00000034   Code   RO         2273    i.RTC_ExitInitMode  stm32f1xx_hal_rtc.o
    0x08004dbe   0x08004dbe   0x0000000e   Code   RO         2274    i.RTC_ReadAlarmCounter  stm32f1xx_hal_rtc.o
    0x08004dcc   0x08004dcc   0x00000020   Code   RO         2275    i.RTC_ReadTimeCounter  stm32f1xx_hal_rtc.o
    0x08004dec   0x08004dec   0x00000056   Code   RO         2276    i.RTC_WeekDayNum    stm32f1xx_hal_rtc.o
    0x08004e42   0x08004e42   0x00000028   Code   RO         2277    i.RTC_WriteAlarmCounter  stm32f1xx_hal_rtc.o
    0x08004e6a   0x08004e6a   0x00000028   Code   RO         2278    i.RTC_WriteTimeCounter  stm32f1xx_hal_rtc.o
    0x08004e92   0x08004e92   0x00000002   PAD
    0x08004e94   0x08004e94   0x00000194   Code   RO         4676    i.RegHoldRead       port.o
    0x08005028   0x08005028   0x0000004c   Code   RO         4677    i.RegHoldWrite      port.o
    0x08005074   0x08005074   0x0000002c   Code   RO          311    i.RtcTask           freertos.o
    0x080050a0   0x080050a0   0x00000020   Code   RO          523    i.SPI2_ReadWriteByte  spi.o
    0x080050c0   0x080050c0   0x00000020   Code   RO         2573    i.SPI_EndRxTxTransaction  stm32f1xx_hal_spi.o
    0x080050e0   0x080050e0   0x000000b8   Code   RO         2578    i.SPI_WaitFlagStateUntilTimeout  stm32f1xx_hal_spi.o
    0x08005198   0x08005198   0x000000d8   Code   RO         5102    i.StableCheck       appmange.o
    0x08005270   0x08005270   0x00000008   Code   RO          312    i.StartDefaultTask  freertos.o
    0x08005278   0x08005278   0x0000003c   Code   RO         5386    i.SysParInit        paratask.o
    0x080052b4   0x080052b4   0x0000002c   Code   RO         7065    i.SysTick_Handler   port_1.o
    0x080052e0   0x080052e0   0x00000086   Code   RO           15    i.SystemClock_Config  main.o
    0x08005366   0x08005366   0x00000002   Code   RO         4183    i.SystemInit        system_stm32f1xx.o
    0x08005368   0x08005368   0x0000000c   Code   RO          708    i.TIM1_UP_IRQHandler  stm32f1xx_it.o
    0x08005374   0x08005374   0x0000002c   Code   RO          709    i.TIM4_IRQHandler   stm32f1xx_it.o
    0x080053a0   0x080053a0   0x000000d0   Code   RO          710    i.TIM5_IRQHandler   stm32f1xx_it.o
    0x08005470   0x08005470   0x0000008c   Code   RO         2941    i.TIM_Base_SetConfig  stm32f1xx_hal_tim.o
    0x080054fc   0x080054fc   0x00000014   Code   RO         2952    i.TIM_ETR_SetConfig  stm32f1xx_hal_tim.o
    0x08005510   0x08005510   0x00000010   Code   RO         2953    i.TIM_ITRx_SetConfig  stm32f1xx_hal_tim.o
    0x08005520   0x08005520   0x00000060   Code   RO         2954    i.TIM_OC1_SetConfig  stm32f1xx_hal_tim.o
    0x08005580   0x08005580   0x0000006c   Code   RO         2955    i.TIM_OC2_SetConfig  stm32f1xx_hal_tim.o
    0x080055ec   0x080055ec   0x00000068   Code   RO         2956    i.TIM_OC3_SetConfig  stm32f1xx_hal_tim.o
    0x08005654   0x08005654   0x00000050   Code   RO         2957    i.TIM_OC4_SetConfig  stm32f1xx_hal_tim.o
    0x080056a4   0x080056a4   0x0000008c   Code   RO         2958    i.TIM_SlaveTimer_SetConfig  stm32f1xx_hal_tim.o
    0x08005730   0x08005730   0x00000022   Code   RO         2959    i.TIM_TI1_ConfigInputStage  stm32f1xx_hal_tim.o
    0x08005752   0x08005752   0x00000024   Code   RO         2961    i.TIM_TI2_ConfigInputStage  stm32f1xx_hal_tim.o
    0x08005776   0x08005776   0x00000002   PAD
    0x08005778   0x08005778   0x00000174   Code   RO         5103    i.TempHumiCalibration  appmange.o
    0x080058ec   0x080058ec   0x00000064   Code   RO         5104    i.TempParaUpdata    appmange.o
    0x08005950   0x08005950   0x00000018   Code   RO         5035    i.Temp_Hea_State    contrl.o
    0x08005968   0x08005968   0x00000018   Code   RO         5105    i.Temp_Hea_State    appmange.o
    0x08005980   0x08005980   0x00000018   Code   RO         6593    i.TimerCallback     cmsis_os2.o
    0x08005998   0x08005998   0x00000010   Code   RO         3862    i.UART_DMAAbortOnError  stm32f1xx_hal_uart.o
    0x080059a8   0x080059a8   0x0000004e   Code   RO         3872    i.UART_EndRxTransfer  stm32f1xx_hal_uart.o
    0x080059f6   0x080059f6   0x000000c2   Code   RO         3874    i.UART_Receive_IT   stm32f1xx_hal_uart.o
    0x08005ab8   0x08005ab8   0x000000b8   Code   RO         3875    i.UART_SetConfig    stm32f1xx_hal_uart.o
    0x08005b70   0x08005b70   0x00000076   Code   RO         3878    i.UART_WaitOnFlagUntilTimeout  stm32f1xx_hal_uart.o
    0x08005be6   0x08005be6   0x00000002   PAD
    0x08005be8   0x08005be8   0x0000000c   Code   RO          711    i.USART2_IRQHandler  stm32f1xx_it.o
    0x08005bf4   0x08005bf4   0x00000038   Code   RO          712    i.USART3_IRQHandler  stm32f1xx_it.o
    0x08005c2c   0x08005c2c   0x00000002   Code   RO          713    i.UsageFault_Handler  stm32f1xx_it.o
    0x08005c2e   0x08005c2e   0x00000002   PAD
    0x08005c30   0x08005c30   0x00000020   Code   RO         7389    i.__0printf         mc_w.l(printfa.o)
    0x08005c50   0x08005c50   0x00000020   Code   RO         1765    i.__NVIC_SetPriority  stm32f1xx_hal_cortex.o
    0x08005c70   0x08005c70   0x0000000e   Code   RO         7491    i.__scatterload_copy  mc_w.l(handlers.o)
    0x08005c7e   0x08005c7e   0x00000002   Code   RO         7492    i.__scatterload_null  mc_w.l(handlers.o)
    0x08005c80   0x08005c80   0x0000000e   Code   RO         7493    i.__scatterload_zeroinit  mc_w.l(handlers.o)
    0x08005c8e   0x08005c8e   0x00000002   PAD
    0x08005c90   0x08005c90   0x00000164   Code   RO         7396    i._fp_digits        mc_w.l(printfa.o)
    0x08005df4   0x08005df4   0x000006dc   Code   RO         7397    i._printf_core      mc_w.l(printfa.o)
    0x080064d0   0x080064d0   0x00000024   Code   RO         7398    i._printf_post_padding  mc_w.l(printfa.o)
    0x080064f4   0x080064f4   0x0000002e   Code   RO         7399    i._printf_pre_padding  mc_w.l(printfa.o)
    0x08006522   0x08006522   0x00000002   PAD
    0x08006524   0x08006524   0x0000007c   Code   RO         5331    i.bControl          flow.o
    0x080065a0   0x080065a0   0x00000020   Code   RO         4610    i.eMBEnable         mb.o
    0x080065c0   0x080065c0   0x00000072   Code   RO         4275    i.eMBFuncReadCoils  mbfunccoils.o
    0x08006632   0x08006632   0x00000072   Code   RO         4314    i.eMBFuncReadDiscreteInputs  mbfuncdisc.o
    0x080066a4   0x080066a4   0x0000005e   Code   RO         4338    i.eMBFuncReadHoldingRegister  mbfuncholding.o
    0x08006702   0x08006702   0x00000062   Code   RO         4383    i.eMBFuncReadInputRegister  mbfuncinput.o
    0x08006764   0x08006764   0x0000009c   Code   RO         4339    i.eMBFuncReadWriteMultipleHoldingRegister  mbfuncholding.o
    0x08006800   0x08006800   0x00000024   Code   RO         4443    i.eMBFuncReportSlaveID  mbfuncother.o
    0x08006824   0x08006824   0x00000056   Code   RO         4276    i.eMBFuncWriteCoil  mbfunccoils.o
    0x0800687a   0x0800687a   0x00000002   PAD
    0x0800687c   0x0800687c   0x0000003c   Code   RO         4340    i.eMBFuncWriteHoldingRegister  mbfuncholding.o
    0x080068b8   0x080068b8   0x00000064   Code   RO         4277    i.eMBFuncWriteMultipleCoils  mbfunccoils.o
    0x0800691c   0x0800691c   0x0000004e   Code   RO         4341    i.eMBFuncWriteMultipleHoldingRegister  mbfuncholding.o
    0x0800696a   0x0800696a   0x00000002   PAD
    0x0800696c   0x0800696c   0x00000080   Code   RO         4611    i.eMBInit           mb.o
    0x080069ec   0x080069ec   0x000000b4   Code   RO         4612    i.eMBPoll           mb.o
    0x08006aa0   0x08006aa0   0x00000048   Code   RO         4508    i.eMBRTUInit        mbrtu.o
    0x08006ae8   0x08006ae8   0x0000005c   Code   RO         4509    i.eMBRTUReceive     mbrtu.o
    0x08006b44   0x08006b44   0x00000068   Code   RO         4510    i.eMBRTUSend        mbrtu.o
    0x08006bac   0x08006bac   0x00000024   Code   RO         4511    i.eMBRTUStart       mbrtu.o
    0x08006bd0   0x08006bd0   0x0000001c   Code   RO         4512    i.eMBRTUStop        mbrtu.o
    0x08006bec   0x08006bec   0x00000004   Code   RO         4678    i.eMBRegCoilsCB     port.o
    0x08006bf0   0x08006bf0   0x00000004   Code   RO         4679    i.eMBRegDiscreteCB  port.o
    0x08006bf4   0x08006bf4   0x00000070   Code   RO         4680    i.eMBRegHoldingCB   port.o
    0x08006c64   0x08006c64   0x00000040   Code   RO         4681    i.eMBRegInputCB     port.o
    0x08006ca4   0x08006ca4   0x00000016   Code   RO         4972    i.ee_CheckOk        eerpom.o
    0x08006cba   0x08006cba   0x00000076   Code   RO         4973    i.ee_ReadBytes      eerpom.o
    0x08006d30   0x08006d30   0x0000007e   Code   RO         4974    i.ee_WriteBytes     eerpom.o
    0x08006dae   0x08006dae   0x00000002   PAD
    0x08006db0   0x08006db0   0x00000018   Code   RO          635    i.fputc             usart.o
    0x08006dc8   0x08006dc8   0x00000028   Code   RO         4894    i.i2c_Ack           iic.o
    0x08006df0   0x08006df0   0x00000060   Code   RO         4895    i.i2c_CfgGpio       iic.o
    0x08006e50   0x08006e50   0x00000020   Code   RO         4896    i.i2c_CheckDevice   iic.o
    0x08006e70   0x08006e70   0x0000000c   Code   RO         4897    i.i2c_Delay         iic.o
    0x08006e7c   0x08006e7c   0x00000028   Code   RO         4898    i.i2c_NAck          iic.o
    0x08006ea4   0x08006ea4   0x0000003c   Code   RO         4899    i.i2c_ReadByte      iic.o
    0x08006ee0   0x08006ee0   0x00000040   Code   RO         4900    i.i2c_SendByte      iic.o
    0x08006f20   0x08006f20   0x0000002c   Code   RO         4901    i.i2c_Start         iic.o
    0x08006f4c   0x08006f4c   0x00000020   Code   RO         4902    i.i2c_Stop          iic.o
    0x08006f6c   0x08006f6c   0x0000003c   Code   RO         4903    i.i2c_WaitAck       iic.o
    0x08006fa8   0x08006fa8   0x000000c4   Code   RO           16    i.main              main.o
    0x0800706c   0x0800706c   0x00000064   Code   RO          313    i.mbTask            freertos.o
    0x080070d0   0x080070d0   0x00000058   Code   RO         5218    i.my_mem_free       malloc.o
    0x08007128   0x08007128   0x0000003c   Code   RO         5219    i.my_mem_init       malloc.o
    0x08007164   0x08007164   0x0000008c   Code   RO         5220    i.my_mem_malloc     malloc.o
    0x080071f0   0x080071f0   0x00000038   Code   RO         5221    i.my_mem_perused    malloc.o
    0x08007228   0x08007228   0x00000038   Code   RO         5222    i.myfree            malloc.o
    0x08007260   0x08007260   0x00000020   Code   RO         5223    i.mymalloc          malloc.o
    0x08007280   0x08007280   0x0000000c   Code   RO         5225    i.mymemset          malloc.o
    0x0800728c   0x0800728c   0x00000034   Code   RO         6594    i.osDelay           cmsis_os2.o
    0x080072c0   0x080072c0   0x00000038   Code   RO         6608    i.osKernelInitialize  cmsis_os2.o
    0x080072f8   0x080072f8   0x00000040   Code   RO         6611    i.osKernelStart     cmsis_os2.o
    0x08007338   0x08007338   0x00000074   Code   RO         6619    i.osMessageQueueNew  cmsis_os2.o
    0x080073ac   0x080073ac   0x0000006c   Code   RO         6622    i.osMutexAcquire    cmsis_os2.o
    0x08007418   0x08007418   0x0000005c   Code   RO         6626    i.osMutexRelease    cmsis_os2.o
    0x08007474   0x08007474   0x000000a4   Code   RO         6645    i.osThreadNew       cmsis_os2.o
    0x08007518   0x08007518   0x00000084   Code   RO         6654    i.osTimerNew        cmsis_os2.o
    0x0800759c   0x0800759c   0x0000004c   Code   RO         6655    i.osTimerStart      cmsis_os2.o
    0x080075e8   0x080075e8   0x0000005c   Code   RO         6090    i.prvAddCurrentTaskToDelayedList  tasks.o
    0x08007644   0x08007644   0x000000d0   Code   RO         6091    i.prvAddNewTaskToReadyList  tasks.o
    0x08007714   0x08007714   0x00000058   Code   RO         6440    i.prvCheckForValidListAndQueue  timers.o
    0x0800776c   0x0800776c   0x00000026   Code   RO         5696    i.prvCopyDataFromQueue  queue.o
    0x08007792   0x08007792   0x0000006c   Code   RO         5697    i.prvCopyDataToQueue  queue.o
    0x080077fe   0x080077fe   0x00000034   Code   RO         6092    i.prvDeleteTCB      tasks.o
    0x08007832   0x08007832   0x00000002   PAD
    0x08007834   0x08007834   0x0000004c   Code   RO         7015    i.prvHeapInit       heap_4.o
    0x08007880   0x08007880   0x0000005c   Code   RO         6093    i.prvIdleTask       tasks.o
    0x080078dc   0x080078dc   0x00000020   Code   RO         5699    i.prvInitialiseNewQueue  queue.o
    0x080078fc   0x080078fc   0x0000009c   Code   RO         6094    i.prvInitialiseNewTask  tasks.o
    0x08007998   0x08007998   0x00000044   Code   RO         6441    i.prvInitialiseNewTimer  timers.o
    0x080079dc   0x080079dc   0x0000004c   Code   RO         7016    i.prvInsertBlockIntoFreeList  heap_4.o
    0x08007a28   0x08007a28   0x00000038   Code   RO         6442    i.prvInsertTimerInActiveList  timers.o
    0x08007a60   0x08007a60   0x0000001a   Code   RO         5700    i.prvIsQueueEmpty   queue.o
    0x08007a7a   0x08007a7a   0x00000002   PAD
    0x08007a7c   0x08007a7c   0x000000cc   Code   RO         6443    i.prvProcessReceivedCommands  timers.o
    0x08007b48   0x08007b48   0x000000b4   Code   RO         6444    i.prvProcessTimerOrBlockTask  timers.o
    0x08007bfc   0x08007bfc   0x00000020   Code   RO         6096    i.prvResetNextTaskUnblockTime  tasks.o
    0x08007c1c   0x08007c1c   0x00000028   Code   RO         6445    i.prvSampleTimeNow  timers.o
    0x08007c44   0x08007c44   0x0000006c   Code   RO         6446    i.prvSwitchTimerLists  timers.o
    0x08007cb0   0x08007cb0   0x00000014   Code   RO         6097    i.prvTaskCheckFreeStackSpace  tasks.o
    0x08007cc4   0x08007cc4   0x00000028   Code   RO         7066    i.prvTaskExitError  port_1.o
    0x08007cec   0x08007cec   0x00000028   Code   RO         6447    i.prvTimerTask      timers.o
    0x08007d14   0x08007d14   0x0000006a   Code   RO         5701    i.prvUnlockQueue    queue.o
    0x08007d7e   0x08007d7e   0x00000018   Code   RO         4407    i.prveMBError2Exception  mbutils.o
    0x08007d96   0x08007d96   0x00000002   PAD
    0x08007d98   0x08007d98   0x0000000c   Code   RO         4852    i.prvvTIMERExpiredISR  porttimer.o
    0x08007da4   0x08007da4   0x0000000c   Code   RO         4788    i.prvvUARTRxISR     portserial.o
    0x08007db0   0x08007db0   0x0000000c   Code   RO         4789    i.prvvUARTTxReadyISR  portserial.o
    0x08007dbc   0x08007dbc   0x000000d8   Code   RO         7017    i.pvPortMalloc      heap_4.o
    0x08007e94   0x08007e94   0x00000018   Code   RO         6099    i.pvTaskIncrementMutexHeldCount  tasks.o
    0x08007eac   0x08007eac   0x00000024   Code   RO         6448    i.pvTimerGetTimerID  timers.o
    0x08007ed0   0x08007ed0   0x00000024   Code   RO         7067    i.pxPortInitialiseStack  port_1.o
    0x08007ef4   0x08007ef4   0x0000002c   Code   RO         4476    i.usMBCRC16         mbcrc.o
    0x08007f20   0x08007f20   0x00000026   Code   RO         5656    i.uxListRemove      list.o
    0x08007f46   0x08007f46   0x00000002   PAD
    0x08007f48   0x08007f48   0x00000010   Code   RO         6102    i.uxTaskGetStackHighWaterMark  tasks.o
    0x08007f58   0x08007f58   0x00000014   Code   RO         6657    i.vApplicationGetIdleTaskMemory  cmsis_os2.o
    0x08007f6c   0x08007f6c   0x00000014   Code   RO         6658    i.vApplicationGetTimerTaskMemory  cmsis_os2.o
    0x08007f80   0x08007f80   0x00000016   Code   RO         5657    i.vListInitialise   list.o
    0x08007f96   0x08007f96   0x00000006   Code   RO         5658    i.vListInitialiseItem  list.o
    0x08007f9c   0x08007f9c   0x00000030   Code   RO         5659    i.vListInsert       list.o
    0x08007fcc   0x08007fcc   0x00000018   Code   RO         5660    i.vListInsertEnd    list.o
    0x08007fe4   0x08007fe4   0x00000030   Code   RO         4790    i.vMBPortSerialEnable  portserial.o
    0x08008014   0x08008014   0x0000003c   Code   RO         4882    i.vMBPortTimersDisable  porttimer.o
    0x08008050   0x08008050   0x0000002c   Code   RO         4876    i.vMBPortTimersEnable  porttimer.o
    0x0800807c   0x0800807c   0x00000040   Code   RO         7069    i.vPortEnterCritical  port_1.o
    0x080080bc   0x080080bc   0x00000028   Code   RO         7070    i.vPortExitCritical  port_1.o
    0x080080e4   0x080080e4   0x0000005c   Code   RO         7018    i.vPortFree         heap_4.o
    0x08008140   0x08008140   0x00000024   Code   RO         7071    i.vPortSetupTimerInterrupt  port_1.o
    0x08008164   0x08008164   0x00000054   Code   RO         7072    i.vPortValidateInterruptPriority  port_1.o
    0x080081b8   0x080081b8   0x00000024   Code   RO         5707    i.vQueueAddToRegistry  queue.o
    0x080081dc   0x080081dc   0x00000044   Code   RO         5711    i.vQueueWaitForMessageRestricted  queue.o
    0x08008220   0x08008220   0x0000004c   Code   RO         6108    i.vTaskDelay        tasks.o
    0x0800826c   0x0800826c   0x00000010   Code   RO         6113    i.vTaskInternalSetTimeOutState  tasks.o
    0x0800827c   0x0800827c   0x0000000c   Code   RO         6114    i.vTaskMissedYield  tasks.o
    0x08008288   0x08008288   0x00000030   Code   RO         6116    i.vTaskPlaceOnEventList  tasks.o
    0x080082b8   0x080082b8   0x00000038   Code   RO         6117    i.vTaskPlaceOnEventListRestricted  tasks.o
    0x080082f0   0x080082f0   0x00000090   Code   RO         6119    i.vTaskPriorityDisinheritAfterTimeout  tasks.o
    0x08008380   0x08008380   0x00000084   Code   RO         6125    i.vTaskStartScheduler  tasks.o
    0x08008404   0x08008404   0x00000010   Code   RO         6127    i.vTaskSuspendAll   tasks.o
    0x08008414   0x08008414   0x00000064   Code   RO         6128    i.vTaskSwitchContext  tasks.o
    0x08008478   0x08008478   0x0000001c   Code   RO         4750    i.xMBPortEventGet   portevent.o
    0x08008494   0x08008494   0x00000010   Code   RO         4751    i.xMBPortEventInit  portevent.o
    0x080084a4   0x080084a4   0x00000010   Code   RO         4752    i.xMBPortEventPost  portevent.o
    0x080084b4   0x080084b4   0x00000020   Code   RO         4791    i.xMBPortSerialGetByte  portserial.o
    0x080084d4   0x080084d4   0x00000068   Code   RO         4792    i.xMBPortSerialInit  portserial.o
    0x0800853c   0x0800853c   0x0000001c   Code   RO         4793    i.xMBPortSerialPutByte  portserial.o
    0x08008558   0x08008558   0x000000a4   Code   RO         4853    i.xMBPortTimersInit  porttimer.o
    0x080085fc   0x080085fc   0x00000068   Code   RO         4513    i.xMBRTUReceiveFSM  mbrtu.o
    0x08008664   0x08008664   0x00000040   Code   RO         4514    i.xMBRTUTimerT35Expired  mbrtu.o
    0x080086a4   0x080086a4   0x0000005c   Code   RO         4515    i.xMBRTUTransmitFSM  mbrtu.o
    0x08008700   0x08008700   0x000000a8   Code   RO         7073    i.xPortStartScheduler  port_1.o
    0x080087a8   0x080087a8   0x00000048   Code   RO         5716    i.xQueueGenericCreate  queue.o
    0x080087f0   0x080087f0   0x00000066   Code   RO         5717    i.xQueueGenericCreateStatic  queue.o
    0x08008856   0x08008856   0x00000002   PAD
    0x08008858   0x08008858   0x00000088   Code   RO         5718    i.xQueueGenericReset  queue.o
    0x080088e0   0x080088e0   0x00000164   Code   RO         5719    i.xQueueGenericSend  queue.o
    0x08008a44   0x08008a44   0x000000bc   Code   RO         5720    i.xQueueGenericSendFromISR  queue.o
    0x08008b00   0x08008b00   0x0000003e   Code   RO         5724    i.xQueueGiveMutexRecursive  queue.o
    0x08008b3e   0x08008b3e   0x00000002   PAD
    0x08008b40   0x08008b40   0x00000138   Code   RO         5729    i.xQueueReceive     queue.o
    0x08008c78   0x08008c78   0x00000178   Code   RO         5731    i.xQueueSemaphoreTake  queue.o
    0x08008df0   0x08008df0   0x00000040   Code   RO         5732    i.xQueueTakeMutexRecursive  queue.o
    0x08008e30   0x08008e30   0x00000074   Code   RO         6129    i.xTaskCheckForTimeOut  tasks.o
    0x08008ea4   0x08008ea4   0x0000005a   Code   RO         6130    i.xTaskCreate       tasks.o
    0x08008efe   0x08008efe   0x0000005a   Code   RO         6131    i.xTaskCreateStatic  tasks.o
    0x08008f58   0x08008f58   0x0000000c   Code   RO         6134    i.xTaskGetCurrentTaskHandle  tasks.o
    0x08008f64   0x08008f64   0x0000001c   Code   RO         6135    i.xTaskGetSchedulerState  tasks.o
    0x08008f80   0x08008f80   0x0000000c   Code   RO         6136    i.xTaskGetTickCount  tasks.o
    0x08008f8c   0x08008f8c   0x000000c8   Code   RO         6138    i.xTaskIncrementTick  tasks.o
    0x08009054   0x08009054   0x0000007c   Code   RO         6141    i.xTaskPriorityDisinherit  tasks.o
    0x080090d0   0x080090d0   0x0000007c   Code   RO         6142    i.xTaskPriorityInherit  tasks.o
    0x0800914c   0x0800914c   0x00000070   Code   RO         6143    i.xTaskRemoveFromEventList  tasks.o
    0x080091bc   0x080091bc   0x000000c0   Code   RO         6144    i.xTaskResumeAll    tasks.o
    0x0800927c   0x0800927c   0x00000034   Code   RO         6452    i.xTimerCreate      timers.o
    0x080092b0   0x080092b0   0x0000002e   Code   RO         6453    i.xTimerCreateStatic  timers.o
    0x080092de   0x080092de   0x00000002   PAD
    0x080092e0   0x080092e0   0x00000060   Code   RO         6454    i.xTimerCreateTimerTask  timers.o
    0x08009340   0x08009340   0x00000064   Code   RO         6455    i.xTimerGenericCommand  timers.o
    0x080093a4   0x080093a4   0x00000124   Data   RO          314    .constdata          freertos.o
    0x080094c8   0x080094c8   0x00000012   Data   RO         1463    .constdata          stm32f1xx_hal_rcc.o
    0x080094da   0x080094da   0x00000012   Data   RO         1555    .constdata          stm32f1xx_hal_rcc_ex.o
    0x080094ec   0x080094ec   0x00000010   Data   RO         4184    .constdata          system_stm32f1xx.o
    0x080094fc   0x080094fc   0x00000008   Data   RO         4185    .constdata          system_stm32f1xx.o
    0x08009504   0x08009504   0x00000200   Data   RO         4477    .constdata          mbcrc.o
    0x08009704   0x08009704   0x00000030   Data   RO         5107    .constdata          appmange.o
    0x08009734   0x08009734   0x00000018   Data   RO         5231    .constdata          malloc.o
    0x0800974c   0x0800974c   0x00001420   Data   RO         5388    .constdata          paratask.o
    0x0800ab6c   0x0800ab6c   0x0000006f   Data   RO          315    .conststring        freertos.o
    0x0800abdb   0x0800abdb   0x00000001   PAD
    0x0800abdc   0x0800abdc   0x00000020   Data   RO         7489    Region$$Table       anon$$obj.o


    Execution Region RW_IRAM1 (Exec base: 0x20000000, Load base: 0x0800abfc, Size: 0x00005158, Max: 0x0000c000, ABSOLUTE, COMPRESSED[0x00000074])

    Exec Addr    Load Addr    Size         Type   Attr      Idx    E Section Name        Object

    0x20000000   COMPRESSED   0x00000038   Data   RW          316    .data               freertos.o
    0x20000038   COMPRESSED   0x00000007   Data   RW          472    .data               rtc.o
    0x2000003f   COMPRESSED   0x00000001   PAD
    0x20000040   COMPRESSED   0x00000002   Data   RW          714    .data               stm32f1xx_it.o
    0x20000042   COMPRESSED   0x00000002   PAD
    0x20000044   COMPRESSED   0x0000000c   Data   RW         1300    .data               stm32f1xx_hal.o
    0x20000050   COMPRESSED   0x00000004   Data   RW         4186    .data               system_stm32f1xx.o
    0x20000054   COMPRESSED   0x00000004   Data   RW         4342    .data               mbfuncholding.o
    0x20000058   COMPRESSED   0x00000002   Data   RW         4446    .data               mbfuncother.o
    0x2000005a   COMPRESSED   0x00000002   PAD
    0x2000005c   COMPRESSED   0x0000000c   Data   RW         4517    .data               mbrtu.o
    0x20000068   COMPRESSED   0x000000ac   Data   RW         4614    .data               mb.o
    0x20000114   COMPRESSED   0x00000018   Data   RW         4684    .data               port.o
    0x2000012c   COMPRESSED   0x00000002   Data   RW         4753    .data               portevent.o
    0x2000012e   COMPRESSED   0x00000002   PAD
    0x20000130   COMPRESSED   0x00000008   Data   RW         5036    .data               contrl.o
    0x20000138   COMPRESSED   0x00000040   Data   RW         5108    .data               appmange.o
    0x20000178   COMPRESSED   0x00000020   Data   RW         5232    .data               malloc.o
    0x20000198   COMPRESSED   0x00000002   Data   RW         5332    .data               flow.o
    0x2000019a   COMPRESSED   0x00000004   Data   RW         5389    .data               paratask.o
    0x2000019e   COMPRESSED   0x00000002   PAD
    0x200001a0   COMPRESSED   0x0000003c   Data   RW         6147    .data               tasks.o
    0x200001dc   COMPRESSED   0x00000014   Data   RW         6463    .data               timers.o
    0x200001f0   COMPRESSED   0x00000004   Data   RW         6660    .data               cmsis_os2.o
    0x200001f4   COMPRESSED   0x00000018   Data   RW         7023    .data               heap_4.o
    0x2000020c   COMPRESSED   0x0000000c   Data   RW         7074    .data               port_1.o
    0x20000218   COMPRESSED   0x00000004   Data   RW         7471    .data               mc_w.l(stdout.o)
    0x2000021c        -       0x00000074   Zero   RW          404    .bss                adc.o
    0x20000290        -       0x00000014   Zero   RW          471    .bss                rtc.o
    0x200002a4        -       0x00000058   Zero   RW          524    .bss                spi.o
    0x200002fc        -       0x000000d8   Zero   RW          574    .bss                tim.o
    0x200003d4        -       0x00000090   Zero   RW          636    .bss                usart.o
    0x20000464        -       0x00000048   Zero   RW          834    .bss                stm32f1xx_hal_timebase_tim.o
    0x200004ac        -       0x00000020   Zero   RW         4445    .bss                mbfuncother.o
    0x200004cc        -       0x00000100   Zero   RW         4516    .bss                mbrtu.o
    0x200005cc        -       0x000002fe   Zero   RW         4682    .bss                port.o
    0x200008ca        -       0x00000166   Zero   RW         4683    .bss                port.o
    0x20000a30        -       0x00000150   Zero   RW         5106    .bss                appmange.o
    0x20000b80        -       0x00002000   Zero   RW         5229    .bss                malloc.o
    0x20002b80        -       0x00000800   Zero   RW         5230    .bss                malloc.o
    0x20003380        -       0x00000040   Zero   RW         5733    .bss                queue.o
    0x200033c0        -       0x000004c4   Zero   RW         6146    .bss                tasks.o
    0x20003884        -       0x00000118   Zero   RW         6462    .bss                timers.o
    0x2000399c        -       0x000003b8   Zero   RW         6659    .bss                cmsis_os2.o
    0x20003d54        -       0x00001000   Zero   RW         7022    .bss                heap_4.o
    0x20004d54   COMPRESSED   0x00000004   PAD
    0x20004d58        -       0x00000400   Zero   RW            1    STACK               startup_stm32f103xe.o



  Load Region LR$$.ARM.__AT_0x68000000 (Base: 0x68000000, Size: 0x00000000, Max: 0x00002000, ABSOLUTE)

    Execution Region ER$$.ARM.__AT_0x68000000 (Exec base: 0x68000000, Load base: 0x68000000, Size: 0x00002000, Max: 0x00002000, ABSOLUTE, UNINIT)

    Exec Addr    Load Addr    Size         Type   Attr      Idx    E Section Name        Object

    0x68000000        -       0x00002000   Zero   RW         5227    .ARM.__AT_0x68000000  malloc.o



  Load Region LR$$.ARM.__AT_0x68002000 (Base: 0x68002000, Size: 0x00000000, Max: 0x00000800, ABSOLUTE)

    Execution Region ER$$.ARM.__AT_0x68002000 (Exec base: 0x68002000, Load base: 0x68002000, Size: 0x00000800, Max: 0x00000800, ABSOLUTE, UNINIT)

    Exec Addr    Load Addr    Size         Type   Attr      Idx    E Section Name        Object

    0x68002000        -       0x00000800   Zero   RW         5228    .ARM.__AT_0x68002000  malloc.o


==============================================================================

Image component sizes


      Code (inc. data)   RO Data    RW Data    ZI Data      Debug   Object Name

       292         32          0          0        116       1711   adc.o
      4008        264         48         64        336      14031   appmange.o
       924         60          0          4        952      22496   cmsis_os2.o
       496         52          0          8          0      16741   contrl.o
         0          0          0          0          0       2620   croutine.o
        28          6          0          0          0        690   dma.o
       402          0          0          0          0       3309   eerpom.o
         0          0          0          0          0      18588   event_groups.o
       816         58          0          2          0       5034   flow.o
       416        128        403         56          0       4332   freertos.o
       312         22          0          0          0       1003   gpio.o
       460         24          0         24       4096       4615   heap_4.o
       480         44          0          0          0       5006   iic.o
       138          0          0          0          0       3258   list.o
       354         28          0          0          0     536857   main.o
       444         48         24         32      20480      14201   malloc.o
       340         42          0        172          0       3844   mb.o
         0          0          0          0          0       5185   mbascii.o
        44          6        512          0          0       1092   mbcrc.o
       300          0          0          0          0       3770   mbfunccoils.o
       114          0          0          0          0       1568   mbfuncdisc.o
       388          6          0          4          0       5486   mbfuncholding.o
        98          0          0          0          0       1539   mbfuncinput.o
        36         10          0          2         32       1251   mbfuncother.o
       592         48          0         12        256       9643   mbrtu.o
        24          0          0          0          0        576   mbutils.o
       696        166       5152          4          0       4736   paratask.o
       664         76          0         24       1124      18272   port.o
       662         68          0         12          0      10517   port_1.o
        60         14          0          2          0       1864   portevent.o
       236         40          0          0          0       4706   portserial.o
       280         28          0          0          0       1991   porttimer.o
      2082         22          0          0         64      21082   queue.o
       156         20          0          7         20       1634   rtc.o
       220         26          0          0         88       2066   spi.o
        36          8        304          0       1024        780   startup_stm32f103xe.o
       100         18          0         12          0       5682   stm32f1xx_hal.o
      1354         58          0          0          0       9710   stm32f1xx_hal_adc.o
       218          6          0          0          0       1951   stm32f1xx_hal_adc_ex.o
       158         14          0          0          0      28042   stm32f1xx_hal_cortex.o
      1236         52          0          0          0       4950   stm32f1xx_hal_dma.o
       516         42          0          0          0       3391   stm32f1xx_hal_gpio.o
        72         10          0          0          0        822   stm32f1xx_hal_msp.o
        12          4          0          0          0        491   stm32f1xx_hal_pwr.o
      1308         94         18          0          0       5717   stm32f1xx_hal_rcc.o
       416         30         18          0          0       2529   stm32f1xx_hal_rcc_ex.o
      1402         14          0          0          0      12444   stm32f1xx_hal_rtc.o
       882          4          0          0          0       4617   stm32f1xx_hal_spi.o
      1936         84          0          0          0      16527   stm32f1xx_hal_tim.o
       128         20          0          0          0       2389   stm32f1xx_hal_tim_ex.o
       116         18          0          0         72     517875   stm32f1xx_hal_timebase_tim.o
      1478         10          0          0          0       9357   stm32f1xx_hal_uart.o
       388         58          0          2          0       6582   stm32f1xx_it.o
         0          0          0          0          0       8908   stream_buffer.o
         2          0         24          4          0       1047   system_stm32f1xx.o
      2392        196          0         60       1220      26711   tasks.o
       504         52          0          0        216       3067   tim.o
      1114         84          0         20        280      29391   timers.o
       344         44          0          0        144       2891   usart.o

    ----------------------------------------------------------------------
     32732       2258       6536        536      30524    1461185   Object Totals
         0          0         32          0          0          0   (incl. Generated)
        58          0          1          9          4          0   (incl. Padding)

    ----------------------------------------------------------------------

      Code (inc. data)   RO Data    RW Data    ZI Data      Debug   Library Member Name

        86          0          0          0          0          0   __dczerorl2.o
         0          0          0          0          0          0   entry.o
         0          0          0          0          0          0   entry10a.o
         0          0          0          0          0          0   entry11a.o
         8          4          0          0          0          0   entry2.o
         4          0          0          0          0          0   entry5.o
         0          0          0          0          0          0   entry7b.o
         0          0          0          0          0          0   entry8b.o
         8          4          0          0          0          0   entry9a.o
        30          0          0          0          0          0   handlers.o
        36          8          0          0          0         68   init.o
         0          0          0          0          0          0   iusefp.o
        30          0          0          0          0         68   llshl.o
        36          0          0          0          0         68   llsshr.o
        32          0          0          0          0         68   llushr.o
        36          0          0          0          0         68   memcpya.o
        36          0          0          0          0        108   memseta.o
      2226         90          0          0          0        444   printfa.o
         0          0          0          4          0          0   stdout.o
        44          0          0          0          0         80   uidiv.o
        98          0          0          0          0         92   uldiv.o
        48          0          0          0          0         68   cdcmple.o
        48          0          0          0          0         68   cdrcmple.o
        20          0          0          0          0         68   cfcmple.o
        20          0          0          0          0         68   cfrcmple.o
        56          0          0          0          0         88   d2f.o
       334          0          0          0          0        148   dadd.o
       222          0          0          0          0        100   ddiv.o
       186          0          0          0          0        176   depilogue.o
        62          0          0          0          0         80   dfixi.o
        48          0          0          0          0         68   dfixul.o
        34          0          0          0          0         76   dflti.o
        26          0          0          0          0         76   dfltui.o
       228          0          0          0          0         96   dmul.o
        46          0          0          0          0         80   dscalb.o
        38          0          0          0          0         68   f2d.o
       176          0          0          0          0        140   fadd.o
       124          0          0          0          0         88   fdiv.o
       110          0          0          0          0        168   fepilogue.o
        50          0          0          0          0         68   ffixi.o
        40          0          0          0          0         68   ffixui.o
        18          0          0          0          0         68   fflti.o
        10          0          0          0          0         68   ffltui.o
       100          0          0          0          0         76   fmul.o

    ----------------------------------------------------------------------
      4760        106          0          4          0       3136   Library Totals
         6          0          0          0          0          0   (incl. Padding)

    ----------------------------------------------------------------------

      Code (inc. data)   RO Data    RW Data    ZI Data      Debug   Library Name

      2710        106          0          4          0       1064   mc_w.l
      2044          0          0          0          0       2072   mf_w.l

    ----------------------------------------------------------------------
      4760        106          0          4          0       3136   Library Totals

    ----------------------------------------------------------------------

==============================================================================


      Code (inc. data)   RO Data    RW Data    ZI Data      Debug   

     37492       2364       6536        540      30524    1446353   Grand Totals
     37492       2364       6536        116      30524    1446353   ELF Image Totals (compressed)
     37492       2364       6536        116          0          0   ROM Totals

==============================================================================

    Total RO  Size (Code + RO Data)                44028 (  43.00kB)
    Total RW  Size (RW Data + ZI Data)             31064 (  30.34kB)
    Total ROM Size (Code + RO Data + RW Data)      44144 (  43.11kB)

==============================================================================

